Archive member included to satisfy reference by file (symbol)

c:/st/stm32cubeide_1.7.0/stm32cubeide/plugins/com.st.stm32cube.ide.mcu.externaltools.gnu-tools-for-stm32.9-2020-q2-update.win32_2.0.0.202105311346/tools/bin/../lib/gcc/arm-none-eabi/9.3.1/../../../../arm-none-eabi/lib/thumb/v7e-m+dp/hard\libc_nano.a(lib_a-errno.o)
                              ./Core/Src/syscalls.o (__errno)
c:/st/stm32cubeide_1.7.0/stm32cubeide/plugins/com.st.stm32cube.ide.mcu.externaltools.gnu-tools-for-stm32.9-2020-q2-update.win32_2.0.0.202105311346/tools/bin/../lib/gcc/arm-none-eabi/9.3.1/../../../../arm-none-eabi/lib/thumb/v7e-m+dp/hard\libc_nano.a(lib_a-exit.o)
                              c:/st/stm32cubeide_1.7.0/stm32cubeide/plugins/com.st.stm32cube.ide.mcu.externaltools.gnu-tools-for-stm32.9-2020-q2-update.win32_2.0.0.202105311346/tools/bin/../lib/gcc/arm-none-eabi/9.3.1/../../../../arm-none-eabi/lib/thumb/v7e-m+dp/hard/crt0.o (exit)
c:/st/stm32cubeide_1.7.0/stm32cubeide/plugins/com.st.stm32cube.ide.mcu.externaltools.gnu-tools-for-stm32.9-2020-q2-update.win32_2.0.0.202105311346/tools/bin/../lib/gcc/arm-none-eabi/9.3.1/../../../../arm-none-eabi/lib/thumb/v7e-m+dp/hard\libc_nano.a(lib_a-findfp.o)
                              ./Middlewares/Third_Party/FreeRTOS/tasks.o (__sf_fake_stderr)
c:/st/stm32cubeide_1.7.0/stm32cubeide/plugins/com.st.stm32cube.ide.mcu.externaltools.gnu-tools-for-stm32.9-2020-q2-update.win32_2.0.0.202105311346/tools/bin/../lib/gcc/arm-none-eabi/9.3.1/../../../../arm-none-eabi/lib/thumb/v7e-m+dp/hard\libc_nano.a(lib_a-fwalk.o)
                              c:/st/stm32cubeide_1.7.0/stm32cubeide/plugins/com.st.stm32cube.ide.mcu.externaltools.gnu-tools-for-stm32.9-2020-q2-update.win32_2.0.0.202105311346/tools/bin/../lib/gcc/arm-none-eabi/9.3.1/../../../../arm-none-eabi/lib/thumb/v7e-m+dp/hard\libc_nano.a(lib_a-findfp.o) (_fwalk)
c:/st/stm32cubeide_1.7.0/stm32cubeide/plugins/com.st.stm32cube.ide.mcu.externaltools.gnu-tools-for-stm32.9-2020-q2-update.win32_2.0.0.202105311346/tools/bin/../lib/gcc/arm-none-eabi/9.3.1/../../../../arm-none-eabi/lib/thumb/v7e-m+dp/hard\libc_nano.a(lib_a-impure.o)
                              c:/st/stm32cubeide_1.7.0/stm32cubeide/plugins/com.st.stm32cube.ide.mcu.externaltools.gnu-tools-for-stm32.9-2020-q2-update.win32_2.0.0.202105311346/tools/bin/../lib/gcc/arm-none-eabi/9.3.1/../../../../arm-none-eabi/lib/thumb/v7e-m+dp/hard\libc_nano.a(lib_a-exit.o) (_global_impure_ptr)
c:/st/stm32cubeide_1.7.0/stm32cubeide/plugins/com.st.stm32cube.ide.mcu.externaltools.gnu-tools-for-stm32.9-2020-q2-update.win32_2.0.0.202105311346/tools/bin/../lib/gcc/arm-none-eabi/9.3.1/../../../../arm-none-eabi/lib/thumb/v7e-m+dp/hard\libc_nano.a(lib_a-init.o)
                              c:/st/stm32cubeide_1.7.0/stm32cubeide/plugins/com.st.stm32cube.ide.mcu.externaltools.gnu-tools-for-stm32.9-2020-q2-update.win32_2.0.0.202105311346/tools/bin/../lib/gcc/arm-none-eabi/9.3.1/../../../../arm-none-eabi/lib/thumb/v7e-m+dp/hard/crt0.o (__libc_init_array)
c:/st/stm32cubeide_1.7.0/stm32cubeide/plugins/com.st.stm32cube.ide.mcu.externaltools.gnu-tools-for-stm32.9-2020-q2-update.win32_2.0.0.202105311346/tools/bin/../lib/gcc/arm-none-eabi/9.3.1/../../../../arm-none-eabi/lib/thumb/v7e-m+dp/hard\libc_nano.a(lib_a-lock.o)
                              c:/st/stm32cubeide_1.7.0/stm32cubeide/plugins/com.st.stm32cube.ide.mcu.externaltools.gnu-tools-for-stm32.9-2020-q2-update.win32_2.0.0.202105311346/tools/bin/../lib/gcc/arm-none-eabi/9.3.1/../../../../arm-none-eabi/lib/thumb/v7e-m+dp/hard\libc_nano.a(lib_a-findfp.o) (__retarget_lock_init_recursive)
c:/st/stm32cubeide_1.7.0/stm32cubeide/plugins/com.st.stm32cube.ide.mcu.externaltools.gnu-tools-for-stm32.9-2020-q2-update.win32_2.0.0.202105311346/tools/bin/../lib/gcc/arm-none-eabi/9.3.1/../../../../arm-none-eabi/lib/thumb/v7e-m+dp/hard\libc_nano.a(lib_a-memcpy-stub.o)
                              ./Middlewares/Third_Party/FreeRTOS/cmsis_os2.o (memcpy)
c:/st/stm32cubeide_1.7.0/stm32cubeide/plugins/com.st.stm32cube.ide.mcu.externaltools.gnu-tools-for-stm32.9-2020-q2-update.win32_2.0.0.202105311346/tools/bin/../lib/gcc/arm-none-eabi/9.3.1/../../../../arm-none-eabi/lib/thumb/v7e-m+dp/hard\libc_nano.a(lib_a-memset.o)
                              c:/st/stm32cubeide_1.7.0/stm32cubeide/plugins/com.st.stm32cube.ide.mcu.externaltools.gnu-tools-for-stm32.9-2020-q2-update.win32_2.0.0.202105311346/tools/bin/../lib/gcc/arm-none-eabi/9.3.1/../../../../arm-none-eabi/lib/thumb/v7e-m+dp/hard/crt0.o (memset)
c:/st/stm32cubeide_1.7.0/stm32cubeide/plugins/com.st.stm32cube.ide.mcu.externaltools.gnu-tools-for-stm32.9-2020-q2-update.win32_2.0.0.202105311346/tools/bin/../lib/gcc/arm-none-eabi/9.3.1/../../../../arm-none-eabi/lib/thumb/v7e-m+dp/hard\libc_nano.a(lib_a-nano-mallocr.o)
[...]
Memory Configuration

Name             Origin             Length             Attributes
RAM_D1           0x0000000024000000 0x0000000000080000 xrw
FLASH            0x0000000008000000 0x0000000000100000 xr
DTCMRAM          0x0000000020000000 0x0000000000020000 xrw
RAM_D2           0x0000000030000000 0x0000000000048000 xrw
RAM_D3           0x0000000038000000 0x0000000000010000 xrw
ITCMRAM          0x0000000000000000 0x0000000000010000 xrw
*default*        0x0000000000000000 0xffffffffffffffff

Linker script and memory map

LOAD c:/st/stm32cubeide_1.7.0/stm32cubeide/plugins/com.st.stm32cube.ide.mcu.externaltools.gnu-tools-for-stm32.9-2020-q2-update.win32_2.0.0.202105311346/tools/bin/../lib/gcc/arm-none-eabi/9.3.1/thumb/v7e-m+dp/hard/crti.o
LOAD c:/st/stm32cubeide_1.7.0/stm32cubeide/plugins/com.st.stm32cube.ide.mcu.externaltools.gnu-tools-for-stm32.9-2020-q2-update.win32_2.0.0.202105311346/tools/bin/../lib/gcc/arm-none-eabi/9.3.1/thumb/v7e-m+dp/hard/crtbegin.o
LOAD c:/st/stm32cubeide_1.7.0/stm32cubeide/plugins/com.st.stm32cube.ide.mcu.externaltools.gnu-tools-for-stm32.9-2020-q2-update.win32_2.0.0.202105311346/tools/bin/../lib/gcc/arm-none-eabi/9.3.1/../../../../arm-none-eabi/lib/thumb/v7e-m+dp/hard/crt0.o
LOAD ./Common/Src/system_stm32h7xx_dualcore_boot_cm4_cm7.o
LOAD ./Core/Src/dma.o
LOAD ./Core/Src/freertos.o
LOAD ./Core/Src/gpio.o
LOAD ./Core/Src/main.o
LOAD ./Core/Src/stm32h7xx_hal_msp.o
LOAD ./Core/Src/stm32h7xx_hal_timebase_tim.o
LOAD ./Core/Src/stm32h7xx_it.o
LOAD ./Core/Src/syscalls.o
LOAD ./Core/Src/sysmem.o
LOAD ./Core/Src/usart.o
LOAD ./Core/Startup/startup_stm32h745zitx.o
LOAD ./Drivers/STM32H7xx_HAL_Driver/stm32h7xx_hal.o
LOAD ./Drivers/STM32H7xx_HAL_Driver/stm32h7xx_hal_cortex.o
LOAD ./Drivers/STM32H7xx_HAL_Driver/stm32h7xx_hal_dma.o
LOAD ./Drivers/STM32H7xx_HAL_Driver/stm32h7xx_hal_dma_ex.o
LOAD ./Drivers/STM32H7xx_HAL_Driver/stm32h7xx_hal_exti.o
LOAD ./Drivers/STM32H7xx_HAL_Driver/stm32h7xx_hal_flash.o
LOAD ./Drivers/STM32H7xx_HAL_Driver/stm32h7xx_hal_flash_ex.o
LOAD ./Drivers/STM32H7xx_HAL_Driver/stm32h7xx_hal_gpio.o
LOAD ./Drivers/STM32H7xx_HAL_Driver/stm32h7xx_hal_hsem.o
LOAD ./Drivers/STM32H7xx_HAL_Driver/stm32h7xx_hal_i2c.o
LOAD ./Drivers/STM32H7xx_HAL_Driver/stm32h7xx_hal_i2c_ex.o
LOAD ./Drivers/STM32H7xx_HAL_Driver/stm32h7xx_hal_mdma.o
LOAD ./Drivers/STM32H7xx_HAL_Driver/stm32h7xx_hal_pwr.o
LOAD ./Drivers/STM32H7xx_HAL_Driver/stm32h7xx_hal_pwr_ex.o
LOAD ./Drivers/STM32H7xx_HAL_Driver/stm32h7xx_hal_rcc.o
LOAD ./Drivers/STM32H7xx_HAL_Driver/stm32h7xx_hal_rcc_ex.o
LOAD ./Drivers/STM32H7xx_HAL_Driver/stm32h7xx_hal_tim.o
LOAD ./Drivers/STM32H7xx_HAL_Driver/stm32h7xx_hal_tim_ex.o
LOAD ./Drivers/STM32H7xx_HAL_Driver/stm32h7xx_hal_uart.o
LOAD ./Drivers/STM32H7xx_HAL_Driver/stm32h7xx_hal_uart_ex.o
LOAD ./Middlewares/Third_Party/FreeRTOS/cmsis_os2.o
LOAD ./Middlewares/Third_Party/FreeRTOS/croutine.o
LOAD ./Middlewares/Third_Party/FreeRTOS/event_groups.o
LOAD ./Middlewares/Third_Party/FreeRTOS/heap_4.o
LOAD ./Middlewares/Third_Party/FreeRTOS/list.o
LOAD ./Middlewares/Third_Party/FreeRTOS/port.o
LOAD ./Middlewares/Third_Party/FreeRTOS/queue.o
LOAD ./Middlewares/Third_Party/FreeRTOS/stream_buffer.o
LOAD ./Middlewares/Third_Party/FreeRTOS/tasks.o
LOAD ./Middlewares/Third_Party/FreeRTOS/timers.o
START GROUP
LOAD c:/st/stm32cubeide_1.7.0/stm32cubeide/plugins/com.st.stm32cube.ide.mcu.externaltools.gnu-tools-for-stm32.9-2020-q2-update.win32_2.0.0.202105311346/tools/bin/../lib/gcc/arm-none-eabi/9.3.1/../../../../arm-none-eabi/lib/thumb/v7e-m+dp/hard\libc_nano.a
LOAD c:/st/stm32cubeide_1.7.0/stm32cubeide/plugins/com.st.stm32cube.ide.mcu.externaltools.gnu-tools-for-stm32.9-2020-q2-update.win32_2.0.0.202105311346/tools/bin/../lib/gcc/arm-none-eabi/9.3.1/../../../../arm-none-eabi/lib/thumb/v7e-m+dp/hard\libm.a
END GROUP
START GROUP
LOAD c:/st/stm32cubeide_1.7.0/stm32cubeide/plugins/com.st.stm32cube.ide.mcu.externaltools.gnu-tools-for-stm32.9-2020-q2-update.win32_2.0.0.202105311346/tools/bin/../lib/gcc/arm-none-eabi/9.3.1/thumb/v7e-m+dp/hard\libgcc.a
LOAD c:/st/stm32cubeide_1.7.0/stm32cubeide/plugins/com.st.stm32cube.ide.mcu.externaltools.gnu-tools-for-stm32.9-2020-q2-update.win32_2.0.0.202105311346/tools/bin/../lib/gcc/arm-none-eabi/9.3.1/../../../../arm-none-eabi/lib/thumb/v7e-m+dp/hard\libc_nano.a
END GROUP
START GROUP
LOAD c:/st/stm32cubeide_1.7.0/stm32cubeide/plugins/com.st.stm32cube.ide.mcu.externaltools.gnu-tools-for-stm32.9-2020-q2-update.win32_2.0.0.202105311346/tools/bin/../lib/gcc/arm-none-eabi/9.3.1/thumb/v7e-m+dp/hard\libgcc.a
LOAD c:/st/stm32cubeide_1.7.0/stm32cubeide/plugins/com.st.stm32cube.ide.mcu.externaltools.gnu-tools-for-stm32.9-2020-q2-update.win32_2.0.0.202105311346/tools/bin/../lib/gcc/arm-none-eabi/9.3.1/../../../../arm-none-eabi/lib/thumb/v7e-m+dp/hard\libc_nano.a
LOAD c:/st/stm32cubeide_1.7.0/stm32cubeide/plugins/com.st.stm32cube.ide.mcu.externaltools.gnu-tools-for-stm32.9-2020-q2-update.win32_2.0.0.202105311346/tools/bin/../lib/gcc/arm-none-eabi/9.3.1/../../../../arm-none-eabi/lib/thumb/v7e-m+dp/hard\libnosys.a
END GROUP
START GROUP
LOAD c:/st/stm32cubeide_1.7.0/stm32cubeide/plugins/com.st.stm32cube.ide.mcu.externaltools.gnu-tools-for-stm32.9-2020-q2-update.win32_2.0.0.202105311346/tools/bin/../lib/gcc/arm-none-eabi/9.3.1/thumb/v7e-m+dp/hard\libgcc.a
LOAD c:/st/stm32cubeide_1.7.0/stm32cubeide/plugins/com.st.stm32cube.ide.mcu.externaltools.gnu-tools-for-stm32.9-2020-q2-update.win32_2.0.0.202105311346/tools/bin/../lib/gcc/arm-none-eabi/9.3.1/../../../../arm-none-eabi/lib/thumb/v7e-m+dp/hard\libc_nano.a
LOAD c:/st/stm32cubeide_1.7.0/stm32cubeide/plugins/com.st.stm32cube.ide.mcu.externaltools.gnu-tools-for-stm32.9-2020-q2-update.win32_2.0.0.202105311346/tools/bin/../lib/gcc/arm-none-eabi/9.3.1/../../../../arm-none-eabi/lib/thumb/v7e-m+dp/hard\libnosys.a
END GROUP
LOAD c:/st/stm32cubeide_1.7.0/stm32cubeide/plugins/com.st.stm32cube.ide.mcu.externaltools.gnu-tools-for-stm32.9-2020-q2-update.win32_2.0.0.202105311346/tools/bin/../lib/gcc/arm-none-eabi/9.3.1/thumb/v7e-m+dp/hard/crtend.o
LOAD c:/st/stm32cubeide_1.7.0/stm32cubeide/plugins/com.st.stm32cube.ide.mcu.externaltools.gnu-tools-for-stm32.9-2020-q2-update.win32_2.0.0.202105311346/tools/bin/../lib/gcc/arm-none-eabi/9.3.1/thumb/v7e-m+dp/hard/crtn.o
                0x0000000024080000                _estack = (ORIGIN (RAM_D1) + LENGTH (RAM_D1))
                0x0000000000000200                _Min_Heap_Size = 0x200
                0x0000000000000400                _Min_Stack_Size = 0x400

.isr_vector     0x0000000008000000      0x298
                0x0000000008000000                . = ALIGN (0x4)
 *(.isr_vector)
 .isr_vector    0x0000000008000000      0x298 ./Core/Startup/startup_stm32h745zitx.o
                0x0000000008000000                g_pfnVectors
                0x0000000008000298                . = ALIGN (0x4)

.text           0x00000000080002a0     0x5138
                0x00000000080002a0                . = ALIGN (0x4)
 *(.text)
 .text          0x00000000080002a0       0x40 c:/st/stm32cubeide_1.7.0/stm32cubeide/plugins/com.st.stm32cube.ide.mcu.externaltools.gnu-tools-for-stm32.9-2020-q2-update.win32_2.0.0.202105311346/tools/bin/../lib/gcc/arm-none-eabi/9.3.1/thumb/v7e-m+dp/hard/crtbegin.o
 *(.text*)
 .text.SystemInit
                0x00000000080002e0      0x134 ./Common/Src/system_stm32h7xx_dualcore_boot_cm4_cm7.o
                0x00000000080002e0                SystemInit
 .text.MX_DMA_Init
                0x0000000008000414       0x34 ./Core/Src/dma.o
                0x0000000008000414                MX_DMA_Init
 .text.MX_FREERTOS_Init
                0x0000000008000448       0x24 ./Core/Src/freertos.o
                0x0000000008000448                MX_FREERTOS_Init
 .text.StartDefaultTask
                0x000000000800046c       0x20 ./Core/Src/freertos.o
                0x000000000800046c                StartDefaultTask
 .text.MX_GPIO_Init
                0x000000000800048c      0x194 ./Core/Src/gpio.o
                0x000000000800048c                MX_GPIO_Init
 .text.main     0x0000000008000620       0xa4 ./Core/Src/main.o
                0x0000000008000620                main
 .text.SystemClock_Config
                0x00000000080006c4      0x108 ./Core/Src/main.o
                0x00000000080006c4                SystemClock_Config
 .text.HAL_TIM_PeriodElapsedCallback
                0x00000000080007cc       0x24 ./Core/Src/main.o
                0x00000000080007cc                HAL_TIM_PeriodElapsedCallback
 .text.Error_Handler
                0x00000000080007f0        0xa ./Core/Src/main.o
                0x00000000080007f0                Error_Handler
 *fill*         0x00000000080007fa        0x2 
 .text.HAL_MspInit
                0x00000000080007fc       0x3c ./Core/Src/stm32h7xx_hal_msp.o
                0x00000000080007fc                HAL_MspInit
 .text.HAL_InitTick
                0x0000000008000838       0xd8 ./Core/Src/stm32h7xx_hal_timebase_tim.o
                0x0000000008000838                HAL_InitTick
 .text.NMI_Handler
                0x0000000008000910        0x6 ./Core/Src/stm32h7xx_it.o
                0x0000000008000910                NMI_Handler
 .text.HardFault_Handler
                0x0000000008000916        0x6 ./Core/Src/stm32h7xx_it.o
                0x0000000008000916                HardFault_Handler
 .text.MemManage_Handler
                0x000000000800091c        0x6 ./Core/Src/stm32h7xx_it.o
                0x000000000800091c                MemManage_Handler
 .text.BusFault_Handler
                0x0000000008000922        0x6 ./Core/Src/stm32h7xx_it.o
                0x0000000008000922                BusFault_Handler
 .text.UsageFault_Handler
                0x0000000008000928        0x6 ./Core/Src/stm32h7xx_it.o
                0x0000000008000928                UsageFault_Handler
 .text.DebugMon_Handler
                0x000000000800092e        0xe ./Core/Src/stm32h7xx_it.o
                0x000000000800092e                DebugMon_Handler
 .text.TIM7_IRQHandler
                0x000000000800093c       0x14 ./Core/Src/stm32h7xx_it.o
                0x000000000800093c                TIM7_IRQHandler
 .text.Reset_Handler
                0x0000000008000950       0x50 ./Core/Startup/startup_stm32h745zitx.o
                0x0000000008000950                Reset_Handler
 .text.Default_Handler
                0x00000000080009a0        0x2 ./Core/Startup/startup_stm32h745zitx.o
                0x00000000080009a0                RTC_Alarm_IRQHandler
                0x00000000080009a0                EXTI2_IRQHandler
                0x00000000080009a0                TIM8_CC_IRQHandler
                0x00000000080009a0                HRTIM1_Master_IRQHandler
                0x00000000080009a0                UART8_IRQHandler
                0x00000000080009a0                SPI4_IRQHandler
                0x00000000080009a0                TIM1_CC_IRQHandler
                0x00000000080009a0                BDMA_Channel6_IRQHandler
                0x00000000080009a0                DMA2_Stream5_IRQHandler
                0x00000000080009a0                HRTIM1_FLT_IRQHandler
                0x00000000080009a0                JPEG_IRQHandler
                0x00000000080009a0                DMA1_Stream5_IRQHandler
                0x00000000080009a0                BDMA_Channel1_IRQHandler
                0x00000000080009a0                HRTIM1_TIMD_IRQHandler
                0x00000000080009a0                TAMP_STAMP_IRQHandler
                0x00000000080009a0                EXTI3_IRQHandler
                0x00000000080009a0                LPTIM4_IRQHandler
                0x00000000080009a0                TIM8_TRG_COM_TIM14_IRQHandler
                0x00000000080009a0                LPTIM2_IRQHandler
                0x00000000080009a0                DFSDM1_FLT1_IRQHandler
                0x00000000080009a0                DMAMUX2_OVR_IRQHandler
                0x00000000080009a0                TIM8_UP_TIM13_IRQHandler
                0x00000000080009a0                I2C3_ER_IRQHandler
                0x00000000080009a0                DFSDM1_FLT2_IRQHandler
                0x00000000080009a0                MDMA_IRQHandler
                0x00000000080009a0                LPTIM3_IRQHandler
                0x00000000080009a0                HSEM1_IRQHandler
                0x00000000080009a0                EXTI0_IRQHandler
                0x00000000080009a0                I2C2_EV_IRQHandler
                0x00000000080009a0                DMA1_Stream2_IRQHandler
                0x00000000080009a0                FPU_IRQHandler
                0x00000000080009a0                OTG_HS_WKUP_IRQHandler
                0x00000000080009a0                FDCAN1_IT1_IRQHandler
                0x00000000080009a0                LTDC_ER_IRQHandler
                0x00000000080009a0                DMA2_Stream2_IRQHandler
                0x00000000080009a0                HRTIM1_TIME_IRQHandler
                0x00000000080009a0                SPI1_IRQHandler
                0x00000000080009a0                TIM6_DAC_IRQHandler
                0x00000000080009a0                DCMI_IRQHandler
                0x00000000080009a0                HRTIM1_TIMC_IRQHandler
                0x00000000080009a0                DMA2_Stream3_IRQHandler
                0x00000000080009a0                SAI2_IRQHandler
                0x00000000080009a0                DFSDM1_FLT3_IRQHandler
                0x00000000080009a0                USART6_IRQHandler
                0x00000000080009a0                TIM17_IRQHandler
                0x00000000080009a0                USART3_IRQHandler
                0x00000000080009a0                BDMA_Channel7_IRQHandler
                0x00000000080009a0                LPTIM5_IRQHandler
                0x00000000080009a0                UART5_IRQHandler
                0x00000000080009a0                ADC3_IRQHandler
                0x00000000080009a0                DMA2_Stream0_IRQHandler
                0x00000000080009a0                TIM4_IRQHandler
                0x00000000080009a0                BDMA_Channel2_IRQHandler
                0x00000000080009a0                QUADSPI_IRQHandler
                0x00000000080009a0                I2C1_EV_IRQHandler
                0x00000000080009a0                DMA1_Stream6_IRQHandler
                0x00000000080009a0                DMAMUX1_OVR_IRQHandler
                0x00000000080009a0                DMA1_Stream1_IRQHandler
                0x00000000080009a0                TIM16_IRQHandler
                0x00000000080009a0                UART4_IRQHandler
                0x00000000080009a0                BDMA_Channel5_IRQHandler
                0x00000000080009a0                TIM3_IRQHandler
                0x00000000080009a0                RCC_IRQHandler
                0x00000000080009a0                TIM8_BRK_TIM12_IRQHandler
                0x00000000080009a0                TIM1_TRG_COM_IRQHandler
                0x00000000080009a0                Default_Handler
                0x00000000080009a0                ECC_IRQHandler
                0x00000000080009a0                CEC_IRQHandler
                0x00000000080009a0                EXTI15_10_IRQHandler
                0x00000000080009a0                BDMA_Channel0_IRQHandler
                0x00000000080009a0                ADC_IRQHandler
                0x00000000080009a0                DMA1_Stream7_IRQHandler
                0x00000000080009a0                HRTIM1_TIMA_IRQHandler
                0x00000000080009a0                SPI5_IRQHandler
                0x00000000080009a0                SDMMC1_IRQHandler
                0x00000000080009a0                TIM5_IRQHandler
                0x00000000080009a0                DMA2_Stream7_IRQHandler
                0x00000000080009a0                TIM15_IRQHandler
                0x00000000080009a0                PVD_AVD_IRQHandler
                0x00000000080009a0                I2C3_EV_IRQHandler
                0x00000000080009a0                EXTI9_5_IRQHandler
                0x00000000080009a0                RTC_WKUP_IRQHandler
                0x00000000080009a0                LTDC_IRQHandler
                0x00000000080009a0                SAI3_IRQHandler
                0x00000000080009a0                ETH_WKUP_IRQHandler
                0x00000000080009a0                SPDIF_RX_IRQHandler
                0x00000000080009a0                SPI2_IRQHandler
                0x00000000080009a0                OTG_HS_EP1_IN_IRQHandler
                0x00000000080009a0                DMA1_Stream0_IRQHandler
                0x00000000080009a0                CRS_IRQHandler
                0x00000000080009a0                CM7_SEV_IRQHandler
                0x00000000080009a0                EXTI4_IRQHandler
                0x00000000080009a0                RNG_IRQHandler
                0x00000000080009a0                CM4_SEV_IRQHandler
                0x00000000080009a0                HRTIM1_TIMB_IRQHandler
                0x00000000080009a0                FDCAN2_IT1_IRQHandler
                0x00000000080009a0                ETH_IRQHandler
                0x00000000080009a0                TIM1_UP_IRQHandler
                0x00000000080009a0                WWDG_RST_IRQHandler
                0x00000000080009a0                BDMA_Channel4_IRQHandler
                0x00000000080009a0                OTG_HS_EP1_OUT_IRQHandler
                0x00000000080009a0                WWDG_IRQHandler
                0x00000000080009a0                SPI6_IRQHandler
                0x00000000080009a0                MDIOS_IRQHandler
                0x00000000080009a0                I2C4_EV_IRQHandler
                0x00000000080009a0                FDCAN2_IT0_IRQHandler
                0x00000000080009a0                LPUART1_IRQHandler
                0x00000000080009a0                FDCAN1_IT0_IRQHandler
                0x00000000080009a0                TIM2_IRQHandler
                0x00000000080009a0                OTG_FS_WKUP_IRQHandler
                0x00000000080009a0                OTG_HS_IRQHandler
                0x00000000080009a0                HSEM2_IRQHandler
                0x00000000080009a0                DMA2D_IRQHandler
                0x00000000080009a0                TIM1_BRK_IRQHandler
                0x00000000080009a0                EXTI1_IRQHandler
                0x00000000080009a0                SDMMC2_IRQHandler
                0x00000000080009a0                OTG_FS_EP1_OUT_IRQHandler
                0x00000000080009a0                BDMA_Channel3_IRQHandler
                0x00000000080009a0                HOLD_CORE_IRQHandler
                0x00000000080009a0                UART7_IRQHandler
                0x00000000080009a0                MDIOS_WKUP_IRQHandler
                0x00000000080009a0                USART2_IRQHandler
                0x00000000080009a0                DFSDM1_FLT0_IRQHandler
                0x00000000080009a0                SAI4_IRQHandler
                0x00000000080009a0                I2C2_ER_IRQHandler
                0x00000000080009a0                DMA2_Stream1_IRQHandler
                0x00000000080009a0                FLASH_IRQHandler
                0x00000000080009a0                DMA2_Stream4_IRQHandler
                0x00000000080009a0                USART1_IRQHandler
                0x00000000080009a0                OTG_FS_IRQHandler
                0x00000000080009a0                SPI3_IRQHandler
                0x00000000080009a0                WAKEUP_PIN_IRQHandler
                0x00000000080009a0                DMA1_Stream4_IRQHandler
                0x00000000080009a0                OTG_FS_EP1_IN_IRQHandler
                0x00000000080009a0                I2C1_ER_IRQHandler
                0x00000000080009a0                FMC_IRQHandler
                0x00000000080009a0                FDCAN_CAL_IRQHandler
                0x00000000080009a0                SWPMI1_IRQHandler
                0x00000000080009a0                COMP1_IRQHandler
                0x00000000080009a0                LPTIM1_IRQHandler
                0x00000000080009a0                I2C4_ER_IRQHandler
                0x00000000080009a0                DMA2_Stream6_IRQHandler
                0x00000000080009a0                SAI1_IRQHandler
                0x00000000080009a0                DMA1_Stream3_IRQHandler
 *fill*         0x00000000080009a2        0x2 
 .text.HAL_Init
                0x00000000080009a4       0x78 ./Drivers/STM32H7xx_HAL_Driver/stm32h7xx_hal.o
                0x00000000080009a4                HAL_Init
 .text.HAL_IncTick
                0x0000000008000a1c       0x28 ./Drivers/STM32H7xx_HAL_Driver/stm32h7xx_hal.o
                0x0000000008000a1c                HAL_IncTick
 .text.HAL_GetTick
                0x0000000008000a44       0x18 ./Drivers/STM32H7xx_HAL_Driver/stm32h7xx_hal.o
                0x0000000008000a44                HAL_GetTick
 .text.HAL_GetREVID
                0x0000000008000a5c       0x18 ./Drivers/STM32H7xx_HAL_Driver/stm32h7xx_hal.o
                0x0000000008000a5c                HAL_GetREVID
 .text.__NVIC_SetPriorityGrouping
                0x0000000008000a74       0x48 ./Drivers/STM32H7xx_HAL_Driver/stm32h7xx_hal_cortex.o
 .text.__NVIC_GetPriorityGrouping
                0x0000000008000abc       0x1c ./Drivers/STM32H7xx_HAL_Driver/stm32h7xx_hal_cortex.o
 .text.__NVIC_EnableIRQ
                0x0000000008000ad8       0x3c ./Drivers/STM32H7xx_HAL_Driver/stm32h7xx_hal_cortex.o
 .text.__NVIC_SetPriority
                0x0000000008000b14       0x54 ./Drivers/STM32H7xx_HAL_Driver/stm32h7xx_hal_cortex.o
 .text.NVIC_EncodePriority
                0x0000000008000b68       0x66 ./Drivers/STM32H7xx_HAL_Driver/stm32h7xx_hal_cortex.o
 .text.HAL_NVIC_SetPriorityGrouping
                0x0000000008000bce       0x16 ./Drivers/STM32H7xx_HAL_Driver/stm32h7xx_hal_cortex.o
                0x0000000008000bce                HAL_NVIC_SetPriorityGrouping
 .text.HAL_NVIC_SetPriority
                0x0000000008000be4       0x34 ./Drivers/STM32H7xx_HAL_Driver/stm32h7xx_hal_cortex.o
                0x0000000008000be4                HAL_NVIC_SetPriority
 .text.HAL_NVIC_EnableIRQ
                0x0000000008000c18       0x1c ./Drivers/STM32H7xx_HAL_Driver/stm32h7xx_hal_cortex.o
                0x0000000008000c18                HAL_NVIC_EnableIRQ
 .text.HAL_GPIO_Init
                0x0000000008000c34      0x360 ./Drivers/STM32H7xx_HAL_Driver/stm32h7xx_hal_gpio.o
                0x0000000008000c34                HAL_GPIO_Init
 .text.HAL_GPIO_WritePin
                0x0000000008000f94       0x32 ./Drivers/STM32H7xx_HAL_Driver/stm32h7xx_hal_gpio.o
                0x0000000008000f94                HAL_GPIO_WritePin
 .text.HAL_GPIO_TogglePin
                0x0000000008000fc6       0x34 ./Drivers/STM32H7xx_HAL_Driver/stm32h7xx_hal_gpio.o
                0x0000000008000fc6                HAL_GPIO_TogglePin
 *fill*         0x0000000008000ffa        0x2 
 .text.HAL_HSEM_FastTake
                0x0000000008000ffc       0x34 ./Drivers/STM32H7xx_HAL_Driver/stm32h7xx_hal_hsem.o
                0x0000000008000ffc                HAL_HSEM_FastTake
 .text.HAL_HSEM_Release
                0x0000000008001030       0x28 ./Drivers/STM32H7xx_HAL_Driver/stm32h7xx_hal_hsem.o
                0x0000000008001030                HAL_HSEM_Release
 .text.HAL_PWREx_ConfigSupply
                0x0000000008001058       0xb4 ./Drivers/STM32H7xx_HAL_Driver/stm32h7xx_hal_pwr_ex.o
                0x0000000008001058                HAL_PWREx_ConfigSupply
 .text.HAL_RCC_OscConfig
                0x000000000800110c      0x820 ./Drivers/STM32H7xx_HAL_Driver/stm32h7xx_hal_rcc.o
                0x000000000800110c                HAL_RCC_OscConfig
 .text.HAL_RCC_ClockConfig
                0x000000000800192c      0x36c ./Drivers/STM32H7xx_HAL_Driver/stm32h7xx_hal_rcc.o
                0x000000000800192c                HAL_RCC_ClockConfig
 .text.HAL_RCC_GetSysClockFreq
                0x0000000008001c98      0x2f4 ./Drivers/STM32H7xx_HAL_Driver/stm32h7xx_hal_rcc.o
                0x0000000008001c98                HAL_RCC_GetSysClockFreq
 .text.HAL_RCC_GetHCLKFreq
                0x0000000008001f8c       0x60 ./Drivers/STM32H7xx_HAL_Driver/stm32h7xx_hal_rcc.o
                0x0000000008001f8c                HAL_RCC_GetHCLKFreq
 .text.HAL_RCC_GetPCLK1Freq
                0x0000000008001fec       0x2c ./Drivers/STM32H7xx_HAL_Driver/stm32h7xx_hal_rcc.o
                0x0000000008001fec                HAL_RCC_GetPCLK1Freq
 .text.HAL_RCC_GetClockConfig
                0x0000000008002018       0x84 ./Drivers/STM32H7xx_HAL_Driver/stm32h7xx_hal_rcc.o
                0x0000000008002018                HAL_RCC_GetClockConfig
 .text.HAL_TIM_Base_Init
                0x000000000800209c       0xae ./Drivers/STM32H7xx_HAL_Driver/stm32h7xx_hal_tim.o
                0x000000000800209c                HAL_TIM_Base_Init
 .text.HAL_TIM_Base_MspInit
                0x000000000800214a       0x14 ./Drivers/STM32H7xx_HAL_Driver/stm32h7xx_hal_tim.o
                0x000000000800214a                HAL_TIM_Base_MspInit
 *fill*         0x000000000800215e        0x2 
 .text.HAL_TIM_Base_Start_IT
                0x0000000008002160       0xe0 ./Drivers/STM32H7xx_HAL_Driver/stm32h7xx_hal_tim.o
                0x0000000008002160                HAL_TIM_Base_Start_IT
 .text.HAL_TIM_IRQHandler
                0x0000000008002240      0x23e ./Drivers/STM32H7xx_HAL_Driver/stm32h7xx_hal_tim.o
                0x0000000008002240                HAL_TIM_IRQHandler
 .text.HAL_TIM_OC_DelayElapsedCallback
                0x000000000800247e       0x14 ./Drivers/STM32H7xx_HAL_Driver/stm32h7xx_hal_tim.o
                0x000000000800247e                HAL_TIM_OC_DelayElapsedCallback
 .text.HAL_TIM_IC_CaptureCallback
                0x0000000008002492       0x14 ./Drivers/STM32H7xx_HAL_Driver/stm32h7xx_hal_tim.o
                0x0000000008002492                HAL_TIM_IC_CaptureCallback
 .text.HAL_TIM_PWM_PulseFinishedCallback
                0x00000000080024a6       0x14 ./Drivers/STM32H7xx_HAL_Driver/stm32h7xx_hal_tim.o
                0x00000000080024a6                HAL_TIM_PWM_PulseFinishedCallback
 .text.HAL_TIM_TriggerCallback
                0x00000000080024ba       0x14 ./Drivers/STM32H7xx_HAL_Driver/stm32h7xx_hal_tim.o
                0x00000000080024ba                HAL_TIM_TriggerCallback
 *fill*         0x00000000080024ce        0x2 
 .text.TIM_Base_SetConfig
                0x00000000080024d0      0x134 ./Drivers/STM32H7xx_HAL_Driver/stm32h7xx_hal_tim.o
                0x00000000080024d0                TIM_Base_SetConfig
 .text.HAL_TIMEx_CommutCallback
                0x0000000008002604       0x14 ./Drivers/STM32H7xx_HAL_Driver/stm32h7xx_hal_tim_ex.o
                0x0000000008002604                HAL_TIMEx_CommutCallback
 .text.HAL_TIMEx_BreakCallback
                0x0000000008002618       0x14 ./Drivers/STM32H7xx_HAL_Driver/stm32h7xx_hal_tim_ex.o
                0x0000000008002618                HAL_TIMEx_BreakCallback
 .text.HAL_TIMEx_Break2Callback
                0x000000000800262c       0x14 ./Drivers/STM32H7xx_HAL_Driver/stm32h7xx_hal_tim_ex.o
                0x000000000800262c                HAL_TIMEx_Break2Callback
 .text.__NVIC_SetPriority
                0x0000000008002640       0x54 ./Middlewares/Third_Party/FreeRTOS/cmsis_os2.o
 .text.SysTick_Handler
                0x0000000008002694       0x20 ./Middlewares/Third_Party/FreeRTOS/cmsis_os2.o
                0x0000000008002694                SysTick_Handler
 .text.SVC_Setup
                0x00000000080026b4       0x12 ./Middlewares/Third_Party/FreeRTOS/cmsis_os2.o
 *fill*         0x00000000080026c6        0x2 
 .text.osKernelInitialize
                0x00000000080026c8       0x48 ./Middlewares/Third_Party/FreeRTOS/cmsis_os2.o
                0x00000000080026c8                osKernelInitialize
 .text.osKernelStart
                0x0000000008002710       0x4c ./Middlewares/Third_Party/FreeRTOS/cmsis_os2.o
                0x0000000008002710                osKernelStart
 .text.osThreadNew
                0x000000000800275c      0x126 ./Middlewares/Third_Party/FreeRTOS/cmsis_os2.o
                0x000000000800275c                osThreadNew
 .text.osDelay  0x0000000008002882       0x36 ./Middlewares/Third_Party/FreeRTOS/cmsis_os2.o
                0x0000000008002882                osDelay
 .text.vApplicationGetIdleTaskMemory
                0x00000000080028b8       0x34 ./Middlewares/Third_Party/FreeRTOS/cmsis_os2.o
                0x00000000080028b8                vApplicationGetIdleTaskMemory
 .text.vApplicationGetTimerTaskMemory
                0x00000000080028ec       0x34 ./Middlewares/Third_Party/FreeRTOS/cmsis_os2.o
                0x00000000080028ec                vApplicationGetTimerTaskMemory
 .text.pvPortMalloc
                0x0000000008002920      0x198 ./Middlewares/Third_Party/FreeRTOS/heap_4.o
                0x0000000008002920                pvPortMalloc
 .text.vPortFree
                0x0000000008002ab8       0xc4 ./Middlewares/Third_Party/FreeRTOS/heap_4.o
                0x0000000008002ab8                vPortFree
 .text.prvHeapInit
                0x0000000008002b7c       0xc4 ./Middlewares/Third_Party/FreeRTOS/heap_4.o
 .text.prvInsertBlockIntoFreeList
                0x0000000008002c40       0xb4 ./Middlewares/Third_Party/FreeRTOS/heap_4.o
 .text.vListInitialise
                0x0000000008002cf4       0x40 ./Middlewares/Third_Party/FreeRTOS/list.o
                0x0000000008002cf4                vListInitialise
 .text.vListInitialiseItem
                0x0000000008002d34       0x1a ./Middlewares/Third_Party/FreeRTOS/list.o
                0x0000000008002d34                vListInitialiseItem
 .text.vListInsertEnd
                0x0000000008002d4e       0x48 ./Middlewares/Third_Party/FreeRTOS/list.o
                0x0000000008002d4e                vListInsertEnd
 .text.vListInsert
                0x0000000008002d96       0x72 ./Middlewares/Third_Party/FreeRTOS/list.o
                0x0000000008002d96                vListInsert
 .text.uxListRemove
                0x0000000008002e08       0x54 ./Middlewares/Third_Party/FreeRTOS/list.o
                0x0000000008002e08                uxListRemove
 .text.pxPortInitialiseStack
                0x0000000008002e5c       0x68 ./Middlewares/Third_Party/FreeRTOS/port.o
                0x0000000008002e5c                pxPortInitialiseStack
 .text.prvTaskExitError
                0x0000000008002ec4       0x58 ./Middlewares/Third_Party/FreeRTOS/port.o
 *fill*         0x0000000008002f1c        0x4 
 .text.SVC_Handler
                0x0000000008002f20       0x28 ./Middlewares/Third_Party/FreeRTOS/port.o
                0x0000000008002f20                SVC_Handler
 .text.prvPortStartFirstTask
                0x0000000008002f48       0x28 ./Middlewares/Third_Party/FreeRTOS/port.o
 .text.xPortStartScheduler
                0x0000000008002f70      0x144 ./Middlewares/Third_Party/FreeRTOS/port.o
                0x0000000008002f70                xPortStartScheduler
 .text.vPortEnterCritical
                0x00000000080030b4       0x60 ./Middlewares/Third_Party/FreeRTOS/port.o
                0x00000000080030b4                vPortEnterCritical
 .text.vPortExitCritical
                0x0000000008003114       0x54 ./Middlewares/Third_Party/FreeRTOS/port.o
                0x0000000008003114                vPortExitCritical
 *fill*         0x0000000008003168        0x8 
 .text.PendSV_Handler
                0x0000000008003170       0x68 ./Middlewares/Third_Party/FreeRTOS/port.o
                0x0000000008003170                PendSV_Handler
 .text.xPortSysTickHandler
                0x00000000080031d8       0x44 ./Middlewares/Third_Party/FreeRTOS/port.o
                0x00000000080031d8                xPortSysTickHandler
 .text.vPortSetupTimerInterrupt
                0x000000000800321c       0x48 ./Middlewares/Third_Party/FreeRTOS/port.o
                0x000000000800321c                vPortSetupTimerInterrupt
 .text.vPortEnableVFP
                0x0000000008003264       0x14 ./Middlewares/Third_Party/FreeRTOS/port.o
 .text.vPortValidateInterruptPriority
                0x0000000008003278       0x80 ./Middlewares/Third_Party/FreeRTOS/port.o
                0x0000000008003278                vPortValidateInterruptPriority
 .text.xQueueGenericReset
                0x00000000080032f8       0xd0 ./Middlewares/Third_Party/FreeRTOS/queue.o
                0x00000000080032f8                xQueueGenericReset
 .text.xQueueGenericCreateStatic
                0x00000000080033c8       0xf0 ./Middlewares/Third_Party/FreeRTOS/queue.o
                0x00000000080033c8                xQueueGenericCreateStatic
 .text.prvInitialiseNewQueue
                0x00000000080034b8       0x46 ./Middlewares/Third_Party/FreeRTOS/queue.o
 *fill*         0x00000000080034fe        0x2 
 .text.xQueueGenericSend
                0x0000000008003500      0x1fc ./Middlewares/Third_Party/FreeRTOS/queue.o
                0x0000000008003500                xQueueGenericSend
 .text.xQueueGenericSendFromISR
                0x00000000080036fc      0x136 ./Middlewares/Third_Party/FreeRTOS/queue.o
                0x00000000080036fc                xQueueGenericSendFromISR
 *fill*         0x0000000008003832        0x2 
 .text.xQueueReceive
                0x0000000008003834      0x1c0 ./Middlewares/Third_Party/FreeRTOS/queue.o
                0x0000000008003834                xQueueReceive
 .text.prvCopyDataToQueue
                0x00000000080039f4       0xd4 ./Middlewares/Third_Party/FreeRTOS/queue.o
 .text.prvCopyDataFromQueue
                0x0000000008003ac8       0x4c ./Middlewares/Third_Party/FreeRTOS/queue.o
 .text.prvUnlockQueue
                0x0000000008003b14       0xa4 ./Middlewares/Third_Party/FreeRTOS/queue.o
 .text.prvIsQueueEmpty
                0x0000000008003bb8       0x2c ./Middlewares/Third_Party/FreeRTOS/queue.o
 .text.prvIsQueueFull
                0x0000000008003be4       0x30 ./Middlewares/Third_Party/FreeRTOS/queue.o
 .text.vQueueAddToRegistry
                0x0000000008003c14       0x54 ./Middlewares/Third_Party/FreeRTOS/queue.o
                0x0000000008003c14                vQueueAddToRegistry
 .text.vQueueWaitForMessageRestricted
                0x0000000008003c68       0x68 ./Middlewares/Third_Party/FreeRTOS/queue.o
                0x0000000008003c68                vQueueWaitForMessageRestricted
 .text.xTaskCreateStatic
                0x0000000008003cd0       0xba ./Middlewares/Third_Party/FreeRTOS/tasks.o
                0x0000000008003cd0                xTaskCreateStatic
 .text.xTaskCreate
                0x0000000008003d8a       0x8a ./Middlewares/Third_Party/FreeRTOS/tasks.o
                0x0000000008003d8a                xTaskCreate
 .text.prvInitialiseNewTask
                0x0000000008003e14      0x14c ./Middlewares/Third_Party/FreeRTOS/tasks.o
 .text.prvAddNewTaskToReadyList
                0x0000000008003f60       0xe0 ./Middlewares/Third_Party/FreeRTOS/tasks.o
 .text.vTaskDelay
                0x0000000008004040       0x68 ./Middlewares/Third_Party/FreeRTOS/tasks.o
                0x0000000008004040                vTaskDelay
 .text.vTaskStartScheduler
                0x00000000080040a8       0xe0 ./Middlewares/Third_Party/FreeRTOS/tasks.o
                0x00000000080040a8                vTaskStartScheduler
 .text.vTaskSuspendAll
                0x0000000008004188       0x1c ./Middlewares/Third_Party/FreeRTOS/tasks.o
                0x0000000008004188                vTaskSuspendAll
 .text.xTaskResumeAll
                0x00000000080041a4      0x13c ./Middlewares/Third_Party/FreeRTOS/tasks.o
                0x00000000080041a4                xTaskResumeAll
 .text.xTaskGetTickCount
                0x00000000080042e0       0x20 ./Middlewares/Third_Party/FreeRTOS/tasks.o
                0x00000000080042e0                xTaskGetTickCount
 .text.xTaskIncrementTick
                0x0000000008004300      0x174 ./Middlewares/Third_Party/FreeRTOS/tasks.o
                0x0000000008004300                xTaskIncrementTick
 .text.vTaskSwitchContext
                0x0000000008004474       0xc8 ./Middlewares/Third_Party/FreeRTOS/tasks.o
                0x0000000008004474                vTaskSwitchContext
 .text.vTaskPlaceOnEventList
                0x000000000800453c       0x48 ./Middlewares/Third_Party/FreeRTOS/tasks.o
                0x000000000800453c                vTaskPlaceOnEventList
 .text.vTaskPlaceOnEventListRestricted
                0x0000000008004584       0x58 ./Middlewares/Third_Party/FreeRTOS/tasks.o
                0x0000000008004584                vTaskPlaceOnEventListRestricted
 .text.xTaskRemoveFromEventList
                0x00000000080045dc       0xc8 ./Middlewares/Third_Party/FreeRTOS/tasks.o
                0x00000000080045dc                xTaskRemoveFromEventList
 .text.vTaskInternalSetTimeOutState
                0x00000000080046a4       0x2c ./Middlewares/Third_Party/FreeRTOS/tasks.o
                0x00000000080046a4                vTaskInternalSetTimeOutState
 .text.xTaskCheckForTimeOut
                0x00000000080046d0       0xc4 ./Middlewares/Third_Party/FreeRTOS/tasks.o
                0x00000000080046d0                xTaskCheckForTimeOut
 .text.vTaskMissedYield
                0x0000000008004794       0x18 ./Middlewares/Third_Party/FreeRTOS/tasks.o
                0x0000000008004794                vTaskMissedYield
 .text.prvIdleTask
                0x00000000080047ac       0x30 ./Middlewares/Third_Party/FreeRTOS/tasks.o
 .text.prvInitialiseTaskLists
                0x00000000080047dc       0x80 ./Middlewares/Third_Party/FreeRTOS/tasks.o
 .text.prvCheckTasksWaitingTermination
                0x000000000800485c       0x5c ./Middlewares/Third_Party/FreeRTOS/tasks.o
 .text.prvDeleteTCB
                0x00000000080048b8       0x68 ./Middlewares/Third_Party/FreeRTOS/tasks.o
 .text.prvResetNextTaskUnblockTime
                0x0000000008004920       0x40 ./Middlewares/Third_Party/FreeRTOS/tasks.o
 .text.xTaskGetSchedulerState
                0x0000000008004960       0x3c ./Middlewares/Third_Party/FreeRTOS/tasks.o
                0x0000000008004960                xTaskGetSchedulerState
 .text.xTaskPriorityDisinherit
                0x000000000800499c       0xdc ./Middlewares/Third_Party/FreeRTOS/tasks.o
                0x000000000800499c                xTaskPriorityDisinherit
 .text.prvAddCurrentTaskToDelayedList
                0x0000000008004a78       0xa8 ./Middlewares/Third_Party/FreeRTOS/tasks.o
 .text.xTimerCreateTimerTask
                0x0000000008004b20       0x90 ./Middlewares/Third_Party/FreeRTOS/timers.o
                0x0000000008004b20                xTimerCreateTimerTask
 .text.xTimerGenericCommand
                0x0000000008004bb0       0x9c ./Middlewares/Third_Party/FreeRTOS/timers.o
                0x0000000008004bb0                xTimerGenericCommand
 .text.prvProcessExpiredTimer
                0x0000000008004c4c       0x98 ./Middlewares/Third_Party/FreeRTOS/timers.o
 .text.prvTimerTask
                0x0000000008004ce4       0x24 ./Middlewares/Third_Party/FreeRTOS/timers.o
 .text.prvProcessTimerOrBlockTask
                0x0000000008004d08       0x9c ./Middlewares/Third_Party/FreeRTOS/timers.o
 .text.prvGetNextExpireTime
                0x0000000008004da4       0x48 ./Middlewares/Third_Party/FreeRTOS/timers.o
 .text.prvSampleTimeNow
                0x0000000008004dec       0x40 ./Middlewares/Third_Party/FreeRTOS/timers.o
 .text.prvInsertTimerInActiveList
                0x0000000008004e2c       0x84 ./Middlewares/Third_Party/FreeRTOS/timers.o
 .text.prvProcessReceivedCommands
                0x0000000008004eb0      0x1c4 ./Middlewares/Third_Party/FreeRTOS/timers.o
 .text.prvSwitchTimerLists
                0x0000000008005074       0xc8 ./Middlewares/Third_Party/FreeRTOS/timers.o
 .text.prvCheckForValidListAndQueue
                0x000000000800513c       0x80 ./Middlewares/Third_Party/FreeRTOS/timers.o
 .text.__libc_init_array
                0x00000000080051bc       0x48 c:/st/stm32cubeide_1.7.0/stm32cubeide/plugins/com.st.stm32cube.ide.mcu.externaltools.gnu-tools-for-stm32.9-2020-q2-update.win32_2.0.0.202105311346/tools/bin/../lib/gcc/arm-none-eabi/9.3.1/../../../../arm-none-eabi/lib/thumb/v7e-m+dp/hard\libc_nano.a(lib_a-init.o)
                0x00000000080051bc                __libc_init_array
 .text.__retarget_lock_acquire_recursive
                0x0000000008005204        0x2 c:/st/stm32cubeide_1.7.0/stm32cubeide/plugins/com.st.stm32cube.ide.mcu.externaltools.gnu-tools-for-stm32.9-2020-q2-update.win32_2.0.0.202105311346/tools/bin/../lib/gcc/arm-none-eabi/9.3.1/../../../../arm-none-eabi/lib/thumb/v7e-m+dp/hard\libc_nano.a(lib_a-lock.o)
                0x0000000008005204                __retarget_lock_acquire_recursive
 .text.__retarget_lock_release_recursive
                0x0000000008005206        0x2 c:/st/stm32cubeide_1.7.0/stm32cubeide/plugins/com.st.stm32cube.ide.mcu.externaltools.gnu-tools-for-stm32.9-2020-q2-update.win32_2.0.0.202105311346/tools/bin/../lib/gcc/arm-none-eabi/9.3.1/../../../../arm-none-eabi/lib/thumb/v7e-m+dp/hard\libc_nano.a(lib_a-lock.o)
                0x0000000008005206                __retarget_lock_release_recursive
 .text.memcpy   0x0000000008005208       0x1c c:/st/stm32cubeide_1.7.0/stm32cubeide/plugins/com.st.stm32cube.ide.mcu.externaltools.gnu-tools-for-stm32.9-2020-q2-update.win32_2.0.0.202105311346/tools/bin/../lib/gcc/arm-none-eabi/9.3.1/../../../../arm-none-eabi/lib/thumb/v7e-m+dp/hard\libc_nano.a(lib_a-memcpy-stub.o)
                0x0000000008005208                memcpy
 .text.memset   0x0000000008005224       0x10 c:/st/stm32cubeide_1.7.0/stm32cubeide/plugins/com.st.stm32cube.ide.mcu.externaltools.gnu-tools-for-stm32.9-2020-q2-update.win32_2.0.0.202105311346/tools/bin/../lib/gcc/arm-none-eabi/9.3.1/../../../../arm-none-eabi/lib/thumb/v7e-m+dp/hard\libc_nano.a(lib_a-memset.o)
                0x0000000008005224                memset
 .text.cleanup_glue
                0x0000000008005234       0x1a c:/st/stm32cubeide_1.7.0/stm32cubeide/plugins/com.st.stm32cube.ide.mcu.externaltools.gnu-tools-for-stm32.9-2020-q2-update.win32_2.0.0.202105311346/tools/bin/../lib/gcc/arm-none-eabi/9.3.1/../../../../arm-none-eabi/lib/thumb/v7e-m+dp/hard\libc_nano.a(lib_a-reent.o)
                0x0000000008005234                cleanup_glue
 *fill*         0x000000000800524e        0x2 
 .text._reclaim_reent
                0x0000000008005250       0xb8 c:/st/stm32cubeide_1.7.0/stm32cubeide/plugins/com.st.stm32cube.ide.mcu.externaltools.gnu-tools-for-stm32.9-2020-q2-update.win32_2.0.0.202105311346/tools/bin/../lib/gcc/arm-none-eabi/9.3.1/../../../../arm-none-eabi/lib/thumb/v7e-m+dp/hard\libc_nano.a(lib_a-reent.o)
                0x0000000008005250                _reclaim_reent
 .text.__malloc_lock
                0x0000000008005308        0xc c:/st/stm32cubeide_1.7.0/stm32cubeide/plugins/com.st.stm32cube.ide.mcu.externaltools.gnu-tools-for-stm32.9-2020-q2-update.win32_2.0.0.202105311346/tools/bin/../lib/gcc/arm-none-eabi/9.3.1/../../../../arm-none-eabi/lib/thumb/v7e-m+dp/hard\libc_nano.a(lib_a-mlock.o)
                0x0000000008005308                __malloc_lock
 .text.__malloc_unlock
                0x0000000008005314        0xc c:/st/stm32cubeide_1.7.0/stm32cubeide/plugins/com.st.stm32cube.ide.mcu.externaltools.gnu-tools-for-stm32.9-2020-q2-update.win32_2.0.0.202105311346/tools/bin/../lib/gcc/arm-none-eabi/9.3.1/../../../../arm-none-eabi/lib/thumb/v7e-m+dp/hard\libc_nano.a(lib_a-mlock.o)
                0x0000000008005314                __malloc_unlock
 .text._free_r  0x0000000008005320       0xa0 c:/st/stm32cubeide_1.7.0/stm32cubeide/plugins/com.st.stm32cube.ide.mcu.externaltools.gnu-tools-for-stm32.9-2020-q2-update.win32_2.0.0.202105311346/tools/bin/../lib/gcc/arm-none-eabi/9.3.1/../../../../arm-none-eabi/lib/thumb/v7e-m+dp/hard\libc_nano.a(lib_a-nano-freer.o)
                0x0000000008005320                _free_r
 *(.glue_7)
 .glue_7        0x00000000080053c0        0x0 linker stubs
 *(.glue_7t)
 .glue_7t       0x00000000080053c0        0x0 linker stubs
 *(.eh_frame)
 .eh_frame      0x00000000080053c0        0x0 c:/st/stm32cubeide_1.7.0/stm32cubeide/plugins/com.st.stm32cube.ide.mcu.externaltools.gnu-tools-for-stm32.9-2020-q2-update.win32_2.0.0.202105311346/tools/bin/../lib/gcc/arm-none-eabi/9.3.1/thumb/v7e-m+dp/hard/crtbegin.o
 *(.init)
 .init          0x00000000080053c0        0x4 c:/st/stm32cubeide_1.7.0/stm32cubeide/plugins/com.st.stm32cube.ide.mcu.externaltools.gnu-tools-for-stm32.9-2020-q2-update.win32_2.0.0.202105311346/tools/bin/../lib/gcc/arm-none-eabi/9.3.1/thumb/v7e-m+dp/hard/crti.o
                0x00000000080053c0                _init
 .init          0x00000000080053c4        0x8 c:/st/stm32cubeide_1.7.0/stm32cubeide/plugins/com.st.stm32cube.ide.mcu.externaltools.gnu-tools-for-stm32.9-2020-q2-update.win32_2.0.0.202105311346/tools/bin/../lib/gcc/arm-none-eabi/9.3.1/thumb/v7e-m+dp/hard/crtn.o
 *(.fini)
 .fini          0x00000000080053cc        0x4 c:/st/stm32cubeide_1.7.0/stm32cubeide/plugins/com.st.stm32cube.ide.mcu.externaltools.gnu-tools-for-stm32.9-2020-q2-update.win32_2.0.0.202105311346/tools/bin/../lib/gcc/arm-none-eabi/9.3.1/thumb/v7e-m+dp/hard/crti.o
                0x00000000080053cc                _fini
 .fini          0x00000000080053d0        0x8 c:/st/stm32cubeide_1.7.0/stm32cubeide/plugins/com.st.stm32cube.ide.mcu.externaltools.gnu-tools-for-stm32.9-2020-q2-update.win32_2.0.0.202105311346/tools/bin/../lib/gcc/arm-none-eabi/9.3.1/thumb/v7e-m+dp/hard/crtn.o
                0x00000000080053d8                . = ALIGN (0x4)
                0x00000000080053d8                _etext = .

.vfp11_veneer   0x00000000080053d8        0x0
 .vfp11_veneer  0x00000000080053d8        0x0 linker stubs

.v4_bx          0x00000000080053d8        0x0
 .v4_bx         0x00000000080053d8        0x0 linker stubs

.iplt           0x00000000080053d8        0x0
 .iplt          0x00000000080053d8        0x0 c:/st/stm32cubeide_1.7.0/stm32cubeide/plugins/com.st.stm32cube.ide.mcu.externaltools.gnu-tools-for-stm32.9-2020-q2-update.win32_2.0.0.202105311346/tools/bin/../lib/gcc/arm-none-eabi/9.3.1/thumb/v7e-m+dp/hard/crtbegin.o

.rodata         0x00000000080053d8       0xb8
                0x00000000080053d8                . = ALIGN (0x4)
 *(.rodata)
 .rodata        0x00000000080053d8        0xc ./Core/Src/freertos.o
 .rodata        0x00000000080053e4        0x5 ./Middlewares/Third_Party/FreeRTOS/tasks.o
 *fill*         0x00000000080053e9        0x3 
 .rodata        0x00000000080053ec        0xd ./Middlewares/Third_Party/FreeRTOS/timers.o
 *(.rodata*)
 *fill*         0x00000000080053f9        0x3 
 .rodata.D1CorePrescTable
                0x00000000080053fc       0x10 ./Common/Src/system_stm32h7xx_dualcore_boot_cm4_cm7.o
                0x00000000080053fc                D1CorePrescTable
 .rodata.defaultTask_attributes
                0x000000000800540c       0x24 ./Core/Src/freertos.o
                0x000000000800540c                defaultTask_attributes
 .rodata.__sf_fake_stderr
                0x0000000008005430       0x20 c:/st/stm32cubeide_1.7.0/stm32cubeide/plugins/com.st.stm32cube.ide.mcu.externaltools.gnu-tools-for-stm32.9-2020-q2-update.win32_2.0.0.202105311346/tools/bin/../lib/gcc/arm-none-eabi/9.3.1/../../../../arm-none-eabi/lib/thumb/v7e-m+dp/hard\libc_nano.a(lib_a-findfp.o)
                0x0000000008005430                __sf_fake_stderr
 .rodata.__sf_fake_stdin
                0x0000000008005450       0x20 c:/st/stm32cubeide_1.7.0/stm32cubeide/plugins/com.st.stm32cube.ide.mcu.externaltools.gnu-tools-for-stm32.9-2020-q2-update.win32_2.0.0.202105311346/tools/bin/../lib/gcc/arm-none-eabi/9.3.1/../../../../arm-none-eabi/lib/thumb/v7e-m+dp/hard\libc_nano.a(lib_a-findfp.o)
                0x0000000008005450                __sf_fake_stdin
 .rodata.__sf_fake_stdout
                0x0000000008005470       0x20 c:/st/stm32cubeide_1.7.0/stm32cubeide/plugins/com.st.stm32cube.ide.mcu.externaltools.gnu-tools-for-stm32.9-2020-q2-update.win32_2.0.0.202105311346/tools/bin/../lib/gcc/arm-none-eabi/9.3.1/../../../../arm-none-eabi/lib/thumb/v7e-m+dp/hard\libc_nano.a(lib_a-findfp.o)
                0x0000000008005470                __sf_fake_stdout
                0x0000000008005490                . = ALIGN (0x4)

.rel.dyn        0x0000000008005490        0x0
 .rel.iplt      0x0000000008005490        0x0 c:/st/stm32cubeide_1.7.0/stm32cubeide/plugins/com.st.stm32cube.ide.mcu.externaltools.gnu-tools-for-stm32.9-2020-q2-update.win32_2.0.0.202105311346/tools/bin/../lib/gcc/arm-none-eabi/9.3.1/thumb/v7e-m+dp/hard/crtbegin.o

.ARM.extab      0x0000000008005490        0x0
                0x0000000008005490                . = ALIGN (0x4)
 *(.ARM.extab* .gnu.linkonce.armextab.*)
                0x0000000008005490                . = ALIGN (0x4)

.ARM            0x0000000008005490        0x0
                0x0000000008005490                . = ALIGN (0x4)
                0x0000000008005490                __exidx_start = .
 *(.ARM.exidx*)
                0x0000000008005490                __exidx_end = .
                0x0000000008005490                . = ALIGN (0x4)

.preinit_array  0x0000000008005490        0x0
                0x0000000008005490                . = ALIGN (0x4)
                0x0000000008005490                PROVIDE (__preinit_array_start = .)
 *(.preinit_array*)
                0x0000000008005490                PROVIDE (__preinit_array_end = .)
                0x0000000008005490                . = ALIGN (0x4)

.init_array     0x0000000008005490        0x4
                0x0000000008005490                . = ALIGN (0x4)
                0x0000000008005490                PROVIDE (__init_array_start = .)
 *(SORT_BY_NAME(.init_array.*))
 *(.init_array*)
 .init_array    0x0000000008005490        0x4 c:/st/stm32cubeide_1.7.0/stm32cubeide/plugins/com.st.stm32cube.ide.mcu.externaltools.gnu-tools-for-stm32.9-2020-q2-update.win32_2.0.0.202105311346/tools/bin/../lib/gcc/arm-none-eabi/9.3.1/thumb/v7e-m+dp/hard/crtbegin.o
                0x0000000008005494                PROVIDE (__init_array_end = .)
                0x0000000008005494                . = ALIGN (0x4)

.fini_array     0x0000000008005494        0x4
                0x0000000008005494                . = ALIGN (0x4)
                [!provide]                        PROVIDE (__fini_array_start = .)
 *(SORT_BY_NAME(.fini_array.*))
 *(.fini_array*)
 .fini_array    0x0000000008005494        0x4 c:/st/stm32cubeide_1.7.0/stm32cubeide/plugins/com.st.stm32cube.ide.mcu.externaltools.gnu-tools-for-stm32.9-2020-q2-update.win32_2.0.0.202105311346/tools/bin/../lib/gcc/arm-none-eabi/9.3.1/thumb/v7e-m+dp/hard/crtbegin.o
                [!provide]                        PROVIDE (__fini_array_end = .)
                0x0000000008005498                . = ALIGN (0x4)
                0x0000000008005498                _sidata = LOADADDR (.data)

.data           0x0000000024000000       0x78 load address 0x0000000008005498
                0x0000000024000000                . = ALIGN (0x4)
                0x0000000024000000                _sdata = .
 *(.data)
 *(.data*)
 .data.SystemCoreClock
                0x0000000024000000        0x4 ./Common/Src/system_stm32h7xx_dualcore_boot_cm4_cm7.o
                0x0000000024000000                SystemCoreClock
 .data.SystemD2Clock
                0x0000000024000004        0x4 ./Common/Src/system_stm32h7xx_dualcore_boot_cm4_cm7.o
                0x0000000024000004                SystemD2Clock
 .data.uwTickPrio
                0x0000000024000008        0x4 ./Drivers/STM32H7xx_HAL_Driver/stm32h7xx_hal.o
                0x0000000024000008                uwTickPrio
 .data.uwTickFreq
                0x000000002400000c        0x1 ./Drivers/STM32H7xx_HAL_Driver/stm32h7xx_hal.o
                0x000000002400000c                uwTickFreq
 *fill*         0x000000002400000d        0x3 
 .data.uxCriticalNesting
                0x0000000024000010        0x4 ./Middlewares/Third_Party/FreeRTOS/port.o
 .data._impure_ptr
                0x0000000024000014        0x4 c:/st/stm32cubeide_1.7.0/stm32cubeide/plugins/com.st.stm32cube.ide.mcu.externaltools.gnu-tools-for-stm32.9-2020-q2-update.win32_2.0.0.202105311346/tools/bin/../lib/gcc/arm-none-eabi/9.3.1/../../../../arm-none-eabi/lib/thumb/v7e-m+dp/hard\libc_nano.a(lib_a-impure.o)
                0x0000000024000014                _impure_ptr
 .data.impure_data
                0x0000000024000018       0x60 c:/st/stm32cubeide_1.7.0/stm32cubeide/plugins/com.st.stm32cube.ide.mcu.externaltools.gnu-tools-for-stm32.9-2020-q2-update.win32_2.0.0.202105311346/tools/bin/../lib/gcc/arm-none-eabi/9.3.1/../../../../arm-none-eabi/lib/thumb/v7e-m+dp/hard\libc_nano.a(lib_a-impure.o)
 *(.RamFunc)
 *(.RamFunc*)
                0x0000000024000078                . = ALIGN (0x4)
                0x0000000024000078                _edata = .

.igot.plt       0x0000000024000078        0x0 load address 0x0000000008005510
 .igot.plt      0x0000000024000078        0x0 c:/st/stm32cubeide_1.7.0/stm32cubeide/plugins/com.st.stm32cube.ide.mcu.externaltools.gnu-tools-for-stm32.9-2020-q2-update.win32_2.0.0.202105311346/tools/bin/../lib/gcc/arm-none-eabi/9.3.1/thumb/v7e-m+dp/hard/crtbegin.o
                0x0000000024000078                . = ALIGN (0x4)

.bss            0x0000000024000078     0xa150 load address 0x0000000008005510
                0x0000000024000078                _sbss = .
                0x0000000024000078                __bss_start__ = _sbss
 *(.bss)
 .bss           0x0000000024000078       0x1c c:/st/stm32cubeide_1.7.0/stm32cubeide/plugins/com.st.stm32cube.ide.mcu.externaltools.gnu-tools-for-stm32.9-2020-q2-update.win32_2.0.0.202105311346/tools/bin/../lib/gcc/arm-none-eabi/9.3.1/thumb/v7e-m+dp/hard/crtbegin.o
 *(.bss*)
 .bss.KernelState
                0x0000000024000094        0x4 ./Middlewares/Third_Party/FreeRTOS/cmsis_os2.o
 .bss.Idle_TCB.12760
                0x0000000024000098       0xcc ./Middlewares/Third_Party/FreeRTOS/cmsis_os2.o
 .bss.Idle_Stack.12761
                0x0000000024000164      0x400 ./Middlewares/Third_Party/FreeRTOS/cmsis_os2.o
 .bss.Timer_TCB.12767
                0x0000000024000564       0xcc ./Middlewares/Third_Party/FreeRTOS/cmsis_os2.o
 .bss.Timer_Stack.12768
                0x0000000024000630      0x800 ./Middlewares/Third_Party/FreeRTOS/cmsis_os2.o
 .bss.ucHeap    0x0000000024000e30     0x8ca0 ./Middlewares/Third_Party/FreeRTOS/heap_4.o
 .bss.xStart    0x0000000024009ad0        0x8 ./Middlewares/Third_Party/FreeRTOS/heap_4.o
 .bss.pxEnd     0x0000000024009ad8        0x4 ./Middlewares/Third_Party/FreeRTOS/heap_4.o
 .bss.xFreeBytesRemaining
                0x0000000024009adc        0x4 ./Middlewares/Third_Party/FreeRTOS/heap_4.o
 .bss.xMinimumEverFreeBytesRemaining
                0x0000000024009ae0        0x4 ./Middlewares/Third_Party/FreeRTOS/heap_4.o
 .bss.xNumberOfSuccessfulAllocations
                0x0000000024009ae4        0x4 ./Middlewares/Third_Party/FreeRTOS/heap_4.o
 .bss.xNumberOfSuccessfulFrees
                0x0000000024009ae8        0x4 ./Middlewares/Third_Party/FreeRTOS/heap_4.o
 .bss.xBlockAllocatedBit
                0x0000000024009aec        0x4 ./Middlewares/Third_Party/FreeRTOS/heap_4.o
 .bss.ucMaxSysCallPriority
                0x0000000024009af0        0x1 ./Middlewares/Third_Party/FreeRTOS/port.o
 *fill*         0x0000000024009af1        0x3 
 .bss.ulMaxPRIGROUPValue
                0x0000000024009af4        0x4 ./Middlewares/Third_Party/FreeRTOS/port.o
 .bss.pxCurrentTCB
                0x0000000024009af8        0x4 ./Middlewares/Third_Party/FreeRTOS/tasks.o
                0x0000000024009af8                pxCurrentTCB
 .bss.pxReadyTasksLists
                0x0000000024009afc      0x460 ./Middlewares/Third_Party/FreeRTOS/tasks.o
 .bss.xDelayedTaskList1
                0x0000000024009f5c       0x14 ./Middlewares/Third_Party/FreeRTOS/tasks.o
 .bss.xDelayedTaskList2
                0x0000000024009f70       0x14 ./Middlewares/Third_Party/FreeRTOS/tasks.o
 .bss.pxDelayedTaskList
                0x0000000024009f84        0x4 ./Middlewares/Third_Party/FreeRTOS/tasks.o
 .bss.pxOverflowDelayedTaskList
                0x0000000024009f88        0x4 ./Middlewares/Third_Party/FreeRTOS/tasks.o
 .bss.xPendingReadyList
                0x0000000024009f8c       0x14 ./Middlewares/Third_Party/FreeRTOS/tasks.o
 .bss.xTasksWaitingTermination
                0x0000000024009fa0       0x14 ./Middlewares/Third_Party/FreeRTOS/tasks.o
 .bss.uxDeletedTasksWaitingCleanUp
                0x0000000024009fb4        0x4 ./Middlewares/Third_Party/FreeRTOS/tasks.o
 .bss.xSuspendedTaskList
                0x0000000024009fb8       0x14 ./Middlewares/Third_Party/FreeRTOS/tasks.o
 .bss.uxCurrentNumberOfTasks
                0x0000000024009fcc        0x4 ./Middlewares/Third_Party/FreeRTOS/tasks.o
 .bss.xTickCount
                0x0000000024009fd0        0x4 ./Middlewares/Third_Party/FreeRTOS/tasks.o
 .bss.uxTopReadyPriority
                0x0000000024009fd4        0x4 ./Middlewares/Third_Party/FreeRTOS/tasks.o
 .bss.xSchedulerRunning
                0x0000000024009fd8        0x4 ./Middlewares/Third_Party/FreeRTOS/tasks.o
 .bss.xPendedTicks
                0x0000000024009fdc        0x4 ./Middlewares/Third_Party/FreeRTOS/tasks.o
 .bss.xYieldPending
                0x0000000024009fe0        0x4 ./Middlewares/Third_Party/FreeRTOS/tasks.o
 .bss.xNumOfOverflows
                0x0000000024009fe4        0x4 ./Middlewares/Third_Party/FreeRTOS/tasks.o
 .bss.uxTaskNumber
                0x0000000024009fe8        0x4 ./Middlewares/Third_Party/FreeRTOS/tasks.o
 .bss.xNextTaskUnblockTime
                0x0000000024009fec        0x4 ./Middlewares/Third_Party/FreeRTOS/tasks.o
 .bss.xIdleTaskHandle
                0x0000000024009ff0        0x4 ./Middlewares/Third_Party/FreeRTOS/tasks.o
 .bss.uxSchedulerSuspended
                0x0000000024009ff4        0x4 ./Middlewares/Third_Party/FreeRTOS/tasks.o
 .bss.xActiveTimerList1
                0x0000000024009ff8       0x14 ./Middlewares/Third_Party/FreeRTOS/timers.o
 .bss.xActiveTimerList2
                0x000000002400a00c       0x14 ./Middlewares/Third_Party/FreeRTOS/timers.o
 .bss.pxCurrentTimerList
                0x000000002400a020        0x4 ./Middlewares/Third_Party/FreeRTOS/timers.o
 .bss.pxOverflowTimerList
                0x000000002400a024        0x4 ./Middlewares/Third_Party/FreeRTOS/timers.o
 .bss.xTimerQueue
                0x000000002400a028        0x4 ./Middlewares/Third_Party/FreeRTOS/timers.o
 .bss.xTimerTaskHandle
                0x000000002400a02c        0x4 ./Middlewares/Third_Party/FreeRTOS/timers.o
 .bss.xLastTime.7010
                0x000000002400a030        0x4 ./Middlewares/Third_Party/FreeRTOS/timers.o
 .bss.ucStaticTimerQueueStorage.7061
                0x000000002400a034       0xa0 ./Middlewares/Third_Party/FreeRTOS/timers.o
 .bss.xStaticTimerQueue.7060
                0x000000002400a0d4       0x50 ./Middlewares/Third_Party/FreeRTOS/timers.o
 .bss.__malloc_free_list
                0x000000002400a124        0x4 c:/st/stm32cubeide_1.7.0/stm32cubeide/plugins/com.st.stm32cube.ide.mcu.externaltools.gnu-tools-for-stm32.9-2020-q2-update.win32_2.0.0.202105311346/tools/bin/../lib/gcc/arm-none-eabi/9.3.1/../../../../arm-none-eabi/lib/thumb/v7e-m+dp/hard\libc_nano.a(lib_a-nano-mallocr.o)
                0x000000002400a124                __malloc_free_list
 *(COMMON)
 COMMON         0x000000002400a128        0x4 ./Core/Src/freertos.o
                0x000000002400a128                defaultTaskHandle
 COMMON         0x000000002400a12c       0x4c ./Core/Src/stm32h7xx_hal_timebase_tim.o
                0x000000002400a12c                htim7
 COMMON         0x000000002400a178        0x4 ./Drivers/STM32H7xx_HAL_Driver/stm32h7xx_hal.o
                0x000000002400a178                uwTick
 COMMON         0x000000002400a17c       0x40 ./Middlewares/Third_Party/FreeRTOS/queue.o
                0x000000002400a17c                xQueueRegistry
 COMMON         0x000000002400a1bc        0x9 c:/st/stm32cubeide_1.7.0/stm32cubeide/plugins/com.st.stm32cube.ide.mcu.externaltools.gnu-tools-for-stm32.9-2020-q2-update.win32_2.0.0.202105311346/tools/bin/../lib/gcc/arm-none-eabi/9.3.1/../../../../arm-none-eabi/lib/thumb/v7e-m+dp/hard\libc_nano.a(lib_a-lock.o)
                0x000000002400a1bc                __lock___atexit_recursive_mutex
                0x000000002400a1bd                __lock___arc4random_mutex
                0x000000002400a1be                __lock___env_recursive_mutex
                0x000000002400a1bf                __lock___sinit_recursive_mutex
                0x000000002400a1c0                __lock___malloc_recursive_mutex
                0x000000002400a1c1                __lock___at_quick_exit_mutex
                0x000000002400a1c2                __lock___dd_hash_mutex
                0x000000002400a1c3                __lock___tz_mutex
                0x000000002400a1c4                __lock___sfp_recursive_mutex
                0x000000002400a1c8                . = ALIGN (0x4)
 *fill*         0x000000002400a1c5        0x3 
                0x000000002400a1c8                _ebss = .
                0x000000002400a1c8                __bss_end__ = _ebss

._user_heap_stack
                0x000000002400a1c8      0x600 load address 0x0000000008005510
                0x000000002400a1c8                . = ALIGN (0x8)
                [!provide]                        PROVIDE (end = .)
                0x000000002400a1c8                PROVIDE (_end = .)
                0x000000002400a3c8                . = (. + _Min_Heap_Size)
 *fill*         0x000000002400a1c8      0x200 
                0x000000002400a7c8                . = (. + _Min_Stack_Size)
 *fill*         0x000000002400a3c8      0x400 
                0x000000002400a7c8                . = ALIGN (0x8)

/DISCARD/
 libc.a(*)
 libm.a(*)
 libgcc.a(*)

.ARM.attributes
                0x0000000000000000       0x2e
 *(.ARM.attributes)
 .ARM.attributes
                0x0000000000000000       0x1e c:/st/stm32cubeide_1.7.0/stm32cubeide/plugins/com.st.stm32cube.ide.mcu.externaltools.gnu-tools-for-stm32.9-2020-q2-update.win32_2.0.0.202105311346/tools/bin/../lib/gcc/arm-none-eabi/9.3.1/thumb/v7e-m+dp/hard/crti.o
 .ARM.attributes
                0x000000000000001e       0x32 c:/st/stm32cubeide_1.7.0/stm32cubeide/plugins/com.st.stm32cube.ide.mcu.externaltools.gnu-tools-for-stm32.9-2020-q2-update.win32_2.0.0.202105311346/tools/bin/../lib/gcc/arm-none-eabi/9.3.1/thumb/v7e-m+dp/hard/crtbegin.o
 .ARM.attributes
                0x0000000000000050       0x32 ./Common/Src/system_stm32h7xx_dualcore_boot_cm4_cm7.o
 .ARM.attributes
                0x0000000000000082       0x32 ./Core/Src/dma.o
 .ARM.attributes
                0x00000000000000b4       0x32 ./Core/Src/freertos.o
 .ARM.attributes
                0x00000000000000e6       0x32 ./Core/Src/gpio.o
 .ARM.attributes
                0x0000000000000118       0x32 ./Core/Src/main.o
 .ARM.attributes
                0x000000000000014a       0x32 ./Core/Src/stm32h7xx_hal_msp.o
 .ARM.attributes
                0x000000000000017c       0x32 ./Core/Src/stm32h7xx_hal_timebase_tim.o
 .ARM.attributes
                0x00000000000001ae       0x32 ./Core/Src/stm32h7xx_it.o
 .ARM.attributes
                0x00000000000001e0       0x21 ./Core/Startup/startup_stm32h745zitx.o
 .ARM.attributes
                0x0000000000000201       0x32 ./Drivers/STM32H7xx_HAL_Driver/stm32h7xx_hal.o
 .ARM.attributes
                0x0000000000000233       0x32 ./Drivers/STM32H7xx_HAL_Driver/stm32h7xx_hal_cortex.o
 .ARM.attributes
                0x0000000000000265       0x32 ./Drivers/STM32H7xx_HAL_Driver/stm32h7xx_hal_gpio.o
 .ARM.attributes
                0x0000000000000297       0x32 ./Drivers/STM32H7xx_HAL_Driver/stm32h7xx_hal_hsem.o
 .ARM.attributes
                0x00000000000002c9       0x32 ./Drivers/STM32H7xx_HAL_Driver/stm32h7xx_hal_pwr_ex.o
 .ARM.attributes
                0x00000000000002fb       0x32 ./Drivers/STM32H7xx_HAL_Driver/stm32h7xx_hal_rcc.o
 .ARM.attributes
                0x000000000000032d       0x32 ./Drivers/STM32H7xx_HAL_Driver/stm32h7xx_hal_tim.o
 .ARM.attributes
                0x000000000000035f       0x32 ./Drivers/STM32H7xx_HAL_Driver/stm32h7xx_hal_tim_ex.o
 .ARM.attributes
                0x0000000000000391       0x32 ./Middlewares/Third_Party/FreeRTOS/cmsis_os2.o
 .ARM.attributes
                0x00000000000003c3       0x32 ./Middlewares/Third_Party/FreeRTOS/heap_4.o
 .ARM.attributes
                0x00000000000003f5       0x32 ./Middlewares/Third_Party/FreeRTOS/list.o
 .ARM.attributes
                0x0000000000000427       0x32 ./Middlewares/Third_Party/FreeRTOS/port.o
 .ARM.attributes
                0x0000000000000459       0x32 ./Middlewares/Third_Party/FreeRTOS/queue.o
 .ARM.attributes
                0x000000000000048b       0x32 ./Middlewares/Third_Party/FreeRTOS/tasks.o
 .ARM.attributes
                0x00000000000004bd       0x32 ./Middlewares/Third_Party/FreeRTOS/timers.o
 .ARM.attributes
                0x00000000000004ef       0x32 c:/st/stm32cubeide_1.7.0/stm32cubeide/plugins/com.st.stm32cube.ide.mcu.externaltools.gnu-tools-for-stm32.9-2020-q2-update.win32_2.0.0.202105311346/tools/bin/../lib/gcc/arm-none-eabi/9.3.1/../../../../arm-none-eabi/lib/thumb/v7e-m+dp/hard\libc_nano.a(lib_a-findfp.o)
 .ARM.attributes
                0x0000000000000521       0x30 c:/st/stm32cubeide_1.7.0/stm32cubeide/plugins/com.st.stm32cube.ide.mcu.externaltools.gnu-tools-for-stm32.9-2020-q2-update.win32_2.0.0.202105311346/tools/bin/../lib/gcc/arm-none-eabi/9.3.1/../../../../arm-none-eabi/lib/thumb/v7e-m+dp/hard\libc_nano.a(lib_a-impure.o)
 .ARM.attributes
                0x0000000000000551       0x32 c:/st/stm32cubeide_1.7.0/stm32cubeide/plugins/com.st.stm32cube.ide.mcu.externaltools.gnu-tools-for-stm32.9-2020-q2-update.win32_2.0.0.202105311346/tools/bin/../lib/gcc/arm-none-eabi/9.3.1/../../../../arm-none-eabi/lib/thumb/v7e-m+dp/hard\libc_nano.a(lib_a-init.o)
 .ARM.attributes
                0x0000000000000583       0x32 c:/st/stm32cubeide_1.7.0/stm32cubeide/plugins/com.st.stm32cube.ide.mcu.externaltools.gnu-tools-for-stm32.9-2020-q2-update.win32_2.0.0.202105311346/tools/bin/../lib/gcc/arm-none-eabi/9.3.1/../../../../arm-none-eabi/lib/thumb/v7e-m+dp/hard\libc_nano.a(lib_a-lock.o)
 .ARM.attributes
                0x00000000000005b5       0x32 c:/st/stm32cubeide_1.7.0/stm32cubeide/plugins/com.st.stm32cube.ide.mcu.externaltools.gnu-tools-for-stm32.9-2020-q2-update.win32_2.0.0.202105311346/tools/bin/../lib/gcc/arm-none-eabi/9.3.1/../../../../arm-none-eabi/lib/thumb/v7e-m+dp/hard\libc_nano.a(lib_a-memcpy-stub.o)
 .ARM.attributes
                0x00000000000005e7       0x32 c:/st/stm32cubeide_1.7.0/stm32cubeide/plugins/com.st.stm32cube.ide.mcu.externaltools.gnu-tools-for-stm32.9-2020-q2-update.win32_2.0.0.202105311346/tools/bin/../lib/gcc/arm-none-eabi/9.3.1/../../../../arm-none-eabi/lib/thumb/v7e-m+dp/hard\libc_nano.a(lib_a-memset.o)
 .ARM.attributes
                0x0000000000000619       0x32 c:/st/stm32cubeide_1.7.0/stm32cubeide/plugins/com.st.stm32cube.ide.mcu.externaltools.gnu-tools-for-stm32.9-2020-q2-update.win32_2.0.0.202105311346/tools/bin/../lib/gcc/arm-none-eabi/9.3.1/../../../../arm-none-eabi/lib/thumb/v7e-m+dp/hard\libc_nano.a(lib_a-nano-mallocr.o)
 .ARM.attributes
                0x000000000000064b       0x32 c:/st/stm32cubeide_1.7.0/stm32cubeide/plugins/com.st.stm32cube.ide.mcu.externaltools.gnu-tools-for-stm32.9-2020-q2-update.win32_2.0.0.202105311346/tools/bin/../lib/gcc/arm-none-eabi/9.3.1/../../../../arm-none-eabi/lib/thumb/v7e-m+dp/hard\libc_nano.a(lib_a-reent.o)
 .ARM.attributes
                0x000000000000067d       0x32 c:/st/stm32cubeide_1.7.0/stm32cubeide/plugins/com.st.stm32cube.ide.mcu.externaltools.gnu-tools-for-stm32.9-2020-q2-update.win32_2.0.0.202105311346/tools/bin/../lib/gcc/arm-none-eabi/9.3.1/../../../../arm-none-eabi/lib/thumb/v7e-m+dp/hard\libc_nano.a(lib_a-mlock.o)
 .ARM.attributes
                0x00000000000006af       0x32 c:/st/stm32cubeide_1.7.0/stm32cubeide/plugins/com.st.stm32cube.ide.mcu.externaltools.gnu-tools-for-stm32.9-2020-q2-update.win32_2.0.0.202105311346/tools/bin/../lib/gcc/arm-none-eabi/9.3.1/../../../../arm-none-eabi/lib/thumb/v7e-m+dp/hard\libc_nano.a(lib_a-nano-freer.o)
 .ARM.attributes
                0x00000000000006e1       0x1e c:/st/stm32cubeide_1.7.0/stm32cubeide/plugins/com.st.stm32cube.ide.mcu.externaltools.gnu-tools-for-stm32.9-2020-q2-update.win32_2.0.0.202105311346/tools/bin/../lib/gcc/arm-none-eabi/9.3.1/thumb/v7e-m+dp/hard/crtn.o
OUTPUT(LAB_1_CM7.elf elf32-littlearm)
LOAD linker stubs
LOAD c:/st/stm32cubeide_1.7.0/stm32cubeide/plugins/com.st.stm32cube.ide.mcu.externaltools.gnu-tools-for-stm32.9-2020-q2-update.win32_2.0.0.202105311346/tools/bin/../lib/gcc/arm-none-eabi/9.3.1/../../../../arm-none-eabi/lib/thumb/v7e-m+dp/hard\libc.a
LOAD c:/st/stm32cubeide_1.7.0/stm32cubeide/plugins/com.st.stm32cube.ide.mcu.externaltools.gnu-tools-for-stm32.9-2020-q2-update.win32_2.0.0.202105311346/tools/bin/../lib/gcc/arm-none-eabi/9.3.1/../../../../arm-none-eabi/lib/thumb/v7e-m+dp/hard\libm.a
LOAD c:/st/stm32cubeide_1.7.0/stm32cubeide/plugins/com.st.stm32cube.ide.mcu.externaltools.gnu-tools-for-stm32.9-2020-q2-update.win32_2.0.0.202105311346/tools/bin/../lib/gcc/arm-none-eabi/9.3.1/thumb/v7e-m+dp/hard\libgcc.a

.debug_info     0x0000000000000000    0x26be5
 .debug_info    0x0000000000000000     0x184a ./Common/Src/system_stm32h7xx_dualcore_boot_cm4_cm7.o
 .debug_info    0x000000000000184a      0xf7a ./Core/Src/dma.o
 .debug_info    0x00000000000027c4      0xe8a ./Core/Src/freertos.o
 .debug_info    0x000000000000364e     0x111a ./Core/Src/gpio.o
 .debug_info    0x0000000000004768     0x1b97 ./Core/Src/main.o
 .debug_info    0x00000000000062ff     0x131f ./Core/Src/stm32h7xx_hal_msp.o
 .debug_info    0x000000000000761e     0x1b16 ./Core/Src/stm32h7xx_hal_timebase_tim.o
 .debug_info    0x0000000000009134     0x12c6 ./Core/Src/stm32h7xx_it.o
 .debug_info    0x000000000000a3fa       0x22 ./Core/Startup/startup_stm32h745zitx.o
 .debug_info    0x000000000000a41c     0x21ec ./Drivers/STM32H7xx_HAL_Driver/stm32h7xx_hal.o
 .debug_info    0x000000000000c608     0x1c31 ./Drivers/STM32H7xx_HAL_Driver/stm32h7xx_hal_cortex.o
 .debug_info    0x000000000000e239     0x189e ./Drivers/STM32H7xx_HAL_Driver/stm32h7xx_hal_gpio.o
 .debug_info    0x000000000000fad7      0xed3 ./Drivers/STM32H7xx_HAL_Driver/stm32h7xx_hal_hsem.o
 .debug_info    0x00000000000109aa     0x1d5d ./Drivers/STM32H7xx_HAL_Driver/stm32h7xx_hal_pwr_ex.o
 .debug_info    0x0000000000012707     0x194f ./Drivers/STM32H7xx_HAL_Driver/stm32h7xx_hal_rcc.o
 .debug_info    0x0000000000014056     0x3639 ./Drivers/STM32H7xx_HAL_Driver/stm32h7xx_hal_tim.o
 .debug_info    0x000000000001768f     0x21cf ./Drivers/STM32H7xx_HAL_Driver/stm32h7xx_hal_tim_ex.o
 .debug_info    0x000000000001985e     0x425c ./Middlewares/Third_Party/FreeRTOS/cmsis_os2.o
 .debug_info    0x000000000001daba      0xd8a ./Middlewares/Third_Party/FreeRTOS/heap_4.o
 .debug_info    0x000000000001e844      0xb82 ./Middlewares/Third_Party/FreeRTOS/list.o
 .debug_info    0x000000000001f3c6      0xd8a ./Middlewares/Third_Party/FreeRTOS/port.o
 .debug_info    0x0000000000020150     0x23b0 ./Middlewares/Third_Party/FreeRTOS/queue.o
 .debug_info    0x0000000000022500     0x2ae2 ./Middlewares/Third_Party/FreeRTOS/tasks.o
 .debug_info    0x0000000000024fe2     0x1c03 ./Middlewares/Third_Party/FreeRTOS/timers.o

.debug_abbrev   0x0000000000000000     0x4297
 .debug_abbrev  0x0000000000000000      0x262 ./Common/Src/system_stm32h7xx_dualcore_boot_cm4_cm7.o
 .debug_abbrev  0x0000000000000262      0x20f ./Core/Src/dma.o
 .debug_abbrev  0x0000000000000471      0x22d ./Core/Src/freertos.o
 .debug_abbrev  0x000000000000069e      0x229 ./Core/Src/gpio.o
 .debug_abbrev  0x00000000000008c7      0x2ba ./Core/Src/main.o
 .debug_abbrev  0x0000000000000b81      0x20f ./Core/Src/stm32h7xx_hal_msp.o
 .debug_abbrev  0x0000000000000d90      0x271 ./Core/Src/stm32h7xx_hal_timebase_tim.o
 .debug_abbrev  0x0000000000001001      0x211 ./Core/Src/stm32h7xx_it.o
 .debug_abbrev  0x0000000000001212       0x12 ./Core/Startup/startup_stm32h745zitx.o
 .debug_abbrev  0x0000000000001224      0x31b ./Drivers/STM32H7xx_HAL_Driver/stm32h7xx_hal.o
 .debug_abbrev  0x000000000000153f      0x409 ./Drivers/STM32H7xx_HAL_Driver/stm32h7xx_hal_cortex.o
 .debug_abbrev  0x0000000000001948      0x2cb ./Drivers/STM32H7xx_HAL_Driver/stm32h7xx_hal_gpio.o
 .debug_abbrev  0x0000000000001c13      0x2e9 ./Drivers/STM32H7xx_HAL_Driver/stm32h7xx_hal_hsem.o
 .debug_abbrev  0x0000000000001efc      0x37d ./Drivers/STM32H7xx_HAL_Driver/stm32h7xx_hal_pwr_ex.o
 .debug_abbrev  0x0000000000002279      0x322 ./Drivers/STM32H7xx_HAL_Driver/stm32h7xx_hal_rcc.o
 .debug_abbrev  0x000000000000259b      0x2f9 ./Drivers/STM32H7xx_HAL_Driver/stm32h7xx_hal_tim.o
 .debug_abbrev  0x0000000000002894      0x301 ./Drivers/STM32H7xx_HAL_Driver/stm32h7xx_hal_tim_ex.o
 .debug_abbrev  0x0000000000002b95      0x4d2 ./Middlewares/Third_Party/FreeRTOS/cmsis_os2.o
 .debug_abbrev  0x0000000000003067      0x2d3 ./Middlewares/Third_Party/FreeRTOS/heap_4.o
 .debug_abbrev  0x000000000000333a      0x1f7 ./Middlewares/Third_Party/FreeRTOS/list.o
 .debug_abbrev  0x0000000000003531      0x335 ./Middlewares/Third_Party/FreeRTOS/port.o
 .debug_abbrev  0x0000000000003866      0x380 ./Middlewares/Third_Party/FreeRTOS/queue.o
 .debug_abbrev  0x0000000000003be6      0x39a ./Middlewares/Third_Party/FreeRTOS/tasks.o
 .debug_abbrev  0x0000000000003f80      0x317 ./Middlewares/Third_Party/FreeRTOS/timers.o

.debug_aranges  0x0000000000000000     0x14f0
 .debug_aranges
                0x0000000000000000       0x28 ./Common/Src/system_stm32h7xx_dualcore_boot_cm4_cm7.o
 .debug_aranges
                0x0000000000000028       0x20 ./Core/Src/dma.o
 .debug_aranges
                0x0000000000000048       0x28 ./Core/Src/freertos.o
 .debug_aranges
                0x0000000000000070       0x20 ./Core/Src/gpio.o
 .debug_aranges
                0x0000000000000090       0x38 ./Core/Src/main.o
 .debug_aranges
                0x00000000000000c8       0x20 ./Core/Src/stm32h7xx_hal_msp.o
 .debug_aranges
                0x00000000000000e8       0x30 ./Core/Src/stm32h7xx_hal_timebase_tim.o
 .debug_aranges
                0x0000000000000118       0x50 ./Core/Src/stm32h7xx_it.o
 .debug_aranges
                0x0000000000000168       0x28 ./Core/Startup/startup_stm32h745zitx.o
 .debug_aranges
                0x0000000000000190      0x200 ./Drivers/STM32H7xx_HAL_Driver/stm32h7xx_hal.o
 .debug_aranges
                0x0000000000000390      0x120 ./Drivers/STM32H7xx_HAL_Driver/stm32h7xx_hal_cortex.o
 .debug_aranges
                0x00000000000004b0       0x58 ./Drivers/STM32H7xx_HAL_Driver/stm32h7xx_hal_gpio.o
 .debug_aranges
                0x0000000000000508       0x70 ./Drivers/STM32H7xx_HAL_Driver/stm32h7xx_hal_hsem.o
 .debug_aranges
                0x0000000000000578      0x170 ./Drivers/STM32H7xx_HAL_Driver/stm32h7xx_hal_pwr_ex.o
 .debug_aranges
                0x00000000000006e8       0x88 ./Drivers/STM32H7xx_HAL_Driver/stm32h7xx_hal_rcc.o
 .debug_aranges
                0x0000000000000770      0x3e0 ./Drivers/STM32H7xx_HAL_Driver/stm32h7xx_hal_tim.o
 .debug_aranges
                0x0000000000000b50      0x188 ./Drivers/STM32H7xx_HAL_Driver/stm32h7xx_hal_tim_ex.o
 .debug_aranges
                0x0000000000000cd8      0x2b0 ./Middlewares/Third_Party/FreeRTOS/cmsis_os2.o
 .debug_aranges
                0x0000000000000f88       0x58 ./Middlewares/Third_Party/FreeRTOS/heap_4.o
 .debug_aranges
                0x0000000000000fe0       0x40 ./Middlewares/Third_Party/FreeRTOS/list.o
 .debug_aranges
                0x0000000000001020       0x80 ./Middlewares/Third_Party/FreeRTOS/port.o
 .debug_aranges
                0x00000000000010a0      0x158 ./Middlewares/Third_Party/FreeRTOS/queue.o
 .debug_aranges
                0x00000000000011f8      0x208 ./Middlewares/Third_Party/FreeRTOS/tasks.o
 .debug_aranges
                0x0000000000001400       0xf0 ./Middlewares/Third_Party/FreeRTOS/timers.o

.debug_ranges   0x0000000000000000     0x1378
 .debug_ranges  0x0000000000000000       0x18 ./Common/Src/system_stm32h7xx_dualcore_boot_cm4_cm7.o
 .debug_ranges  0x0000000000000018       0x10 ./Core/Src/dma.o
 .debug_ranges  0x0000000000000028       0x18 ./Core/Src/freertos.o
 .debug_ranges  0x0000000000000040       0x10 ./Core/Src/gpio.o
 .debug_ranges  0x0000000000000050       0x28 ./Core/Src/main.o
 .debug_ranges  0x0000000000000078       0x10 ./Core/Src/stm32h7xx_hal_msp.o
 .debug_ranges  0x0000000000000088       0x20 ./Core/Src/stm32h7xx_hal_timebase_tim.o
 .debug_ranges  0x00000000000000a8       0x40 ./Core/Src/stm32h7xx_it.o
 .debug_ranges  0x00000000000000e8       0x20 ./Core/Startup/startup_stm32h745zitx.o
 .debug_ranges  0x0000000000000108      0x1f0 ./Drivers/STM32H7xx_HAL_Driver/stm32h7xx_hal.o
 .debug_ranges  0x00000000000002f8      0x110 ./Drivers/STM32H7xx_HAL_Driver/stm32h7xx_hal_cortex.o
 .debug_ranges  0x0000000000000408       0x48 ./Drivers/STM32H7xx_HAL_Driver/stm32h7xx_hal_gpio.o
 .debug_ranges  0x0000000000000450       0x60 ./Drivers/STM32H7xx_HAL_Driver/stm32h7xx_hal_hsem.o
 .debug_ranges  0x00000000000004b0      0x160 ./Drivers/STM32H7xx_HAL_Driver/stm32h7xx_hal_pwr_ex.o
 .debug_ranges  0x0000000000000610       0x78 ./Drivers/STM32H7xx_HAL_Driver/stm32h7xx_hal_rcc.o
 .debug_ranges  0x0000000000000688      0x3d0 ./Drivers/STM32H7xx_HAL_Driver/stm32h7xx_hal_tim.o
 .debug_ranges  0x0000000000000a58      0x178 ./Drivers/STM32H7xx_HAL_Driver/stm32h7xx_hal_tim_ex.o
 .debug_ranges  0x0000000000000bd0      0x2a0 ./Middlewares/Third_Party/FreeRTOS/cmsis_os2.o
 .debug_ranges  0x0000000000000e70       0x48 ./Middlewares/Third_Party/FreeRTOS/heap_4.o
 .debug_ranges  0x0000000000000eb8       0x30 ./Middlewares/Third_Party/FreeRTOS/list.o
 .debug_ranges  0x0000000000000ee8       0x70 ./Middlewares/Third_Party/FreeRTOS/port.o
 .debug_ranges  0x0000000000000f58      0x148 ./Middlewares/Third_Party/FreeRTOS/queue.o
 .debug_ranges  0x00000000000010a0      0x1f8 ./Middlewares/Third_Party/FreeRTOS/tasks.o
 .debug_ranges  0x0000000000001298       0xe0 ./Middlewares/Third_Party/FreeRTOS/timers.o

.debug_macro    0x0000000000000000    0x3ba04
 .debug_macro   0x0000000000000000      0x2ae ./Common/Src/system_stm32h7xx_dualcore_boot_cm4_cm7.o
 .debug_macro   0x00000000000002ae      0xac6 ./Common/Src/system_stm32h7xx_dualcore_boot_cm4_cm7.o
 .debug_macro   0x0000000000000d74       0x2e ./Common/Src/system_stm32h7xx_dualcore_boot_cm4_cm7.o
 .debug_macro   0x0000000000000da2       0x49 ./Common/Src/system_stm32h7xx_dualcore_boot_cm4_cm7.o
 .debug_macro   0x0000000000000deb       0x22 ./Common/Src/system_stm32h7xx_dualcore_boot_cm4_cm7.o
 .debug_macro   0x0000000000000e0d       0x8e ./Common/Src/system_stm32h7xx_dualcore_boot_cm4_cm7.o
 .debug_macro   0x0000000000000e9b       0x51 ./Common/Src/system_stm32h7xx_dualcore_boot_cm4_cm7.o
 .debug_macro   0x0000000000000eec      0x103 ./Common/Src/system_stm32h7xx_dualcore_boot_cm4_cm7.o
 .debug_macro   0x0000000000000fef       0x6a ./Common/Src/system_stm32h7xx_dualcore_boot_cm4_cm7.o
 .debug_macro   0x0000000000001059      0x1df ./Common/Src/system_stm32h7xx_dualcore_boot_cm4_cm7.o
 .debug_macro   0x0000000000001238       0x1c ./Common/Src/system_stm32h7xx_dualcore_boot_cm4_cm7.o
 .debug_macro   0x0000000000001254       0x22 ./Common/Src/system_stm32h7xx_dualcore_boot_cm4_cm7.o
 .debug_macro   0x0000000000001276      0x101 ./Common/Src/system_stm32h7xx_dualcore_boot_cm4_cm7.o
 .debug_macro   0x0000000000001377     0x1305 ./Common/Src/system_stm32h7xx_dualcore_boot_cm4_cm7.o
 .debug_macro   0x000000000000267c      0x11f ./Common/Src/system_stm32h7xx_dualcore_boot_cm4_cm7.o
 .debug_macro   0x000000000000279b       0x27 ./Common/Src/system_stm32h7xx_dualcore_boot_cm4_cm7.o
 .debug_macro   0x00000000000027c2    0x26895 ./Common/Src/system_stm32h7xx_dualcore_boot_cm4_cm7.o
 .debug_macro   0x0000000000029057       0x43 ./Common/Src/system_stm32h7xx_dualcore_boot_cm4_cm7.o
 .debug_macro   0x000000000002909a      0x238 ./Common/Src/system_stm32h7xx_dualcore_boot_cm4_cm7.o
 .debug_macro   0x00000000000292d2     0x3cd3 ./Common/Src/system_stm32h7xx_dualcore_boot_cm4_cm7.o
 .debug_macro   0x000000000002cfa5      0x174 ./Common/Src/system_stm32h7xx_dualcore_boot_cm4_cm7.o
 .debug_macro   0x000000000002d119       0x52 ./Common/Src/system_stm32h7xx_dualcore_boot_cm4_cm7.o
 .debug_macro   0x000000000002d16b       0x17 ./Common/Src/system_stm32h7xx_dualcore_boot_cm4_cm7.o
 .debug_macro   0x000000000002d182       0x3c ./Common/Src/system_stm32h7xx_dualcore_boot_cm4_cm7.o
 .debug_macro   0x000000000002d1be       0x34 ./Common/Src/system_stm32h7xx_dualcore_boot_cm4_cm7.o
 .debug_macro   0x000000000002d1f2       0x16 ./Common/Src/system_stm32h7xx_dualcore_boot_cm4_cm7.o
 .debug_macro   0x000000000002d208       0x43 ./Common/Src/system_stm32h7xx_dualcore_boot_cm4_cm7.o
 .debug_macro   0x000000000002d24b       0x34 ./Common/Src/system_stm32h7xx_dualcore_boot_cm4_cm7.o
 .debug_macro   0x000000000002d27f       0x10 ./Common/Src/system_stm32h7xx_dualcore_boot_cm4_cm7.o
 .debug_macro   0x000000000002d28f       0x58 ./Common/Src/system_stm32h7xx_dualcore_boot_cm4_cm7.o
 .debug_macro   0x000000000002d2e7       0x71 ./Common/Src/system_stm32h7xx_dualcore_boot_cm4_cm7.o
 .debug_macro   0x000000000002d358       0x1c ./Common/Src/system_stm32h7xx_dualcore_boot_cm4_cm7.o
 .debug_macro   0x000000000002d374      0x12a ./Common/Src/system_stm32h7xx_dualcore_boot_cm4_cm7.o
 .debug_macro   0x000000000002d49e      0x333 ./Common/Src/system_stm32h7xx_dualcore_boot_cm4_cm7.o
 .debug_macro   0x000000000002d7d1      0x1a9 ./Common/Src/system_stm32h7xx_dualcore_boot_cm4_cm7.o
 .debug_macro   0x000000000002d97a       0x5d ./Common/Src/system_stm32h7xx_dualcore_boot_cm4_cm7.o
 .debug_macro   0x000000000002d9d7     0x3a9d ./Common/Src/system_stm32h7xx_dualcore_boot_cm4_cm7.o
 .debug_macro   0x0000000000031474     0x1048 ./Common/Src/system_stm32h7xx_dualcore_boot_cm4_cm7.o
 .debug_macro   0x00000000000324bc      0x14d ./Common/Src/system_stm32h7xx_dualcore_boot_cm4_cm7.o
 .debug_macro   0x0000000000032609      0x133 ./Common/Src/system_stm32h7xx_dualcore_boot_cm4_cm7.o
 .debug_macro   0x000000000003273c      0x3be ./Common/Src/system_stm32h7xx_dualcore_boot_cm4_cm7.o
 .debug_macro   0x0000000000032afa       0x27 ./Common/Src/system_stm32h7xx_dualcore_boot_cm4_cm7.o
 .debug_macro   0x0000000000032b21      0x72d ./Common/Src/system_stm32h7xx_dualcore_boot_cm4_cm7.o
 .debug_macro   0x000000000003324e      0x229 ./Common/Src/system_stm32h7xx_dualcore_boot_cm4_cm7.o
 .debug_macro   0x0000000000033477       0x66 ./Common/Src/system_stm32h7xx_dualcore_boot_cm4_cm7.o
 .debug_macro   0x00000000000334dd      0x3bb ./Common/Src/system_stm32h7xx_dualcore_boot_cm4_cm7.o
 .debug_macro   0x0000000000033898      0x408 ./Common/Src/system_stm32h7xx_dualcore_boot_cm4_cm7.o
 .debug_macro   0x0000000000033ca0      0x27c ./Common/Src/system_stm32h7xx_dualcore_boot_cm4_cm7.o
 .debug_macro   0x0000000000033f1c      0x3cb ./Common/Src/system_stm32h7xx_dualcore_boot_cm4_cm7.o
 .debug_macro   0x00000000000342e7      0x4a2 ./Common/Src/system_stm32h7xx_dualcore_boot_cm4_cm7.o
 .debug_macro   0x0000000000034789       0x51 ./Common/Src/system_stm32h7xx_dualcore_boot_cm4_cm7.o
 .debug_macro   0x00000000000347da       0x4a ./Common/Src/system_stm32h7xx_dualcore_boot_cm4_cm7.o
 .debug_macro   0x0000000000034824      0x22c ./Common/Src/system_stm32h7xx_dualcore_boot_cm4_cm7.o
 .debug_macro   0x0000000000034a50       0x67 ./Common/Src/system_stm32h7xx_dualcore_boot_cm4_cm7.o
 .debug_macro   0x0000000000034ab7       0xa5 ./Common/Src/system_stm32h7xx_dualcore_boot_cm4_cm7.o
 .debug_macro   0x0000000000034b5c      0x219 ./Common/Src/system_stm32h7xx_dualcore_boot_cm4_cm7.o
 .debug_macro   0x0000000000034d75      0x2eb ./Common/Src/system_stm32h7xx_dualcore_boot_cm4_cm7.o
 .debug_macro   0x0000000000035060       0x35 ./Common/Src/system_stm32h7xx_dualcore_boot_cm4_cm7.o
 .debug_macro   0x0000000000035095      0xad7 ./Common/Src/system_stm32h7xx_dualcore_boot_cm4_cm7.o
 .debug_macro   0x0000000000035b6c      0x2a0 ./Common/Src/system_stm32h7xx_dualcore_boot_cm4_cm7.o
 .debug_macro   0x0000000000035e0c      0x67e ./Common/Src/system_stm32h7xx_dualcore_boot_cm4_cm7.o
 .debug_macro   0x000000000003648a       0xa6 ./Common/Src/system_stm32h7xx_dualcore_boot_cm4_cm7.o
 .debug_macro   0x0000000000036530      0x798 ./Common/Src/system_stm32h7xx_dualcore_boot_cm4_cm7.o
 .debug_macro   0x0000000000036cc8      0x2c1 ./Core/Src/dma.o
 .debug_macro   0x0000000000036f89       0x28 ./Core/Src/dma.o
 .debug_macro   0x0000000000036fb1      0x359 ./Core/Src/freertos.o
 .debug_macro   0x000000000003730a      0x16f ./Core/Src/freertos.o
 .debug_macro   0x0000000000037479      0x15a ./Core/Src/freertos.o
 .debug_macro   0x00000000000375d3       0xc9 ./Core/Src/freertos.o
 .debug_macro   0x000000000003769c       0x1c ./Core/Src/freertos.o
 .debug_macro   0x00000000000376b8       0x26 ./Core/Src/freertos.o
 .debug_macro   0x00000000000376de       0x10 ./Core/Src/freertos.o
 .debug_macro   0x00000000000376ee       0x35 ./Core/Src/freertos.o
 .debug_macro   0x0000000000037723      0x4bf ./Core/Src/freertos.o
 .debug_macro   0x0000000000037be2       0xb5 ./Core/Src/freertos.o
 .debug_macro   0x0000000000037c97       0xaa ./Core/Src/freertos.o
 .debug_macro   0x0000000000037d41       0x6c ./Core/Src/freertos.o
 .debug_macro   0x0000000000037dad       0x74 ./Core/Src/freertos.o
 .debug_macro   0x0000000000037e21       0xdd ./Core/Src/freertos.o
 .debug_macro   0x0000000000037efe      0x2c1 ./Core/Src/gpio.o
 .debug_macro   0x00000000000381bf      0x377 ./Core/Src/main.o
 .debug_macro   0x0000000000038536      0x16f ./Core/Src/main.o
 .debug_macro   0x00000000000386a5       0x16 ./Core/Src/main.o
 .debug_macro   0x00000000000386bb       0x66 ./Core/Src/main.o
 .debug_macro   0x0000000000038721      0x2b7 ./Core/Src/stm32h7xx_hal_msp.o
 .debug_macro   0x00000000000389d8      0x2a8 ./Core/Src/stm32h7xx_hal_timebase_tim.o
 .debug_macro   0x0000000000038c80      0x2c1 ./Core/Src/stm32h7xx_it.o
 .debug_macro   0x0000000000038f41      0x2d2 ./Drivers/STM32H7xx_HAL_Driver/stm32h7xx_hal.o
 .debug_macro   0x0000000000039213      0x2a8 ./Drivers/STM32H7xx_HAL_Driver/stm32h7xx_hal_cortex.o
 .debug_macro   0x00000000000394bb      0x2f2 ./Drivers/STM32H7xx_HAL_Driver/stm32h7xx_hal_gpio.o
 .debug_macro   0x00000000000397ad      0x2ba ./Drivers/STM32H7xx_HAL_Driver/stm32h7xx_hal_hsem.o
 .debug_macro   0x0000000000039a67      0x2e1 ./Drivers/STM32H7xx_HAL_Driver/stm32h7xx_hal_pwr_ex.o
 .debug_macro   0x0000000000039d48      0x2cc ./Drivers/STM32H7xx_HAL_Driver/stm32h7xx_hal_rcc.o
 .debug_macro   0x000000000003a014      0x2a9 ./Drivers/STM32H7xx_HAL_Driver/stm32h7xx_hal_tim.o
 .debug_macro   0x000000000003a2bd      0x2a8 ./Drivers/STM32H7xx_HAL_Driver/stm32h7xx_hal_tim_ex.o
 .debug_macro   0x000000000003a565      0x419 ./Middlewares/Third_Party/FreeRTOS/cmsis_os2.o
 .debug_macro   0x000000000003a97e       0x10 ./Middlewares/Third_Party/FreeRTOS/cmsis_os2.o
 .debug_macro   0x000000000003a98e       0x20 ./Middlewares/Third_Party/FreeRTOS/cmsis_os2.o
 .debug_macro   0x000000000003a9ae       0x10 ./Middlewares/Third_Party/FreeRTOS/cmsis_os2.o
 .debug_macro   0x000000000003a9be       0xf5 ./Middlewares/Third_Party/FreeRTOS/cmsis_os2.o
 .debug_macro   0x000000000003aab3       0x91 ./Middlewares/Third_Party/FreeRTOS/cmsis_os2.o
 .debug_macro   0x000000000003ab44       0x8d ./Middlewares/Third_Party/FreeRTOS/cmsis_os2.o
 .debug_macro   0x000000000003abd1       0x9a ./Middlewares/Third_Party/FreeRTOS/cmsis_os2.o
 .debug_macro   0x000000000003ac6b       0x22 ./Middlewares/Third_Party/FreeRTOS/cmsis_os2.o
 .debug_macro   0x000000000003ac8d      0x1c0 ./Middlewares/Third_Party/FreeRTOS/heap_4.o
 .debug_macro   0x000000000003ae4d      0x199 ./Middlewares/Third_Party/FreeRTOS/list.o
 .debug_macro   0x000000000003afe6      0x233 ./Middlewares/Third_Party/FreeRTOS/port.o
 .debug_macro   0x000000000003b219      0x228 ./Middlewares/Third_Party/FreeRTOS/queue.o
 .debug_macro   0x000000000003b441       0x16 ./Middlewares/Third_Party/FreeRTOS/queue.o
 .debug_macro   0x000000000003b457       0x87 ./Middlewares/Third_Party/FreeRTOS/queue.o
 .debug_macro   0x000000000003b4de      0x291 ./Middlewares/Third_Party/FreeRTOS/tasks.o
 .debug_macro   0x000000000003b76f       0x10 ./Middlewares/Third_Party/FreeRTOS/tasks.o
 .debug_macro   0x000000000003b77f      0x1ee ./Middlewares/Third_Party/FreeRTOS/timers.o
 .debug_macro   0x000000000003b96d       0x97 ./Middlewares/Third_Party/FreeRTOS/timers.o

.debug_line     0x0000000000000000    0x18207
 .debug_line    0x0000000000000000      0xa77 ./Common/Src/system_stm32h7xx_dualcore_boot_cm4_cm7.o
 .debug_line    0x0000000000000a77      0x85f ./Core/Src/dma.o
 .debug_line    0x00000000000012d6      0x9f7 ./Core/Src/freertos.o
 .debug_line    0x0000000000001ccd      0x8c6 ./Core/Src/gpio.o
 .debug_line    0x0000000000002593      0xaf3 ./Core/Src/main.o
 .debug_line    0x0000000000003086      0x866 ./Core/Src/stm32h7xx_hal_msp.o
 .debug_line    0x00000000000038ec      0x8d9 ./Core/Src/stm32h7xx_hal_timebase_tim.o
 .debug_line    0x00000000000041c5      0x902 ./Core/Src/stm32h7xx_it.o
 .debug_line    0x0000000000004ac7       0x88 ./Core/Startup/startup_stm32h745zitx.o
 .debug_line    0x0000000000004b4f      0xfb1 ./Drivers/STM32H7xx_HAL_Driver/stm32h7xx_hal.o
 .debug_line    0x0000000000005b00      0xe64 ./Drivers/STM32H7xx_HAL_Driver/stm32h7xx_hal_cortex.o
 .debug_line    0x0000000000006964      0xd1d ./Drivers/STM32H7xx_HAL_Driver/stm32h7xx_hal_gpio.o
 .debug_line    0x0000000000007681      0xa14 ./Drivers/STM32H7xx_HAL_Driver/stm32h7xx_hal_hsem.o
 .debug_line    0x0000000000008095     0x107f ./Drivers/STM32H7xx_HAL_Driver/stm32h7xx_hal_pwr_ex.o
 .debug_line    0x0000000000009114     0x139e ./Drivers/STM32H7xx_HAL_Driver/stm32h7xx_hal_rcc.o
 .debug_line    0x000000000000a4b2     0x3e23 ./Drivers/STM32H7xx_HAL_Driver/stm32h7xx_hal_tim.o
 .debug_line    0x000000000000e2d5     0x1d8d ./Drivers/STM32H7xx_HAL_Driver/stm32h7xx_hal_tim_ex.o
 .debug_line    0x0000000000010062     0x2482 ./Middlewares/Third_Party/FreeRTOS/cmsis_os2.o
 .debug_line    0x00000000000124e4      0x985 ./Middlewares/Third_Party/FreeRTOS/heap_4.o
 .debug_line    0x0000000000012e69      0x75b ./Middlewares/Third_Party/FreeRTOS/list.o
 .debug_line    0x00000000000135c4      0x963 ./Middlewares/Third_Party/FreeRTOS/port.o
 .debug_line    0x0000000000013f27     0x1725 ./Middlewares/Third_Party/FreeRTOS/queue.o
 .debug_line    0x000000000001564c     0x1e03 ./Middlewares/Third_Party/FreeRTOS/tasks.o
 .debug_line    0x000000000001744f      0xdb8 ./Middlewares/Third_Party/FreeRTOS/timers.o

.debug_str      0x0000000000000000   0x18a3ea
 .debug_str     0x0000000000000000   0x17b544 ./Common/Src/system_stm32h7xx_dualcore_boot_cm4_cm7.o
                                     0x17ba96 (size before relaxing)
 .debug_str     0x000000000017b544       0xeb ./Core/Src/dma.o
                                     0x17b76e (size before relaxing)
 .debug_str     0x000000000017b62f     0x4e34 ./Core/Src/freertos.o
                                     0x180379 (size before relaxing)
 .debug_str     0x0000000000180463       0x79 ./Core/Src/gpio.o
                                     0x17b7fa (size before relaxing)
 .debug_str     0x00000000001804dc      0x81d ./Core/Src/main.o
                                     0x180987 (size before relaxing)
 .debug_str     0x0000000000180cf9      0x820 ./Core/Src/stm32h7xx_hal_msp.o
                                     0x17bfd0 (size before relaxing)
 .debug_str     0x0000000000181519       0xba ./Core/Src/stm32h7xx_hal_timebase_tim.o
                                     0x17c648 (size before relaxing)
 .debug_str     0x00000000001815d3       0xb1 ./Core/Src/stm32h7xx_it.o
                                     0x17bbd9 (size before relaxing)
 .debug_str     0x0000000000181684       0x36 ./Core/Startup/startup_stm32h745zitx.o
                                         0x82 (size before relaxing)
 .debug_str     0x00000000001816ba      0x8c5 ./Drivers/STM32H7xx_HAL_Driver/stm32h7xx_hal.o
                                     0x17ca35 (size before relaxing)
 .debug_str     0x0000000000181f7f      0x3ce ./Drivers/STM32H7xx_HAL_Driver/stm32h7xx_hal_cortex.o
                                     0x17c369 (size before relaxing)
 .debug_str     0x000000000018234d      0x273 ./Drivers/STM32H7xx_HAL_Driver/stm32h7xx_hal_gpio.o
                                     0x17bb20 (size before relaxing)
 .debug_str     0x00000000001825c0      0x23f ./Drivers/STM32H7xx_HAL_Driver/stm32h7xx_hal_hsem.o
                                     0x17b6ea (size before relaxing)
 .debug_str     0x00000000001827ff      0x6c1 ./Drivers/STM32H7xx_HAL_Driver/stm32h7xx_hal_pwr_ex.o
                                     0x17bf24 (size before relaxing)
 .debug_str     0x0000000000182ec0      0x2a1 ./Drivers/STM32H7xx_HAL_Driver/stm32h7xx_hal_rcc.o
                                     0x17bd4c (size before relaxing)
 .debug_str     0x0000000000183161      0xeb0 ./Drivers/STM32H7xx_HAL_Driver/stm32h7xx_hal_tim.o
                                     0x17ca68 (size before relaxing)
 .debug_str     0x0000000000184011      0x6a2 ./Drivers/STM32H7xx_HAL_Driver/stm32h7xx_hal_tim_ex.o
                                     0x17c355 (size before relaxing)
 .debug_str     0x00000000001846b3     0x2c2e ./Middlewares/Third_Party/FreeRTOS/cmsis_os2.o
                                     0x18305c (size before relaxing)
 .debug_str     0x00000000001872e1      0x4d5 ./Middlewares/Third_Party/FreeRTOS/heap_4.o
                                       0xb4ff (size before relaxing)
 .debug_str     0x00000000001877b6      0x161 ./Middlewares/Third_Party/FreeRTOS/list.o
                                       0xac0c (size before relaxing)
 .debug_str     0x0000000000187917      0x870 ./Middlewares/Third_Party/FreeRTOS/port.o
                                       0xa500 (size before relaxing)
 .debug_str     0x0000000000188187      0x92c ./Middlewares/Third_Party/FreeRTOS/queue.o
                                       0xc589 (size before relaxing)
 .debug_str     0x0000000000188ab3     0x12e1 ./Middlewares/Third_Party/FreeRTOS/tasks.o
                                       0xd102 (size before relaxing)
 .debug_str     0x0000000000189d94      0x656 ./Middlewares/Third_Party/FreeRTOS/timers.o