Archive member included to satisfy reference by file (symbol)

c:/st/stm32cubeide_1.7.0/stm32cubeide/plugins/com.st.stm32cube.ide.mcu.externaltools.gnu-tools-for-stm32.9-2020-q2-update.win32_2.0.0.202105311346/tools/bin/../lib/gcc/arm-none-eabi/9.3.1/../../../../arm-none-eabi/lib/thumb/v7e-m+fp/hard\libc_nano.a(lib_a-errno.o)
                              ./Core/Src/syscalls.o (__errno)
c:/st/stm32cubeide_1.7.0/stm32cubeide/plugins/com.st.stm32cube.ide.mcu.externaltools.gnu-tools-for-stm32.9-2020-q2-update.win32_2.0.0.202105311346/tools/bin/../lib/gcc/arm-none-eabi/9.3.1/../../../../arm-none-eabi/lib/thumb/v7e-m+fp/hard\libc_nano.a(lib_a-exit.o)
                              c:/st/stm32cubeide_1.7.0/stm32cubeide/plugins/com.st.stm32cube.ide.mcu.externaltools.gnu-tools-for-stm32.9-2020-q2-update.win32_2.0.0.202105311346/tools/bin/../lib/gcc/arm-none-eabi/9.3.1/../../../../arm-none-eabi/lib/thumb/v7e-m+fp/hard/crt0.o (exit)
c:/st/stm32cubeide_1.7.0/stm32cubeide/plugins/com.st.stm32cube.ide.mcu.externaltools.gnu-tools-for-stm32.9-2020-q2-update.win32_2.0.0.202105311346/tools/bin/../lib/gcc/arm-none-eabi/9.3.1/../../../../arm-none-eabi/lib/thumb/v7e-m+fp/hard\libc_nano.a(lib_a-findfp.o)
                              ./Middlewares/Third_Party/FreeRTOS/tasks.o (__sf_fake_stderr)
c:/st/stm32cubeide_1.7.0/stm32cubeide/plugins/com.st.stm32cube.ide.mcu.externaltools.gnu-tools-for-stm32.9-2020-q2-update.win32_2.0.0.202105311346/tools/bin/../lib/gcc/arm-none-eabi/9.3.1/../../../../arm-none-eabi/lib/thumb/v7e-m+fp/hard\libc_nano.a(lib_a-fwalk.o)
                              c:/st/stm32cubeide_1.7.0/stm32cubeide/plugins/com.st.stm32cube.ide.mcu.externaltools.gnu-tools-for-stm32.9-2020-q2-update.win32_2.0.0.202105311346/tools/bin/../lib/gcc/arm-none-eabi/9.3.1/../../../../arm-none-eabi/lib/thumb/v7e-m+fp/hard\libc_nano.a(lib_a-findfp.o) (_fwalk)
c:/st/stm32cubeide_1.7.0/stm32cubeide/plugins/com.st.stm32cube.ide.mcu.externaltools.gnu-tools-for-stm32.9-2020-q2-update.win32_2.0.0.202105311346/tools/bin/../lib/gcc/arm-none-eabi/9.3.1/../../../../arm-none-eabi/lib/thumb/v7e-m+fp/hard\libc_nano.a(lib_a-impure.o)
                              c:/st/stm32cubeide_1.7.0/stm32cubeide/plugins/com.st.stm32cube.ide.mcu.externaltools.gnu-tools-for-stm32.9-2020-q2-update.win32_2.0.0.202105311346/tools/bin/../lib/gcc/arm-none-eabi/9.3.1/../../../../arm-none-eabi/lib/thumb/v7e-m+fp/hard\libc_nano.a(lib_a-exit.o) (_global_impure_ptr)
c:/st/stm32cubeide_1.7.0/stm32cubeide/plugins/com.st.stm32cube.ide.mcu.externaltools.gnu-tools-for-stm32.9-2020-q2-update.win32_2.0.0.202105311346/tools/bin/../lib/gcc/arm-none-eabi/9.3.1/../../../../arm-none-eabi/lib/thumb/v7e-m+fp/hard\libc_nano.a(lib_a-init.o)
                              c:/st/stm32cubeide_1.7.0/stm32cubeide/plugins/com.st.stm32cube.ide.mcu.externaltools.gnu-tools-for-stm32.9-2020-q2-update.win32_2.0.0.202105311346/tools/bin/../lib/gcc/arm-none-eabi/9.3.1/../../../../arm-none-eabi/lib/thumb/v7e-m+fp/hard/crt0.o (__libc_init_array)
c:/st/stm32cubeide_1.7.0/stm32cubeide/plugins/com.st.stm32cube.ide.mcu.externaltools.gnu-tools-for-stm32.9-2020-q2-update.win32_2.0.0.202105311346/tools/bin/../lib/gcc/arm-none-eabi/9.3.1/../../../../arm-none-eabi/lib/thumb/v7e-m+fp/hard\libc_nano.a(lib_a-lock.o)
                              c:/st/stm32cubeide_1.7.0/stm32cubeide/plugins/com.st.stm32cube.ide.mcu.externaltools.gnu-tools-for-stm32.9-2020-q2-update.win32_2.0.0.202105311346/tools/bin/../lib/gcc/arm-none-eabi/9.3.1/../../../../arm-none-eabi/lib/thumb/v7e-m+fp/hard\libc_nano.a(lib_a-findfp.o) (__retarget_lock_init_recursive)
c:/st/stm32cubeide_1.7.0/stm32cubeide/plugins/com.st.stm32cube.ide.mcu.externaltools.gnu-tools-for-stm32.9-2020-q2-update.win32_2.0.0.202105311346/tools/bin/../lib/gcc/arm-none-eabi/9.3.1/../../../../arm-none-eabi/lib/thumb/v7e-m+fp/hard\libc_nano.a(lib_a-memcpy-stub.o)
                              ./Middlewares/Third_Party/FreeRTOS/cmsis_os2.o (memcpy)
c:/st/stm32cubeide_1.7.0/stm32cubeide/plugins/com.st.stm32cube.ide.mcu.externaltools.gnu-tools-for-stm32.9-2020-q2-update.win32_2.0.0.202105311346/tools/bin/../lib/gcc/arm-none-eabi/9.3.1/../../../../arm-none-eabi/lib/thumb/v7e-m+fp/hard\libc_nano.a(lib_a-memset.o)
                              c:/st/stm32cubeide_1.7.0/stm32cubeide/plugins/com.st.stm32cube.ide.mcu.externaltools.gnu-tools-for-stm32.9-2020-q2-update.win32_2.0.0.202105311346/tools/bin/../lib/gcc/arm-none-eabi/9.3.1/../../../../arm-none-eabi/lib/thumb/v7e-m+fp/hard/crt0.o (memset)
c:/st/stm32cubeide_1.7.0/stm32cubeide/plugins/com.st.stm32cube.ide.mcu.externaltools.gnu-tools-for-stm32.9-2020-q2-update.win32_2.0.0.202105311346/tools/bin/../lib/gcc/arm-none-eabi/9.3.1/../../../../arm-none-eabi/lib/thumb/v7e-m+fp/hard\libc_nano.a(lib_a-nano-mallocr.o)
[...]
Memory Configuration

Name             Origin             Length             Attributes
FLASH            0x0000000008100000 0x0000000000100000 xr
RAM              0x0000000010000000 0x0000000000048000 xrw
*default*        0x0000000000000000 0xffffffffffffffff

Linker script and memory map

LOAD c:/st/stm32cubeide_1.7.0/stm32cubeide/plugins/com.st.stm32cube.ide.mcu.externaltools.gnu-tools-for-stm32.9-2020-q2-update.win32_2.0.0.202105311346/tools/bin/../lib/gcc/arm-none-eabi/9.3.1/thumb/v7e-m+fp/hard/crti.o
LOAD c:/st/stm32cubeide_1.7.0/stm32cubeide/plugins/com.st.stm32cube.ide.mcu.externaltools.gnu-tools-for-stm32.9-2020-q2-update.win32_2.0.0.202105311346/tools/bin/../lib/gcc/arm-none-eabi/9.3.1/thumb/v7e-m+fp/hard/crtbegin.o
LOAD c:/st/stm32cubeide_1.7.0/stm32cubeide/plugins/com.st.stm32cube.ide.mcu.externaltools.gnu-tools-for-stm32.9-2020-q2-update.win32_2.0.0.202105311346/tools/bin/../lib/gcc/arm-none-eabi/9.3.1/../../../../arm-none-eabi/lib/thumb/v7e-m+fp/hard/crt0.o
LOAD ./Common/Src/system_stm32h7xx_dualcore_boot_cm4_cm7.o
LOAD ./Core/Src/adc.o
LOAD ./Core/Src/dma.o
LOAD ./Core/Src/freertos.o
LOAD ./Core/Src/gpio.o
LOAD ./Core/Src/main.o
LOAD ./Core/Src/stm32h7xx_hal_msp.o
LOAD ./Core/Src/stm32h7xx_hal_timebase_tim.o
LOAD ./Core/Src/stm32h7xx_it.o
LOAD ./Core/Src/syscalls.o
LOAD ./Core/Src/sysmem.o
LOAD ./Core/Src/tim.o
LOAD ./Core/Src/usart.o
LOAD ./Core/Startup/startup_stm32h745zitx.o
LOAD ./Core_App_CM4/ADC_app.o
LOAD ./Core_App_CM4/App.o
LOAD ./Core_App_CM4/print_server.o
LOAD ./Drivers/STM32H7xx_HAL_Driver/stm32h7xx_hal.o
LOAD ./Drivers/STM32H7xx_HAL_Driver/stm32h7xx_hal_adc.o
LOAD ./Drivers/STM32H7xx_HAL_Driver/stm32h7xx_hal_adc_ex.o
LOAD ./Drivers/STM32H7xx_HAL_Driver/stm32h7xx_hal_cortex.o
LOAD ./Drivers/STM32H7xx_HAL_Driver/stm32h7xx_hal_dma.o
LOAD ./Drivers/STM32H7xx_HAL_Driver/stm32h7xx_hal_dma_ex.o
LOAD ./Drivers/STM32H7xx_HAL_Driver/stm32h7xx_hal_exti.o
LOAD ./Drivers/STM32H7xx_HAL_Driver/stm32h7xx_hal_flash.o
LOAD ./Drivers/STM32H7xx_HAL_Driver/stm32h7xx_hal_flash_ex.o
LOAD ./Drivers/STM32H7xx_HAL_Driver/stm32h7xx_hal_gpio.o
LOAD ./Drivers/STM32H7xx_HAL_Driver/stm32h7xx_hal_hsem.o
LOAD ./Drivers/STM32H7xx_HAL_Driver/stm32h7xx_hal_i2c.o
LOAD ./Drivers/STM32H7xx_HAL_Driver/stm32h7xx_hal_i2c_ex.o
LOAD ./Drivers/STM32H7xx_HAL_Driver/stm32h7xx_hal_mdma.o
LOAD ./Drivers/STM32H7xx_HAL_Driver/stm32h7xx_hal_pwr.o
LOAD ./Drivers/STM32H7xx_HAL_Driver/stm32h7xx_hal_pwr_ex.o
LOAD ./Drivers/STM32H7xx_HAL_Driver/stm32h7xx_hal_rcc.o
LOAD ./Drivers/STM32H7xx_HAL_Driver/stm32h7xx_hal_rcc_ex.o
LOAD ./Drivers/STM32H7xx_HAL_Driver/stm32h7xx_hal_tim.o
LOAD ./Drivers/STM32H7xx_HAL_Driver/stm32h7xx_hal_tim_ex.o
LOAD ./Drivers/STM32H7xx_HAL_Driver/stm32h7xx_hal_uart.o
LOAD ./Drivers/STM32H7xx_HAL_Driver/stm32h7xx_hal_uart_ex.o
LOAD ./Middlewares/Third_Party/FreeRTOS/cmsis_os2.o
LOAD ./Middlewares/Third_Party/FreeRTOS/croutine.o
LOAD ./Middlewares/Third_Party/FreeRTOS/event_groups.o
LOAD ./Middlewares/Third_Party/FreeRTOS/heap_4.o
LOAD ./Middlewares/Third_Party/FreeRTOS/list.o
LOAD ./Middlewares/Third_Party/FreeRTOS/port.o
LOAD ./Middlewares/Third_Party/FreeRTOS/queue.o
LOAD ./Middlewares/Third_Party/FreeRTOS/stream_buffer.o
LOAD ./Middlewares/Third_Party/FreeRTOS/tasks.o
LOAD ./Middlewares/Third_Party/FreeRTOS/timers.o
START GROUP
LOAD c:/st/stm32cubeide_1.7.0/stm32cubeide/plugins/com.st.stm32cube.ide.mcu.externaltools.gnu-tools-for-stm32.9-2020-q2-update.win32_2.0.0.202105311346/tools/bin/../lib/gcc/arm-none-eabi/9.3.1/../../../../arm-none-eabi/lib/thumb/v7e-m+fp/hard\libc_nano.a
LOAD c:/st/stm32cubeide_1.7.0/stm32cubeide/plugins/com.st.stm32cube.ide.mcu.externaltools.gnu-tools-for-stm32.9-2020-q2-update.win32_2.0.0.202105311346/tools/bin/../lib/gcc/arm-none-eabi/9.3.1/../../../../arm-none-eabi/lib/thumb/v7e-m+fp/hard\libm.a
END GROUP
START GROUP
LOAD c:/st/stm32cubeide_1.7.0/stm32cubeide/plugins/com.st.stm32cube.ide.mcu.externaltools.gnu-tools-for-stm32.9-2020-q2-update.win32_2.0.0.202105311346/tools/bin/../lib/gcc/arm-none-eabi/9.3.1/thumb/v7e-m+fp/hard\libgcc.a
LOAD c:/st/stm32cubeide_1.7.0/stm32cubeide/plugins/com.st.stm32cube.ide.mcu.externaltools.gnu-tools-for-stm32.9-2020-q2-update.win32_2.0.0.202105311346/tools/bin/../lib/gcc/arm-none-eabi/9.3.1/../../../../arm-none-eabi/lib/thumb/v7e-m+fp/hard\libc_nano.a
END GROUP
START GROUP
LOAD c:/st/stm32cubeide_1.7.0/stm32cubeide/plugins/com.st.stm32cube.ide.mcu.externaltools.gnu-tools-for-stm32.9-2020-q2-update.win32_2.0.0.202105311346/tools/bin/../lib/gcc/arm-none-eabi/9.3.1/thumb/v7e-m+fp/hard\libgcc.a
LOAD c:/st/stm32cubeide_1.7.0/stm32cubeide/plugins/com.st.stm32cube.ide.mcu.externaltools.gnu-tools-for-stm32.9-2020-q2-update.win32_2.0.0.202105311346/tools/bin/../lib/gcc/arm-none-eabi/9.3.1/../../../../arm-none-eabi/lib/thumb/v7e-m+fp/hard\libc_nano.a
LOAD c:/st/stm32cubeide_1.7.0/stm32cubeide/plugins/com.st.stm32cube.ide.mcu.externaltools.gnu-tools-for-stm32.9-2020-q2-update.win32_2.0.0.202105311346/tools/bin/../lib/gcc/arm-none-eabi/9.3.1/../../../../arm-none-eabi/lib/thumb/v7e-m+fp/hard\libnosys.a
END GROUP
START GROUP
LOAD c:/st/stm32cubeide_1.7.0/stm32cubeide/plugins/com.st.stm32cube.ide.mcu.externaltools.gnu-tools-for-stm32.9-2020-q2-update.win32_2.0.0.202105311346/tools/bin/../lib/gcc/arm-none-eabi/9.3.1/thumb/v7e-m+fp/hard\libgcc.a
LOAD c:/st/stm32cubeide_1.7.0/stm32cubeide/plugins/com.st.stm32cube.ide.mcu.externaltools.gnu-tools-for-stm32.9-2020-q2-update.win32_2.0.0.202105311346/tools/bin/../lib/gcc/arm-none-eabi/9.3.1/../../../../arm-none-eabi/lib/thumb/v7e-m+fp/hard\libc_nano.a
LOAD c:/st/stm32cubeide_1.7.0/stm32cubeide/plugins/com.st.stm32cube.ide.mcu.externaltools.gnu-tools-for-stm32.9-2020-q2-update.win32_2.0.0.202105311346/tools/bin/../lib/gcc/arm-none-eabi/9.3.1/../../../../arm-none-eabi/lib/thumb/v7e-m+fp/hard\libnosys.a
END GROUP
LOAD c:/st/stm32cubeide_1.7.0/stm32cubeide/plugins/com.st.stm32cube.ide.mcu.externaltools.gnu-tools-for-stm32.9-2020-q2-update.win32_2.0.0.202105311346/tools/bin/../lib/gcc/arm-none-eabi/9.3.1/thumb/v7e-m+fp/hard/crtend.o
LOAD c:/st/stm32cubeide_1.7.0/stm32cubeide/plugins/com.st.stm32cube.ide.mcu.externaltools.gnu-tools-for-stm32.9-2020-q2-update.win32_2.0.0.202105311346/tools/bin/../lib/gcc/arm-none-eabi/9.3.1/thumb/v7e-m+fp/hard/crtn.o
                0x0000000010048000                _estack = (ORIGIN (RAM) + LENGTH (RAM))
                0x0000000000000200                _Min_Heap_Size = 0x200
                0x0000000000000400                _Min_Stack_Size = 0x400

.isr_vector     0x0000000008100000      0x298
                0x0000000008100000                . = ALIGN (0x4)
 *(.isr_vector)
 .isr_vector    0x0000000008100000      0x298 ./Core/Startup/startup_stm32h745zitx.o
                0x0000000008100000                g_pfnVectors
                0x0000000008100298                . = ALIGN (0x4)

.text           0x00000000081002a0     0xfcc4
                0x00000000081002a0                . = ALIGN (0x4)
 *(.text)
 .text          0x00000000081002a0       0x40 c:/st/stm32cubeide_1.7.0/stm32cubeide/plugins/com.st.stm32cube.ide.mcu.externaltools.gnu-tools-for-stm32.9-2020-q2-update.win32_2.0.0.202105311346/tools/bin/../lib/gcc/arm-none-eabi/9.3.1/thumb/v7e-m+fp/hard/crtbegin.o
 .text          0x00000000081002e0       0x10 c:/st/stm32cubeide_1.7.0/stm32cubeide/plugins/com.st.stm32cube.ide.mcu.externaltools.gnu-tools-for-stm32.9-2020-q2-update.win32_2.0.0.202105311346/tools/bin/../lib/gcc/arm-none-eabi/9.3.1/../../../../arm-none-eabi/lib/thumb/v7e-m+fp/hard\libc_nano.a(lib_a-strlen.o)
                0x00000000081002e0                strlen
 .text          0x00000000081002f0       0xa0 c:/st/stm32cubeide_1.7.0/stm32cubeide/plugins/com.st.stm32cube.ide.mcu.externaltools.gnu-tools-for-stm32.9-2020-q2-update.win32_2.0.0.202105311346/tools/bin/../lib/gcc/arm-none-eabi/9.3.1/../../../../arm-none-eabi/lib/thumb/v7e-m+fp/hard\libc_nano.a(lib_a-memchr.o)
                0x00000000081002f0                memchr
 .text          0x0000000008100390       0x30 c:/st/stm32cubeide_1.7.0/stm32cubeide/plugins/com.st.stm32cube.ide.mcu.externaltools.gnu-tools-for-stm32.9-2020-q2-update.win32_2.0.0.202105311346/tools/bin/../lib/gcc/arm-none-eabi/9.3.1/thumb/v7e-m+fp/hard\libgcc.a(_aeabi_uldivmod.o)
                0x0000000008100390                __aeabi_uldivmod
 .text          0x00000000081003c0      0x2c4 c:/st/stm32cubeide_1.7.0/stm32cubeide/plugins/com.st.stm32cube.ide.mcu.externaltools.gnu-tools-for-stm32.9-2020-q2-update.win32_2.0.0.202105311346/tools/bin/../lib/gcc/arm-none-eabi/9.3.1/thumb/v7e-m+fp/hard\libgcc.a(_udivmoddi4.o)
                0x00000000081003c0                __udivmoddi4
 .text          0x0000000008100684        0x4 c:/st/stm32cubeide_1.7.0/stm32cubeide/plugins/com.st.stm32cube.ide.mcu.externaltools.gnu-tools-for-stm32.9-2020-q2-update.win32_2.0.0.202105311346/tools/bin/../lib/gcc/arm-none-eabi/9.3.1/thumb/v7e-m+fp/hard\libgcc.a(_dvmd_tls.o)
                0x0000000008100684                __aeabi_idiv0
                0x0000000008100684                __aeabi_ldiv0
 *(.text*)
 .text.SystemInit
                0x0000000008100688       0x38 ./Common/Src/system_stm32h7xx_dualcore_boot_cm4_cm7.o
                0x0000000008100688                SystemInit
 .text.MX_ADC1_Init
                0x00000000081006c0       0xf8 ./Core/Src/adc.o
                0x00000000081006c0                MX_ADC1_Init
 .text.HAL_ADC_MspInit
                0x00000000081007b8      0x15c ./Core/Src/adc.o
                0x00000000081007b8                HAL_ADC_MspInit
 .text.MX_DMA_Init
                0x0000000008100914       0x50 ./Core/Src/dma.o
                0x0000000008100914                MX_DMA_Init
 .text.MX_FREERTOS_Init
                0x0000000008100964       0x28 ./Core/Src/freertos.o
                0x0000000008100964                MX_FREERTOS_Init
 .text.StartDefaultTask
                0x000000000810098c       0x20 ./Core/Src/freertos.o
                0x000000000810098c                StartDefaultTask
 .text.MX_GPIO_Init
                0x00000000081009ac       0xa8 ./Core/Src/gpio.o
                0x00000000081009ac                MX_GPIO_Init
 .text.main     0x0000000008100a54       0x9c ./Core/Src/main.o
                0x0000000008100a54                main
 .text.HAL_TIM_PeriodElapsedCallback
                0x0000000008100af0       0x24 ./Core/Src/main.o
                0x0000000008100af0                HAL_TIM_PeriodElapsedCallback
 .text.Error_Handler
                0x0000000008100b14        0xa ./Core/Src/main.o
                0x0000000008100b14                Error_Handler
 *fill*         0x0000000008100b1e        0x2 
 .text.HAL_MspInit
                0x0000000008100b20       0x3c ./Core/Src/stm32h7xx_hal_msp.o
                0x0000000008100b20                HAL_MspInit
 .text.HAL_InitTick
                0x0000000008100b5c       0xd8 ./Core/Src/stm32h7xx_hal_timebase_tim.o
                0x0000000008100b5c                HAL_InitTick
 .text.NMI_Handler
                0x0000000008100c34        0x6 ./Core/Src/stm32h7xx_it.o
                0x0000000008100c34                NMI_Handler
 .text.HardFault_Handler
                0x0000000008100c3a        0x6 ./Core/Src/stm32h7xx_it.o
                0x0000000008100c3a                HardFault_Handler
 .text.MemManage_Handler
                0x0000000008100c40        0x6 ./Core/Src/stm32h7xx_it.o
                0x0000000008100c40                MemManage_Handler
 .text.BusFault_Handler
                0x0000000008100c46        0x6 ./Core/Src/stm32h7xx_it.o
                0x0000000008100c46                BusFault_Handler
 .text.UsageFault_Handler
                0x0000000008100c4c        0x6 ./Core/Src/stm32h7xx_it.o
                0x0000000008100c4c                UsageFault_Handler
 .text.DebugMon_Handler
                0x0000000008100c52        0xe ./Core/Src/stm32h7xx_it.o
                0x0000000008100c52                DebugMon_Handler
 .text.DMA1_Stream0_IRQHandler
                0x0000000008100c60       0x14 ./Core/Src/stm32h7xx_it.o
                0x0000000008100c60                DMA1_Stream0_IRQHandler
 .text.DMA1_Stream1_IRQHandler
                0x0000000008100c74       0x14 ./Core/Src/stm32h7xx_it.o
                0x0000000008100c74                DMA1_Stream1_IRQHandler
 .text.ADC_IRQHandler
                0x0000000008100c88       0x14 ./Core/Src/stm32h7xx_it.o
                0x0000000008100c88                ADC_IRQHandler
 .text.USART3_IRQHandler
                0x0000000008100c9c       0x14 ./Core/Src/stm32h7xx_it.o
                0x0000000008100c9c                USART3_IRQHandler
 .text.TIM6_DAC_IRQHandler
                0x0000000008100cb0       0x14 ./Core/Src/stm32h7xx_it.o
                0x0000000008100cb0                TIM6_DAC_IRQHandler
 .text._sbrk    0x0000000008100cc4       0x6c ./Core/Src/sysmem.o
                0x0000000008100cc4                _sbrk
 .text.MX_TIM3_Init
                0x0000000008100d30       0x9c ./Core/Src/tim.o
                0x0000000008100d30                MX_TIM3_Init
 .text.HAL_TIM_Base_MspInit
                0x0000000008100dcc       0x44 ./Core/Src/tim.o
                0x0000000008100dcc                HAL_TIM_Base_MspInit
 .text.MX_USART3_UART_Init
                0x0000000008100e10       0x98 ./Core/Src/usart.o
                0x0000000008100e10                MX_USART3_UART_Init
 .text.HAL_UART_MspInit
                0x0000000008100ea8      0x13c ./Core/Src/usart.o
                0x0000000008100ea8                HAL_UART_MspInit
 .text.Reset_Handler
                0x0000000008100fe4       0x50 ./Core/Startup/startup_stm32h745zitx.o
                0x0000000008100fe4                Reset_Handler
 .text.Default_Handler
                0x0000000008101034        0x2 ./Core/Startup/startup_stm32h745zitx.o
                0x0000000008101034                RTC_Alarm_IRQHandler
                0x0000000008101034                EXTI2_IRQHandler
                0x0000000008101034                TIM8_CC_IRQHandler
                0x0000000008101034                HRTIM1_Master_IRQHandler
                0x0000000008101034                UART8_IRQHandler
                0x0000000008101034                SPI4_IRQHandler
                0x0000000008101034                TIM1_CC_IRQHandler
                0x0000000008101034                BDMA_Channel6_IRQHandler
                0x0000000008101034                DMA2_Stream5_IRQHandler
                0x0000000008101034                HRTIM1_FLT_IRQHandler
                0x0000000008101034                JPEG_IRQHandler
                0x0000000008101034                DMA1_Stream5_IRQHandler
                0x0000000008101034                BDMA_Channel1_IRQHandler
                0x0000000008101034                HRTIM1_TIMD_IRQHandler
                0x0000000008101034                TAMP_STAMP_IRQHandler
                0x0000000008101034                EXTI3_IRQHandler
                0x0000000008101034                LPTIM4_IRQHandler
                0x0000000008101034                TIM8_TRG_COM_TIM14_IRQHandler
                0x0000000008101034                LPTIM2_IRQHandler
                0x0000000008101034                DFSDM1_FLT1_IRQHandler
                0x0000000008101034                DMAMUX2_OVR_IRQHandler
                0x0000000008101034                TIM8_UP_TIM13_IRQHandler
                0x0000000008101034                I2C3_ER_IRQHandler
                0x0000000008101034                DFSDM1_FLT2_IRQHandler
                0x0000000008101034                MDMA_IRQHandler
                0x0000000008101034                LPTIM3_IRQHandler
                0x0000000008101034                HSEM1_IRQHandler
                0x0000000008101034                EXTI0_IRQHandler
                0x0000000008101034                I2C2_EV_IRQHandler
                0x0000000008101034                DMA1_Stream2_IRQHandler
                0x0000000008101034                FPU_IRQHandler
                0x0000000008101034                OTG_HS_WKUP_IRQHandler
                0x0000000008101034                FDCAN1_IT1_IRQHandler
                0x0000000008101034                LTDC_ER_IRQHandler
                0x0000000008101034                DMA2_Stream2_IRQHandler
                0x0000000008101034                HRTIM1_TIME_IRQHandler
                0x0000000008101034                SPI1_IRQHandler
                0x0000000008101034                DCMI_IRQHandler
                0x0000000008101034                HRTIM1_TIMC_IRQHandler
                0x0000000008101034                DMA2_Stream3_IRQHandler
                0x0000000008101034                SAI2_IRQHandler
                0x0000000008101034                DFSDM1_FLT3_IRQHandler
                0x0000000008101034                USART6_IRQHandler
                0x0000000008101034                TIM17_IRQHandler
                0x0000000008101034                BDMA_Channel7_IRQHandler
                0x0000000008101034                LPTIM5_IRQHandler
                0x0000000008101034                UART5_IRQHandler
                0x0000000008101034                ADC3_IRQHandler
                0x0000000008101034                DMA2_Stream0_IRQHandler
                0x0000000008101034                TIM4_IRQHandler
                0x0000000008101034                BDMA_Channel2_IRQHandler
                0x0000000008101034                QUADSPI_IRQHandler
                0x0000000008101034                I2C1_EV_IRQHandler
                0x0000000008101034                DMA1_Stream6_IRQHandler
                0x0000000008101034                DMAMUX1_OVR_IRQHandler
                0x0000000008101034                TIM16_IRQHandler
                0x0000000008101034                UART4_IRQHandler
                0x0000000008101034                BDMA_Channel5_IRQHandler
                0x0000000008101034                TIM3_IRQHandler
                0x0000000008101034                RCC_IRQHandler
                0x0000000008101034                TIM8_BRK_TIM12_IRQHandler
                0x0000000008101034                TIM1_TRG_COM_IRQHandler
                0x0000000008101034                Default_Handler
                0x0000000008101034                ECC_IRQHandler
                0x0000000008101034                CEC_IRQHandler
                0x0000000008101034                EXTI15_10_IRQHandler
                0x0000000008101034                BDMA_Channel0_IRQHandler
                0x0000000008101034                DMA1_Stream7_IRQHandler
                0x0000000008101034                HRTIM1_TIMA_IRQHandler
                0x0000000008101034                SPI5_IRQHandler
                0x0000000008101034                TIM7_IRQHandler
                0x0000000008101034                SDMMC1_IRQHandler
                0x0000000008101034                TIM5_IRQHandler
                0x0000000008101034                DMA2_Stream7_IRQHandler
                0x0000000008101034                TIM15_IRQHandler
                0x0000000008101034                PVD_AVD_IRQHandler
                0x0000000008101034                I2C3_EV_IRQHandler
                0x0000000008101034                EXTI9_5_IRQHandler
                0x0000000008101034                RTC_WKUP_IRQHandler
                0x0000000008101034                LTDC_IRQHandler
                0x0000000008101034                SAI3_IRQHandler
                0x0000000008101034                ETH_WKUP_IRQHandler
                0x0000000008101034                SPDIF_RX_IRQHandler
                0x0000000008101034                SPI2_IRQHandler
                0x0000000008101034                OTG_HS_EP1_IN_IRQHandler
                0x0000000008101034                CRS_IRQHandler
                0x0000000008101034                CM7_SEV_IRQHandler
                0x0000000008101034                EXTI4_IRQHandler
                0x0000000008101034                RNG_IRQHandler
                0x0000000008101034                CM4_SEV_IRQHandler
                0x0000000008101034                HRTIM1_TIMB_IRQHandler
                0x0000000008101034                FDCAN2_IT1_IRQHandler
                0x0000000008101034                ETH_IRQHandler
                0x0000000008101034                TIM1_UP_IRQHandler
                0x0000000008101034                WWDG_RST_IRQHandler
                0x0000000008101034                BDMA_Channel4_IRQHandler
                0x0000000008101034                OTG_HS_EP1_OUT_IRQHandler
                0x0000000008101034                WWDG_IRQHandler
                0x0000000008101034                SPI6_IRQHandler
                0x0000000008101034                MDIOS_IRQHandler
                0x0000000008101034                I2C4_EV_IRQHandler
                0x0000000008101034                FDCAN2_IT0_IRQHandler
                0x0000000008101034                LPUART1_IRQHandler
                0x0000000008101034                FDCAN1_IT0_IRQHandler
                0x0000000008101034                TIM2_IRQHandler
                0x0000000008101034                OTG_FS_WKUP_IRQHandler
                0x0000000008101034                OTG_HS_IRQHandler
                0x0000000008101034                HSEM2_IRQHandler
                0x0000000008101034                DMA2D_IRQHandler
                0x0000000008101034                TIM1_BRK_IRQHandler
                0x0000000008101034                EXTI1_IRQHandler
                0x0000000008101034                SDMMC2_IRQHandler
                0x0000000008101034                OTG_FS_EP1_OUT_IRQHandler
                0x0000000008101034                BDMA_Channel3_IRQHandler
                0x0000000008101034                HOLD_CORE_IRQHandler
                0x0000000008101034                UART7_IRQHandler
                0x0000000008101034                MDIOS_WKUP_IRQHandler
                0x0000000008101034                USART2_IRQHandler
                0x0000000008101034                DFSDM1_FLT0_IRQHandler
                0x0000000008101034                SAI4_IRQHandler
                0x0000000008101034                I2C2_ER_IRQHandler
                0x0000000008101034                DMA2_Stream1_IRQHandler
                0x0000000008101034                FLASH_IRQHandler
                0x0000000008101034                DMA2_Stream4_IRQHandler
                0x0000000008101034                USART1_IRQHandler
                0x0000000008101034                OTG_FS_IRQHandler
                0x0000000008101034                SPI3_IRQHandler
                0x0000000008101034                WAKEUP_PIN_IRQHandler
                0x0000000008101034                DMA1_Stream4_IRQHandler
                0x0000000008101034                OTG_FS_EP1_IN_IRQHandler
                0x0000000008101034                I2C1_ER_IRQHandler
                0x0000000008101034                FMC_IRQHandler
                0x0000000008101034                FDCAN_CAL_IRQHandler
                0x0000000008101034                SWPMI1_IRQHandler
                0x0000000008101034                COMP1_IRQHandler
                0x0000000008101034                LPTIM1_IRQHandler
                0x0000000008101034                I2C4_ER_IRQHandler
                0x0000000008101034                DMA2_Stream6_IRQHandler
                0x0000000008101034                SAI1_IRQHandler
                0x0000000008101034                DMA1_Stream3_IRQHandler
 *fill*         0x0000000008101036        0x2 
 .text.adcAppInit
                0x0000000008101038       0xc8 ./Core_App_CM4/ADC_app.o
                0x0000000008101038                adcAppInit
 .text.adcHandlerThread
                0x0000000008101100      0x1b4 ./Core_App_CM4/ADC_app.o
                0x0000000008101100                adcHandlerThread
 .text.HAL_ADC_ConvHalfCpltCallback
                0x00000000081012b4       0x28 ./Core_App_CM4/ADC_app.o
                0x00000000081012b4                HAL_ADC_ConvHalfCpltCallback
 .text.HAL_ADC_ConvCpltCallback
                0x00000000081012dc       0x28 ./Core_App_CM4/ADC_app.o
                0x00000000081012dc                HAL_ADC_ConvCpltCallback
 .text.HAL_ADC_ErrorCallback
                0x0000000008101304       0x28 ./Core_App_CM4/ADC_app.o
                0x0000000008101304                HAL_ADC_ErrorCallback
 .text.AppInit  0x000000000810132c       0x64 ./Core_App_CM4/App.o
                0x000000000810132c                AppInit
 .text.app_CM4  0x0000000008101390       0x44 ./Core_App_CM4/App.o
                0x0000000008101390                app_CM4
 .text.PrintServerInit
                0x00000000081013d4       0xe4 ./Core_App_CM4/print_server.o
                0x00000000081013d4                PrintServerInit
 .text.PrintServerCRLF
                0x00000000081014b8       0xbe ./Core_App_CM4/print_server.o
 *fill*         0x0000000008101576        0x2 
 .text.PrintServerPrintf
                0x0000000008101578       0x7c ./Core_App_CM4/print_server.o
                0x0000000008101578                PrintServerPrintf
 .text.PrintServer
                0x00000000081015f4       0x8c ./Core_App_CM4/print_server.o
                0x00000000081015f4                PrintServer
 .text.HAL_UART_TxCpltCallback
                0x0000000008101680       0x30 ./Core_App_CM4/print_server.o
                0x0000000008101680                HAL_UART_TxCpltCallback
 .text.HAL_Init
                0x00000000081016b0       0xbc ./Drivers/STM32H7xx_HAL_Driver/stm32h7xx_hal.o
                0x00000000081016b0                HAL_Init
 .text.HAL_IncTick
                0x000000000810176c       0x28 ./Drivers/STM32H7xx_HAL_Driver/stm32h7xx_hal.o
                0x000000000810176c                HAL_IncTick
 .text.HAL_GetTick
                0x0000000008101794       0x18 ./Drivers/STM32H7xx_HAL_Driver/stm32h7xx_hal.o
                0x0000000008101794                HAL_GetTick
 .text.HAL_GetREVID
                0x00000000081017ac       0x18 ./Drivers/STM32H7xx_HAL_Driver/stm32h7xx_hal.o
                0x00000000081017ac                HAL_GetREVID
 .text.LL_ADC_SetCommonClock
                0x00000000081017c4       0x26 ./Drivers/STM32H7xx_HAL_Driver/stm32h7xx_hal_adc.o
 .text.LL_ADC_SetCommonPathInternalCh
                0x00000000081017ea       0x26 ./Drivers/STM32H7xx_HAL_Driver/stm32h7xx_hal_adc.o
 .text.LL_ADC_GetCommonPathInternalCh
                0x0000000008101810       0x1c ./Drivers/STM32H7xx_HAL_Driver/stm32h7xx_hal_adc.o
 .text.LL_ADC_SetOffset
                0x000000000810182c       0x40 ./Drivers/STM32H7xx_HAL_Driver/stm32h7xx_hal_adc.o
 .text.LL_ADC_SetDataRightShift
                0x000000000810186c       0x32 ./Drivers/STM32H7xx_HAL_Driver/stm32h7xx_hal_adc.o
 .text.LL_ADC_SetOffsetSignedSaturation
                0x000000000810189e       0x36 ./Drivers/STM32H7xx_HAL_Driver/stm32h7xx_hal_adc.o
 .text.LL_ADC_REG_IsTriggerSourceSWStart
                0x00000000081018d4       0x26 ./Drivers/STM32H7xx_HAL_Driver/stm32h7xx_hal_adc.o
 .text.LL_ADC_REG_SetSequencerRanks
                0x00000000081018fa       0x58 ./Drivers/STM32H7xx_HAL_Driver/stm32h7xx_hal_adc.o
 .text.LL_ADC_REG_SetDataTransferMode
                0x0000000008101952       0x26 ./Drivers/STM32H7xx_HAL_Driver/stm32h7xx_hal_adc.o
 .text.LL_ADC_INJ_IsTriggerSourceSWStart
                0x0000000008101978       0x26 ./Drivers/STM32H7xx_HAL_Driver/stm32h7xx_hal_adc.o
 .text.LL_ADC_SetChannelSamplingTime
                0x000000000810199e       0x56 ./Drivers/STM32H7xx_HAL_Driver/stm32h7xx_hal_adc.o
 .text.LL_ADC_SetChannelSingleDiff
                0x00000000081019f4       0x48 ./Drivers/STM32H7xx_HAL_Driver/stm32h7xx_hal_adc.o
 .text.LL_ADC_GetMultimode
                0x0000000008101a3c       0x1c ./Drivers/STM32H7xx_HAL_Driver/stm32h7xx_hal_adc.o
 .text.LL_ADC_GetMultiDMATransfer
                0x0000000008101a58       0x1c ./Drivers/STM32H7xx_HAL_Driver/stm32h7xx_hal_adc.o
 .text.LL_ADC_DisableDeepPowerDown
                0x0000000008101a74       0x24 ./Drivers/STM32H7xx_HAL_Driver/stm32h7xx_hal_adc.o
 .text.LL_ADC_IsDeepPowerDownEnabled
                0x0000000008101a98       0x28 ./Drivers/STM32H7xx_HAL_Driver/stm32h7xx_hal_adc.o
 .text.LL_ADC_EnableInternalRegulator
                0x0000000008101ac0       0x28 ./Drivers/STM32H7xx_HAL_Driver/stm32h7xx_hal_adc.o
 .text.LL_ADC_IsInternalRegulatorEnabled
                0x0000000008101ae8       0x28 ./Drivers/STM32H7xx_HAL_Driver/stm32h7xx_hal_adc.o
 .text.LL_ADC_Enable
                0x0000000008101b10       0x28 ./Drivers/STM32H7xx_HAL_Driver/stm32h7xx_hal_adc.o
 .text.LL_ADC_Disable
                0x0000000008101b38       0x28 ./Drivers/STM32H7xx_HAL_Driver/stm32h7xx_hal_adc.o
 .text.LL_ADC_IsEnabled
                0x0000000008101b60       0x26 ./Drivers/STM32H7xx_HAL_Driver/stm32h7xx_hal_adc.o
 .text.LL_ADC_IsDisableOngoing
                0x0000000008101b86       0x26 ./Drivers/STM32H7xx_HAL_Driver/stm32h7xx_hal_adc.o
 .text.LL_ADC_REG_StartConversion
                0x0000000008101bac       0x28 ./Drivers/STM32H7xx_HAL_Driver/stm32h7xx_hal_adc.o
 .text.LL_ADC_REG_StopConversion
                0x0000000008101bd4       0x28 ./Drivers/STM32H7xx_HAL_Driver/stm32h7xx_hal_adc.o
 .text.LL_ADC_REG_IsConversionOngoing
                0x0000000008101bfc       0x26 ./Drivers/STM32H7xx_HAL_Driver/stm32h7xx_hal_adc.o
 .text.LL_ADC_INJ_StopConversion
                0x0000000008101c22       0x28 ./Drivers/STM32H7xx_HAL_Driver/stm32h7xx_hal_adc.o
 .text.LL_ADC_INJ_IsConversionOngoing
                0x0000000008101c4a       0x26 ./Drivers/STM32H7xx_HAL_Driver/stm32h7xx_hal_adc.o
 .text.HAL_ADC_Init
                0x0000000008101c70      0x340 ./Drivers/STM32H7xx_HAL_Driver/stm32h7xx_hal_adc.o
                0x0000000008101c70                HAL_ADC_Init
 .text.HAL_ADC_Start_DMA
                0x0000000008101fb0      0x188 ./Drivers/STM32H7xx_HAL_Driver/stm32h7xx_hal_adc.o
                0x0000000008101fb0                HAL_ADC_Start_DMA
 .text.HAL_ADC_Stop_DMA
                0x0000000008102138       0xc2 ./Drivers/STM32H7xx_HAL_Driver/stm32h7xx_hal_adc.o
                0x0000000008102138                HAL_ADC_Stop_DMA
 *fill*         0x00000000081021fa        0x2 
 .text.HAL_ADC_IRQHandler
                0x00000000081021fc      0x474 ./Drivers/STM32H7xx_HAL_Driver/stm32h7xx_hal_adc.o
                0x00000000081021fc                HAL_ADC_IRQHandler
 .text.HAL_ADC_LevelOutOfWindowCallback
                0x0000000008102670       0x14 ./Drivers/STM32H7xx_HAL_Driver/stm32h7xx_hal_adc.o
                0x0000000008102670                HAL_ADC_LevelOutOfWindowCallback
 .text.HAL_ADC_ConfigChannel
                0x0000000008102684      0x6a0 ./Drivers/STM32H7xx_HAL_Driver/stm32h7xx_hal_adc.o
                0x0000000008102684                HAL_ADC_ConfigChannel
 .text.ADC_ConversionStop
                0x0000000008102d24      0x178 ./Drivers/STM32H7xx_HAL_Driver/stm32h7xx_hal_adc.o
                0x0000000008102d24                ADC_ConversionStop
 .text.ADC_Enable
                0x0000000008102e9c      0x114 ./Drivers/STM32H7xx_HAL_Driver/stm32h7xx_hal_adc.o
                0x0000000008102e9c                ADC_Enable
 .text.ADC_Disable
                0x0000000008102fb0       0xbe ./Drivers/STM32H7xx_HAL_Driver/stm32h7xx_hal_adc.o
                0x0000000008102fb0                ADC_Disable
 .text.ADC_DMAConvCplt
                0x000000000810306e       0xd8 ./Drivers/STM32H7xx_HAL_Driver/stm32h7xx_hal_adc.o
                0x000000000810306e                ADC_DMAConvCplt
 .text.ADC_DMAHalfConvCplt
                0x0000000008103146       0x1c ./Drivers/STM32H7xx_HAL_Driver/stm32h7xx_hal_adc.o
                0x0000000008103146                ADC_DMAHalfConvCplt
 .text.ADC_DMAError
                0x0000000008103162       0x34 ./Drivers/STM32H7xx_HAL_Driver/stm32h7xx_hal_adc.o
                0x0000000008103162                ADC_DMAError
 *fill*         0x0000000008103196        0x2 
 .text.ADC_ConfigureBoostMode
                0x0000000008103198      0x214 ./Drivers/STM32H7xx_HAL_Driver/stm32h7xx_hal_adc.o
                0x0000000008103198                ADC_ConfigureBoostMode
 .text.LL_ADC_IsEnabled
                0x00000000081033ac       0x26 ./Drivers/STM32H7xx_HAL_Driver/stm32h7xx_hal_adc_ex.o
 *fill*         0x00000000081033d2        0x2 
 .text.LL_ADC_StartCalibration
                0x00000000081033d4       0x3c ./Drivers/STM32H7xx_HAL_Driver/stm32h7xx_hal_adc_ex.o
 .text.LL_ADC_IsCalibrationOnGoing
                0x0000000008103410       0x28 ./Drivers/STM32H7xx_HAL_Driver/stm32h7xx_hal_adc_ex.o
 .text.LL_ADC_REG_IsConversionOngoing
                0x0000000008103438       0x26 ./Drivers/STM32H7xx_HAL_Driver/stm32h7xx_hal_adc_ex.o
 *fill*         0x000000000810345e        0x2 
 .text.HAL_ADCEx_Calibration_Start
                0x0000000008103460       0xc8 ./Drivers/STM32H7xx_HAL_Driver/stm32h7xx_hal_adc_ex.o
                0x0000000008103460                HAL_ADCEx_Calibration_Start
 .text.HAL_ADCEx_InjectedConvCpltCallback
                0x0000000008103528       0x14 ./Drivers/STM32H7xx_HAL_Driver/stm32h7xx_hal_adc_ex.o
                0x0000000008103528                HAL_ADCEx_InjectedConvCpltCallback
 .text.HAL_ADCEx_InjectedQueueOverflowCallback
                0x000000000810353c       0x14 ./Drivers/STM32H7xx_HAL_Driver/stm32h7xx_hal_adc_ex.o
                0x000000000810353c                HAL_ADCEx_InjectedQueueOverflowCallback
 .text.HAL_ADCEx_LevelOutOfWindow2Callback
                0x0000000008103550       0x14 ./Drivers/STM32H7xx_HAL_Driver/stm32h7xx_hal_adc_ex.o
                0x0000000008103550                HAL_ADCEx_LevelOutOfWindow2Callback
 .text.HAL_ADCEx_LevelOutOfWindow3Callback
                0x0000000008103564       0x14 ./Drivers/STM32H7xx_HAL_Driver/stm32h7xx_hal_adc_ex.o
                0x0000000008103564                HAL_ADCEx_LevelOutOfWindow3Callback
 .text.HAL_ADCEx_EndOfSamplingCallback
                0x0000000008103578       0x14 ./Drivers/STM32H7xx_HAL_Driver/stm32h7xx_hal_adc_ex.o
                0x0000000008103578                HAL_ADCEx_EndOfSamplingCallback
 .text.HAL_ADCEx_MultiModeConfigChannel
                0x000000000810358c      0x1c4 ./Drivers/STM32H7xx_HAL_Driver/stm32h7xx_hal_adc_ex.o
                0x000000000810358c                HAL_ADCEx_MultiModeConfigChannel
 .text.__NVIC_SetPriorityGrouping
                0x0000000008103750       0x48 ./Drivers/STM32H7xx_HAL_Driver/stm32h7xx_hal_cortex.o
 .text.__NVIC_GetPriorityGrouping
                0x0000000008103798       0x1c ./Drivers/STM32H7xx_HAL_Driver/stm32h7xx_hal_cortex.o
 .text.__NVIC_EnableIRQ
                0x00000000081037b4       0x3c ./Drivers/STM32H7xx_HAL_Driver/stm32h7xx_hal_cortex.o
 .text.__NVIC_SetPriority
                0x00000000081037f0       0x54 ./Drivers/STM32H7xx_HAL_Driver/stm32h7xx_hal_cortex.o
 .text.NVIC_EncodePriority
                0x0000000008103844       0x66 ./Drivers/STM32H7xx_HAL_Driver/stm32h7xx_hal_cortex.o
 .text.HAL_NVIC_SetPriorityGrouping
                0x00000000081038aa       0x16 ./Drivers/STM32H7xx_HAL_Driver/stm32h7xx_hal_cortex.o
                0x00000000081038aa                HAL_NVIC_SetPriorityGrouping
 .text.HAL_NVIC_SetPriority
                0x00000000081038c0       0x34 ./Drivers/STM32H7xx_HAL_Driver/stm32h7xx_hal_cortex.o
                0x00000000081038c0                HAL_NVIC_SetPriority
 .text.HAL_NVIC_EnableIRQ
                0x00000000081038f4       0x1c ./Drivers/STM32H7xx_HAL_Driver/stm32h7xx_hal_cortex.o
                0x00000000081038f4                HAL_NVIC_EnableIRQ
 .text.HAL_GetCurrentCPUID
                0x0000000008103910       0x28 ./Drivers/STM32H7xx_HAL_Driver/stm32h7xx_hal_cortex.o
                0x0000000008103910                HAL_GetCurrentCPUID
 .text.HAL_DMA_Init
                0x0000000008103938      0x6b4 ./Drivers/STM32H7xx_HAL_Driver/stm32h7xx_hal_dma.o
                0x0000000008103938                HAL_DMA_Init
 .text.HAL_DMA_Start_IT
                0x0000000008103fec      0x4d4 ./Drivers/STM32H7xx_HAL_Driver/stm32h7xx_hal_dma.o
                0x0000000008103fec                HAL_DMA_Start_IT
 .text.HAL_DMA_Abort
                0x00000000081044c0      0x63c ./Drivers/STM32H7xx_HAL_Driver/stm32h7xx_hal_dma.o
                0x00000000081044c0                HAL_DMA_Abort
 .text.HAL_DMA_Abort_IT
                0x0000000008104afc      0x488 ./Drivers/STM32H7xx_HAL_Driver/stm32h7xx_hal_dma.o
                0x0000000008104afc                HAL_DMA_Abort_IT
 .text.HAL_DMA_IRQHandler
                0x0000000008104f84      0xe54 ./Drivers/STM32H7xx_HAL_Driver/stm32h7xx_hal_dma.o
                0x0000000008104f84                HAL_DMA_IRQHandler
 .text.DMA_SetConfig
                0x0000000008105dd8      0x358 ./Drivers/STM32H7xx_HAL_Driver/stm32h7xx_hal_dma.o
 .text.DMA_CalcBaseAndBitshift
                0x0000000008106130      0x164 ./Drivers/STM32H7xx_HAL_Driver/stm32h7xx_hal_dma.o
 .text.DMA_CheckFifoParam
                0x0000000008106294       0xf8 ./Drivers/STM32H7xx_HAL_Driver/stm32h7xx_hal_dma.o
 .text.DMA_CalcDMAMUXChannelBaseAndMask
                0x000000000810638c      0x134 ./Drivers/STM32H7xx_HAL_Driver/stm32h7xx_hal_dma.o
 .text.DMA_CalcDMAMUXRequestGenBaseAndMask
                0x00000000081064c0       0xe8 ./Drivers/STM32H7xx_HAL_Driver/stm32h7xx_hal_dma.o
 .text.HAL_GPIO_Init
                0x00000000081065a8      0x360 ./Drivers/STM32H7xx_HAL_Driver/stm32h7xx_hal_gpio.o
                0x00000000081065a8                HAL_GPIO_Init
 .text.HAL_GPIO_WritePin
                0x0000000008106908       0x32 ./Drivers/STM32H7xx_HAL_Driver/stm32h7xx_hal_gpio.o
                0x0000000008106908                HAL_GPIO_WritePin
 .text.HAL_GPIO_TogglePin
                0x000000000810693a       0x34 ./Drivers/STM32H7xx_HAL_Driver/stm32h7xx_hal_gpio.o
                0x000000000810693a                HAL_GPIO_TogglePin
 *fill*         0x000000000810696e        0x2 
 .text.HAL_HSEM_ActivateNotification
                0x0000000008106970       0x24 ./Drivers/STM32H7xx_HAL_Driver/stm32h7xx_hal_hsem.o
                0x0000000008106970                HAL_HSEM_ActivateNotification
 .text.HAL_PWREx_EnterSTOPMode
                0x0000000008106994       0xf4 ./Drivers/STM32H7xx_HAL_Driver/stm32h7xx_hal_pwr_ex.o
                0x0000000008106994                HAL_PWREx_EnterSTOPMode
 .text.HAL_PWREx_ClearPendingEvent
                0x0000000008106a88       0x1a ./Drivers/STM32H7xx_HAL_Driver/stm32h7xx_hal_pwr_ex.o
                0x0000000008106a88                HAL_PWREx_ClearPendingEvent
 *fill*         0x0000000008106aa2        0x2 
 .text.HAL_RCC_GetSysClockFreq
                0x0000000008106aa4      0x2f4 ./Drivers/STM32H7xx_HAL_Driver/stm32h7xx_hal_rcc.o
                0x0000000008106aa4                HAL_RCC_GetSysClockFreq
 .text.HAL_RCC_GetHCLKFreq
                0x0000000008106d98       0x64 ./Drivers/STM32H7xx_HAL_Driver/stm32h7xx_hal_rcc.o
                0x0000000008106d98                HAL_RCC_GetHCLKFreq
 .text.HAL_RCC_GetPCLK1Freq
                0x0000000008106dfc       0x2c ./Drivers/STM32H7xx_HAL_Driver/stm32h7xx_hal_rcc.o
                0x0000000008106dfc                HAL_RCC_GetPCLK1Freq
 .text.HAL_RCC_GetPCLK2Freq
                0x0000000008106e28       0x2c ./Drivers/STM32H7xx_HAL_Driver/stm32h7xx_hal_rcc.o
                0x0000000008106e28                HAL_RCC_GetPCLK2Freq
 .text.HAL_RCC_GetClockConfig
                0x0000000008106e54       0x84 ./Drivers/STM32H7xx_HAL_Driver/stm32h7xx_hal_rcc.o
                0x0000000008106e54                HAL_RCC_GetClockConfig
 .text.HAL_RCCEx_PeriphCLKConfig
                0x0000000008106ed8      0xe80 ./Drivers/STM32H7xx_HAL_Driver/stm32h7xx_hal_rcc_ex.o
                0x0000000008106ed8                HAL_RCCEx_PeriphCLKConfig
 .text.HAL_RCCEx_GetPeriphCLKFreq
                0x0000000008107d58      0x9a4 ./Drivers/STM32H7xx_HAL_Driver/stm32h7xx_hal_rcc_ex.o
                0x0000000008107d58                HAL_RCCEx_GetPeriphCLKFreq
 .text.HAL_RCCEx_GetD3PCLK1Freq
                0x00000000081086fc       0x2c ./Drivers/STM32H7xx_HAL_Driver/stm32h7xx_hal_rcc_ex.o
                0x00000000081086fc                HAL_RCCEx_GetD3PCLK1Freq
 .text.HAL_RCCEx_GetPLL2ClockFreq
                0x0000000008108728      0x2a8 ./Drivers/STM32H7xx_HAL_Driver/stm32h7xx_hal_rcc_ex.o
                0x0000000008108728                HAL_RCCEx_GetPLL2ClockFreq
 .text.HAL_RCCEx_GetPLL3ClockFreq
                0x00000000081089d0      0x2a8 ./Drivers/STM32H7xx_HAL_Driver/stm32h7xx_hal_rcc_ex.o
                0x00000000081089d0                HAL_RCCEx_GetPLL3ClockFreq
 .text.HAL_RCCEx_GetPLL1ClockFreq
                0x0000000008108c78      0x2a4 ./Drivers/STM32H7xx_HAL_Driver/stm32h7xx_hal_rcc_ex.o
                0x0000000008108c78                HAL_RCCEx_GetPLL1ClockFreq
 .text.RCCEx_PLL2_Config
                0x0000000008108f1c      0x164 ./Drivers/STM32H7xx_HAL_Driver/stm32h7xx_hal_rcc_ex.o
 .text.RCCEx_PLL3_Config
                0x0000000008109080      0x164 ./Drivers/STM32H7xx_HAL_Driver/stm32h7xx_hal_rcc_ex.o
 .text.HAL_TIM_Base_Init
                0x00000000081091e4       0xae ./Drivers/STM32H7xx_HAL_Driver/stm32h7xx_hal_tim.o
                0x00000000081091e4                HAL_TIM_Base_Init
 *fill*         0x0000000008109292        0x2 
 .text.HAL_TIM_Base_Start
                0x0000000008109294       0xd0 ./Drivers/STM32H7xx_HAL_Driver/stm32h7xx_hal_tim.o
                0x0000000008109294                HAL_TIM_Base_Start
 .text.HAL_TIM_Base_Stop
                0x0000000008109364       0x4e ./Drivers/STM32H7xx_HAL_Driver/stm32h7xx_hal_tim.o
                0x0000000008109364                HAL_TIM_Base_Stop
 *fill*         0x00000000081093b2        0x2 
 .text.HAL_TIM_Base_Start_IT
                0x00000000081093b4       0xe0 ./Drivers/STM32H7xx_HAL_Driver/stm32h7xx_hal_tim.o
                0x00000000081093b4                HAL_TIM_Base_Start_IT
 .text.HAL_TIM_IRQHandler
                0x0000000008109494      0x23e ./Drivers/STM32H7xx_HAL_Driver/stm32h7xx_hal_tim.o
                0x0000000008109494                HAL_TIM_IRQHandler
 *fill*         0x00000000081096d2        0x2 
 .text.HAL_TIM_ConfigClockSource
                0x00000000081096d4      0x1e8 ./Drivers/STM32H7xx_HAL_Driver/stm32h7xx_hal_tim.o
                0x00000000081096d4                HAL_TIM_ConfigClockSource
 .text.HAL_TIM_OC_DelayElapsedCallback
                0x00000000081098bc       0x14 ./Drivers/STM32H7xx_HAL_Driver/stm32h7xx_hal_tim.o
                0x00000000081098bc                HAL_TIM_OC_DelayElapsedCallback
 .text.HAL_TIM_IC_CaptureCallback
                0x00000000081098d0       0x14 ./Drivers/STM32H7xx_HAL_Driver/stm32h7xx_hal_tim.o
                0x00000000081098d0                HAL_TIM_IC_CaptureCallback
 .text.HAL_TIM_PWM_PulseFinishedCallback
                0x00000000081098e4       0x14 ./Drivers/STM32H7xx_HAL_Driver/stm32h7xx_hal_tim.o
                0x00000000081098e4                HAL_TIM_PWM_PulseFinishedCallback
 .text.HAL_TIM_TriggerCallback
                0x00000000081098f8       0x14 ./Drivers/STM32H7xx_HAL_Driver/stm32h7xx_hal_tim.o
                0x00000000081098f8                HAL_TIM_TriggerCallback
 .text.TIM_Base_SetConfig
                0x000000000810990c      0x134 ./Drivers/STM32H7xx_HAL_Driver/stm32h7xx_hal_tim.o
                0x000000000810990c                TIM_Base_SetConfig
 .text.TIM_TI1_ConfigInputStage
                0x0000000008109a40       0x5e ./Drivers/STM32H7xx_HAL_Driver/stm32h7xx_hal_tim.o
 .text.TIM_TI2_ConfigInputStage
                0x0000000008109a9e       0x60 ./Drivers/STM32H7xx_HAL_Driver/stm32h7xx_hal_tim.o
 .text.TIM_ITRx_SetConfig
                0x0000000008109afe       0x3a ./Drivers/STM32H7xx_HAL_Driver/stm32h7xx_hal_tim.o
 .text.TIM_ETR_SetConfig
                0x0000000008109b38       0x40 ./Drivers/STM32H7xx_HAL_Driver/stm32h7xx_hal_tim.o
                0x0000000008109b38                TIM_ETR_SetConfig
 .text.HAL_TIMEx_MasterConfigSynchronization
                0x0000000008109b78      0x110 ./Drivers/STM32H7xx_HAL_Driver/stm32h7xx_hal_tim_ex.o
                0x0000000008109b78                HAL_TIMEx_MasterConfigSynchronization
 .text.HAL_TIMEx_CommutCallback
                0x0000000008109c88       0x14 ./Drivers/STM32H7xx_HAL_Driver/stm32h7xx_hal_tim_ex.o
                0x0000000008109c88                HAL_TIMEx_CommutCallback
 .text.HAL_TIMEx_BreakCallback
                0x0000000008109c9c       0x14 ./Drivers/STM32H7xx_HAL_Driver/stm32h7xx_hal_tim_ex.o
                0x0000000008109c9c                HAL_TIMEx_BreakCallback
 .text.HAL_TIMEx_Break2Callback
                0x0000000008109cb0       0x14 ./Drivers/STM32H7xx_HAL_Driver/stm32h7xx_hal_tim_ex.o
                0x0000000008109cb0                HAL_TIMEx_Break2Callback
 .text.HAL_UART_Init
                0x0000000008109cc4       0xa0 ./Drivers/STM32H7xx_HAL_Driver/stm32h7xx_hal_uart.o
                0x0000000008109cc4                HAL_UART_Init
 .text.HAL_UART_Transmit_DMA
                0x0000000008109d64      0x100 ./Drivers/STM32H7xx_HAL_Driver/stm32h7xx_hal_uart.o
                0x0000000008109d64                HAL_UART_Transmit_DMA
 .text.HAL_UART_IRQHandler
                0x0000000008109e64      0x574 ./Drivers/STM32H7xx_HAL_Driver/stm32h7xx_hal_uart.o
                0x0000000008109e64                HAL_UART_IRQHandler
 .text.HAL_UART_TxHalfCpltCallback
                0x000000000810a3d8       0x14 ./Drivers/STM32H7xx_HAL_Driver/stm32h7xx_hal_uart.o
                0x000000000810a3d8                HAL_UART_TxHalfCpltCallback
 .text.HAL_UART_ErrorCallback
                0x000000000810a3ec       0x14 ./Drivers/STM32H7xx_HAL_Driver/stm32h7xx_hal_uart.o
                0x000000000810a3ec                HAL_UART_ErrorCallback
 .text.HAL_UARTEx_RxEventCallback
                0x000000000810a400       0x18 ./Drivers/STM32H7xx_HAL_Driver/stm32h7xx_hal_uart.o
                0x000000000810a400                HAL_UARTEx_RxEventCallback
 .text.UART_SetConfig
                0x000000000810a418      0xac0 ./Drivers/STM32H7xx_HAL_Driver/stm32h7xx_hal_uart.o
                0x000000000810a418                UART_SetConfig
 .text.UART_AdvFeatureConfig
                0x000000000810aed8      0x144 ./Drivers/STM32H7xx_HAL_Driver/stm32h7xx_hal_uart.o
                0x000000000810aed8                UART_AdvFeatureConfig
 .text.UART_CheckIdleState
                0x000000000810b01c       0x96 ./Drivers/STM32H7xx_HAL_Driver/stm32h7xx_hal_uart.o
                0x000000000810b01c                UART_CheckIdleState
 .text.UART_WaitOnFlagUntilTimeout
                0x000000000810b0b2      0x100 ./Drivers/STM32H7xx_HAL_Driver/stm32h7xx_hal_uart.o
                0x000000000810b0b2                UART_WaitOnFlagUntilTimeout
 .text.UART_EndTxTransfer
                0x000000000810b1b2       0x3c ./Drivers/STM32H7xx_HAL_Driver/stm32h7xx_hal_uart.o
 .text.UART_EndRxTransfer
                0x000000000810b1ee       0x64 ./Drivers/STM32H7xx_HAL_Driver/stm32h7xx_hal_uart.o
 .text.UART_DMATransmitCplt
                0x000000000810b252       0x50 ./Drivers/STM32H7xx_HAL_Driver/stm32h7xx_hal_uart.o
 .text.UART_DMATxHalfCplt
                0x000000000810b2a2       0x1c ./Drivers/STM32H7xx_HAL_Driver/stm32h7xx_hal_uart.o
 .text.UART_DMAError
                0x000000000810b2be       0x80 ./Drivers/STM32H7xx_HAL_Driver/stm32h7xx_hal_uart.o
 .text.UART_DMAAbortOnError
                0x000000000810b33e       0x2c ./Drivers/STM32H7xx_HAL_Driver/stm32h7xx_hal_uart.o
 .text.UART_EndTransmit_IT
                0x000000000810b36a       0x34 ./Drivers/STM32H7xx_HAL_Driver/stm32h7xx_hal_uart.o
 .text.HAL_UARTEx_WakeupCallback
                0x000000000810b39e       0x14 ./Drivers/STM32H7xx_HAL_Driver/stm32h7xx_hal_uart_ex.o
                0x000000000810b39e                HAL_UARTEx_WakeupCallback
 .text.HAL_UARTEx_RxFifoFullCallback
                0x000000000810b3b2       0x14 ./Drivers/STM32H7xx_HAL_Driver/stm32h7xx_hal_uart_ex.o
                0x000000000810b3b2                HAL_UARTEx_RxFifoFullCallback
 .text.HAL_UARTEx_TxFifoEmptyCallback
                0x000000000810b3c6       0x14 ./Drivers/STM32H7xx_HAL_Driver/stm32h7xx_hal_uart_ex.o
                0x000000000810b3c6                HAL_UARTEx_TxFifoEmptyCallback
 .text.HAL_UARTEx_DisableFifoMode
                0x000000000810b3da       0x72 ./Drivers/STM32H7xx_HAL_Driver/stm32h7xx_hal_uart_ex.o
                0x000000000810b3da                HAL_UARTEx_DisableFifoMode
 .text.HAL_UARTEx_SetTxFifoThreshold
                0x000000000810b44c       0x7c ./Drivers/STM32H7xx_HAL_Driver/stm32h7xx_hal_uart_ex.o
                0x000000000810b44c                HAL_UARTEx_SetTxFifoThreshold
 .text.HAL_UARTEx_SetRxFifoThreshold
                0x000000000810b4c8       0x7c ./Drivers/STM32H7xx_HAL_Driver/stm32h7xx_hal_uart_ex.o
                0x000000000810b4c8                HAL_UARTEx_SetRxFifoThreshold
 .text.UARTEx_SetNbDataToProcess
                0x000000000810b544       0x9c ./Drivers/STM32H7xx_HAL_Driver/stm32h7xx_hal_uart_ex.o
 .text.__NVIC_SetPriority
                0x000000000810b5e0       0x54 ./Middlewares/Third_Party/FreeRTOS/cmsis_os2.o
 .text.SysTick_Handler
                0x000000000810b634       0x20 ./Middlewares/Third_Party/FreeRTOS/cmsis_os2.o
                0x000000000810b634                SysTick_Handler
 .text.SVC_Setup
                0x000000000810b654       0x12 ./Middlewares/Third_Party/FreeRTOS/cmsis_os2.o
 *fill*         0x000000000810b666        0x2 
 .text.osKernelInitialize
                0x000000000810b668       0x48 ./Middlewares/Third_Party/FreeRTOS/cmsis_os2.o
                0x000000000810b668                osKernelInitialize
 .text.osKernelStart
                0x000000000810b6b0       0x4c ./Middlewares/Third_Party/FreeRTOS/cmsis_os2.o
                0x000000000810b6b0                osKernelStart
 .text.osThreadNew
                0x000000000810b6fc      0x126 ./Middlewares/Third_Party/FreeRTOS/cmsis_os2.o
                0x000000000810b6fc                osThreadNew
 *fill*         0x000000000810b822        0x2 
 .text.osThreadFlagsSet
                0x000000000810b824       0x9c ./Middlewares/Third_Party/FreeRTOS/cmsis_os2.o
                0x000000000810b824                osThreadFlagsSet
 .text.osThreadFlagsWait
                0x000000000810b8c0      0x102 ./Middlewares/Third_Party/FreeRTOS/cmsis_os2.o
                0x000000000810b8c0                osThreadFlagsWait
 .text.osDelay  0x000000000810b9c2       0x36 ./Middlewares/Third_Party/FreeRTOS/cmsis_os2.o
                0x000000000810b9c2                osDelay
 .text.osMessageQueueNew
                0x000000000810b9f8       0xe6 ./Middlewares/Third_Party/FreeRTOS/cmsis_os2.o
                0x000000000810b9f8                osMessageQueueNew
 *fill*         0x000000000810bade        0x2 
 .text.osMessageQueuePut
                0x000000000810bae0       0xc0 ./Middlewares/Third_Party/FreeRTOS/cmsis_os2.o
                0x000000000810bae0                osMessageQueuePut
 .text.osMessageQueueGet
                0x000000000810bba0       0xbc ./Middlewares/Third_Party/FreeRTOS/cmsis_os2.o
                0x000000000810bba0                osMessageQueueGet
 .text.osMemoryPoolNew
                0x000000000810bc5c      0x1ac ./Middlewares/Third_Party/FreeRTOS/cmsis_os2.o
                0x000000000810bc5c                osMemoryPoolNew
 .text.osMemoryPoolAlloc
                0x000000000810be08       0xec ./Middlewares/Third_Party/FreeRTOS/cmsis_os2.o
                0x000000000810be08                osMemoryPoolAlloc
 .text.osMemoryPoolFree
                0x000000000810bef4      0x130 ./Middlewares/Third_Party/FreeRTOS/cmsis_os2.o
                0x000000000810bef4                osMemoryPoolFree
 .text.CreateBlock
                0x000000000810c024       0x44 ./Middlewares/Third_Party/FreeRTOS/cmsis_os2.o
 .text.AllocBlock
                0x000000000810c068       0x30 ./Middlewares/Third_Party/FreeRTOS/cmsis_os2.o
 .text.FreeBlock
                0x000000000810c098       0x28 ./Middlewares/Third_Party/FreeRTOS/cmsis_os2.o
 .text.vApplicationGetIdleTaskMemory
                0x000000000810c0c0       0x34 ./Middlewares/Third_Party/FreeRTOS/cmsis_os2.o
                0x000000000810c0c0                vApplicationGetIdleTaskMemory
 .text.vApplicationGetTimerTaskMemory
                0x000000000810c0f4       0x34 ./Middlewares/Third_Party/FreeRTOS/cmsis_os2.o
                0x000000000810c0f4                vApplicationGetTimerTaskMemory
 .text.pvPortMalloc
                0x000000000810c128      0x198 ./Middlewares/Third_Party/FreeRTOS/heap_4.o
                0x000000000810c128                pvPortMalloc
 .text.vPortFree
                0x000000000810c2c0       0xc4 ./Middlewares/Third_Party/FreeRTOS/heap_4.o
                0x000000000810c2c0                vPortFree
 .text.prvHeapInit
                0x000000000810c384       0xc4 ./Middlewares/Third_Party/FreeRTOS/heap_4.o
 .text.prvInsertBlockIntoFreeList
                0x000000000810c448       0xb4 ./Middlewares/Third_Party/FreeRTOS/heap_4.o
 .text.vListInitialise
                0x000000000810c4fc       0x40 ./Middlewares/Third_Party/FreeRTOS/list.o
                0x000000000810c4fc                vListInitialise
 .text.vListInitialiseItem
                0x000000000810c53c       0x1a ./Middlewares/Third_Party/FreeRTOS/list.o
                0x000000000810c53c                vListInitialiseItem
 .text.vListInsertEnd
                0x000000000810c556       0x48 ./Middlewares/Third_Party/FreeRTOS/list.o
                0x000000000810c556                vListInsertEnd
 .text.vListInsert
                0x000000000810c59e       0x72 ./Middlewares/Third_Party/FreeRTOS/list.o
                0x000000000810c59e                vListInsert
 .text.uxListRemove
                0x000000000810c610       0x54 ./Middlewares/Third_Party/FreeRTOS/list.o
                0x000000000810c610                uxListRemove
 .text.pxPortInitialiseStack
                0x000000000810c664       0x68 ./Middlewares/Third_Party/FreeRTOS/port.o
                0x000000000810c664                pxPortInitialiseStack
 .text.prvTaskExitError
                0x000000000810c6cc       0x58 ./Middlewares/Third_Party/FreeRTOS/port.o
 *fill*         0x000000000810c724        0xc 
 .text.SVC_Handler
                0x000000000810c730       0x28 ./Middlewares/Third_Party/FreeRTOS/port.o
                0x000000000810c730                SVC_Handler
 .text.prvPortStartFirstTask
                0x000000000810c758       0x28 ./Middlewares/Third_Party/FreeRTOS/port.o
 .text.xPortStartScheduler
                0x000000000810c780      0x144 ./Middlewares/Third_Party/FreeRTOS/port.o
                0x000000000810c780                xPortStartScheduler
 .text.vPortEnterCritical
                0x000000000810c8c4       0x60 ./Middlewares/Third_Party/FreeRTOS/port.o
                0x000000000810c8c4                vPortEnterCritical
 .text.vPortExitCritical
                0x000000000810c924       0x54 ./Middlewares/Third_Party/FreeRTOS/port.o
                0x000000000810c924                vPortExitCritical
 *fill*         0x000000000810c978        0x8 
 .text.PendSV_Handler
                0x000000000810c980       0x68 ./Middlewares/Third_Party/FreeRTOS/port.o
                0x000000000810c980                PendSV_Handler
 .text.xPortSysTickHandler
                0x000000000810c9e8       0x44 ./Middlewares/Third_Party/FreeRTOS/port.o
                0x000000000810c9e8                xPortSysTickHandler
 .text.vPortSetupTimerInterrupt
                0x000000000810ca2c       0x48 ./Middlewares/Third_Party/FreeRTOS/port.o
                0x000000000810ca2c                vPortSetupTimerInterrupt
 .text.vPortEnableVFP
                0x000000000810ca74       0x14 ./Middlewares/Third_Party/FreeRTOS/port.o
 .text.vPortValidateInterruptPriority
                0x000000000810ca88       0x80 ./Middlewares/Third_Party/FreeRTOS/port.o
                0x000000000810ca88                vPortValidateInterruptPriority
 .text.xQueueGenericReset
                0x000000000810cb08       0xd0 ./Middlewares/Third_Party/FreeRTOS/queue.o
                0x000000000810cb08                xQueueGenericReset
 .text.xQueueGenericCreateStatic
                0x000000000810cbd8       0xf0 ./Middlewares/Third_Party/FreeRTOS/queue.o
                0x000000000810cbd8                xQueueGenericCreateStatic
 .text.xQueueGenericCreate
                0x000000000810ccc8       0x74 ./Middlewares/Third_Party/FreeRTOS/queue.o
                0x000000000810ccc8                xQueueGenericCreate
 .text.prvInitialiseNewQueue
                0x000000000810cd3c       0x46 ./Middlewares/Third_Party/FreeRTOS/queue.o
 .text.xQueueCreateCountingSemaphoreStatic
                0x000000000810cd82       0x6e ./Middlewares/Third_Party/FreeRTOS/queue.o
                0x000000000810cd82                xQueueCreateCountingSemaphoreStatic
 .text.xQueueGenericSend
                0x000000000810cdf0      0x1fc ./Middlewares/Third_Party/FreeRTOS/queue.o
                0x000000000810cdf0                xQueueGenericSend
 .text.xQueueGenericSendFromISR
                0x000000000810cfec      0x136 ./Middlewares/Third_Party/FreeRTOS/queue.o
                0x000000000810cfec                xQueueGenericSendFromISR
 .text.xQueueGiveFromISR
                0x000000000810d122      0x11a ./Middlewares/Third_Party/FreeRTOS/queue.o
                0x000000000810d122                xQueueGiveFromISR
 .text.xQueueReceive
                0x000000000810d23c      0x1c0 ./Middlewares/Third_Party/FreeRTOS/queue.o
                0x000000000810d23c                xQueueReceive
 .text.xQueueSemaphoreTake
                0x000000000810d3fc      0x218 ./Middlewares/Third_Party/FreeRTOS/queue.o
                0x000000000810d3fc                xQueueSemaphoreTake
 .text.xQueueReceiveFromISR
                0x000000000810d614      0x100 ./Middlewares/Third_Party/FreeRTOS/queue.o
                0x000000000810d614                xQueueReceiveFromISR
 .text.uxQueueMessagesWaiting
                0x000000000810d714       0x3c ./Middlewares/Third_Party/FreeRTOS/queue.o
                0x000000000810d714                uxQueueMessagesWaiting
 .text.uxQueueMessagesWaitingFromISR
                0x000000000810d750       0x3c ./Middlewares/Third_Party/FreeRTOS/queue.o
                0x000000000810d750                uxQueueMessagesWaitingFromISR
 .text.prvGetDisinheritPriorityAfterTimeout
                0x000000000810d78c       0x30 ./Middlewares/Third_Party/FreeRTOS/queue.o
 .text.prvCopyDataToQueue
                0x000000000810d7bc       0xd4 ./Middlewares/Third_Party/FreeRTOS/queue.o
 .text.prvCopyDataFromQueue
                0x000000000810d890       0x4c ./Middlewares/Third_Party/FreeRTOS/queue.o
 .text.prvUnlockQueue
                0x000000000810d8dc       0xa4 ./Middlewares/Third_Party/FreeRTOS/queue.o
 .text.prvIsQueueEmpty
                0x000000000810d980       0x2c ./Middlewares/Third_Party/FreeRTOS/queue.o
 .text.prvIsQueueFull
                0x000000000810d9ac       0x30 ./Middlewares/Third_Party/FreeRTOS/queue.o
 .text.vQueueAddToRegistry
                0x000000000810d9dc       0x54 ./Middlewares/Third_Party/FreeRTOS/queue.o
                0x000000000810d9dc                vQueueAddToRegistry
 .text.vQueueWaitForMessageRestricted
                0x000000000810da30       0x68 ./Middlewares/Third_Party/FreeRTOS/queue.o
                0x000000000810da30                vQueueWaitForMessageRestricted
 .text.xTaskCreateStatic
                0x000000000810da98       0xba ./Middlewares/Third_Party/FreeRTOS/tasks.o
                0x000000000810da98                xTaskCreateStatic
 .text.xTaskCreate
                0x000000000810db52       0x8a ./Middlewares/Third_Party/FreeRTOS/tasks.o
                0x000000000810db52                xTaskCreate
 .text.prvInitialiseNewTask
                0x000000000810dbdc      0x14c ./Middlewares/Third_Party/FreeRTOS/tasks.o
 .text.prvAddNewTaskToReadyList
                0x000000000810dd28       0xe0 ./Middlewares/Third_Party/FreeRTOS/tasks.o
 .text.vTaskDelay
                0x000000000810de08       0x68 ./Middlewares/Third_Party/FreeRTOS/tasks.o
                0x000000000810de08                vTaskDelay
 .text.vTaskStartScheduler
                0x000000000810de70       0xe0 ./Middlewares/Third_Party/FreeRTOS/tasks.o
                0x000000000810de70                vTaskStartScheduler
 .text.vTaskSuspendAll
                0x000000000810df50       0x1c ./Middlewares/Third_Party/FreeRTOS/tasks.o
                0x000000000810df50                vTaskSuspendAll
 .text.xTaskResumeAll
                0x000000000810df6c      0x13c ./Middlewares/Third_Party/FreeRTOS/tasks.o
                0x000000000810df6c                xTaskResumeAll
 .text.xTaskGetTickCount
                0x000000000810e0a8       0x20 ./Middlewares/Third_Party/FreeRTOS/tasks.o
                0x000000000810e0a8                xTaskGetTickCount
 .text.xTaskIncrementTick
                0x000000000810e0c8      0x174 ./Middlewares/Third_Party/FreeRTOS/tasks.o
                0x000000000810e0c8                xTaskIncrementTick
 .text.vTaskSwitchContext
                0x000000000810e23c       0xc8 ./Middlewares/Third_Party/FreeRTOS/tasks.o
                0x000000000810e23c                vTaskSwitchContext
 .text.vTaskPlaceOnEventList
                0x000000000810e304       0x48 ./Middlewares/Third_Party/FreeRTOS/tasks.o
                0x000000000810e304                vTaskPlaceOnEventList
 .text.vTaskPlaceOnEventListRestricted
                0x000000000810e34c       0x58 ./Middlewares/Third_Party/FreeRTOS/tasks.o
                0x000000000810e34c                vTaskPlaceOnEventListRestricted
 .text.xTaskRemoveFromEventList
                0x000000000810e3a4       0xc8 ./Middlewares/Third_Party/FreeRTOS/tasks.o
                0x000000000810e3a4                xTaskRemoveFromEventList
 .text.vTaskInternalSetTimeOutState
                0x000000000810e46c       0x2c ./Middlewares/Third_Party/FreeRTOS/tasks.o
                0x000000000810e46c                vTaskInternalSetTimeOutState
 .text.xTaskCheckForTimeOut
                0x000000000810e498       0xc4 ./Middlewares/Third_Party/FreeRTOS/tasks.o
                0x000000000810e498                xTaskCheckForTimeOut
 .text.vTaskMissedYield
                0x000000000810e55c       0x18 ./Middlewares/Third_Party/FreeRTOS/tasks.o
                0x000000000810e55c                vTaskMissedYield
 .text.prvIdleTask
                0x000000000810e574       0x30 ./Middlewares/Third_Party/FreeRTOS/tasks.o
 .text.prvInitialiseTaskLists
                0x000000000810e5a4       0x80 ./Middlewares/Third_Party/FreeRTOS/tasks.o
 .text.prvCheckTasksWaitingTermination
                0x000000000810e624       0x5c ./Middlewares/Third_Party/FreeRTOS/tasks.o
 .text.prvDeleteTCB
                0x000000000810e680       0x68 ./Middlewares/Third_Party/FreeRTOS/tasks.o
 .text.prvResetNextTaskUnblockTime
                0x000000000810e6e8       0x40 ./Middlewares/Third_Party/FreeRTOS/tasks.o
 .text.xTaskGetSchedulerState
                0x000000000810e728       0x3c ./Middlewares/Third_Party/FreeRTOS/tasks.o
                0x000000000810e728                xTaskGetSchedulerState
 .text.xTaskPriorityInherit
                0x000000000810e764       0xd0 ./Middlewares/Third_Party/FreeRTOS/tasks.o
                0x000000000810e764                xTaskPriorityInherit
 .text.xTaskPriorityDisinherit
                0x000000000810e834       0xdc ./Middlewares/Third_Party/FreeRTOS/tasks.o
                0x000000000810e834                xTaskPriorityDisinherit
 .text.vTaskPriorityDisinheritAfterTimeout
                0x000000000810e910      0x104 ./Middlewares/Third_Party/FreeRTOS/tasks.o
                0x000000000810e910                vTaskPriorityDisinheritAfterTimeout
 .text.pvTaskIncrementMutexHeldCount
                0x000000000810ea14       0x28 ./Middlewares/Third_Party/FreeRTOS/tasks.o
                0x000000000810ea14                pvTaskIncrementMutexHeldCount
 .text.xTaskNotifyWait
                0x000000000810ea3c       0xc0 ./Middlewares/Third_Party/FreeRTOS/tasks.o
                0x000000000810ea3c                xTaskNotifyWait
 .text.xTaskGenericNotify
                0x000000000810eafc      0x17c ./Middlewares/Third_Party/FreeRTOS/tasks.o
                0x000000000810eafc                xTaskGenericNotify
 .text.xTaskGenericNotifyFromISR
                0x000000000810ec78      0x1c8 ./Middlewares/Third_Party/FreeRTOS/tasks.o
                0x000000000810ec78                xTaskGenericNotifyFromISR
 .text.prvAddCurrentTaskToDelayedList
                0x000000000810ee40       0xa8 ./Middlewares/Third_Party/FreeRTOS/tasks.o
 .text.xTimerCreateTimerTask
                0x000000000810eee8       0x90 ./Middlewares/Third_Party/FreeRTOS/timers.o
                0x000000000810eee8                xTimerCreateTimerTask
 .text.xTimerGenericCommand
                0x000000000810ef78       0x9c ./Middlewares/Third_Party/FreeRTOS/timers.o
                0x000000000810ef78                xTimerGenericCommand
 .text.prvProcessExpiredTimer
                0x000000000810f014       0x98 ./Middlewares/Third_Party/FreeRTOS/timers.o
 .text.prvTimerTask
                0x000000000810f0ac       0x24 ./Middlewares/Third_Party/FreeRTOS/timers.o
 .text.prvProcessTimerOrBlockTask
                0x000000000810f0d0       0x9c ./Middlewares/Third_Party/FreeRTOS/timers.o
 .text.prvGetNextExpireTime
                0x000000000810f16c       0x48 ./Middlewares/Third_Party/FreeRTOS/timers.o
 .text.prvSampleTimeNow
                0x000000000810f1b4       0x40 ./Middlewares/Third_Party/FreeRTOS/timers.o
 .text.prvInsertTimerInActiveList
                0x000000000810f1f4       0x84 ./Middlewares/Third_Party/FreeRTOS/timers.o
 .text.prvProcessReceivedCommands
                0x000000000810f278      0x1c4 ./Middlewares/Third_Party/FreeRTOS/timers.o
 .text.prvSwitchTimerLists
                0x000000000810f43c       0xc8 ./Middlewares/Third_Party/FreeRTOS/timers.o
 .text.prvCheckForValidListAndQueue
                0x000000000810f504       0x80 ./Middlewares/Third_Party/FreeRTOS/timers.o
 .text.__errno  0x000000000810f584        0xc c:/st/stm32cubeide_1.7.0/stm32cubeide/plugins/com.st.stm32cube.ide.mcu.externaltools.gnu-tools-for-stm32.9-2020-q2-update.win32_2.0.0.202105311346/tools/bin/../lib/gcc/arm-none-eabi/9.3.1/../../../../arm-none-eabi/lib/thumb/v7e-m+fp/hard\libc_nano.a(lib_a-errno.o)
                0x000000000810f584                __errno
 .text.__libc_init_array
                0x000000000810f590       0x48 c:/st/stm32cubeide_1.7.0/stm32cubeide/plugins/com.st.stm32cube.ide.mcu.externaltools.gnu-tools-for-stm32.9-2020-q2-update.win32_2.0.0.202105311346/tools/bin/../lib/gcc/arm-none-eabi/9.3.1/../../../../arm-none-eabi/lib/thumb/v7e-m+fp/hard\libc_nano.a(lib_a-init.o)
                0x000000000810f590                __libc_init_array
 .text.__retarget_lock_acquire_recursive
                0x000000000810f5d8        0x2 c:/st/stm32cubeide_1.7.0/stm32cubeide/plugins/com.st.stm32cube.ide.mcu.externaltools.gnu-tools-for-stm32.9-2020-q2-update.win32_2.0.0.202105311346/tools/bin/../lib/gcc/arm-none-eabi/9.3.1/../../../../arm-none-eabi/lib/thumb/v7e-m+fp/hard\libc_nano.a(lib_a-lock.o)
                0x000000000810f5d8                __retarget_lock_acquire_recursive
 .text.__retarget_lock_release_recursive
                0x000000000810f5da        0x2 c:/st/stm32cubeide_1.7.0/stm32cubeide/plugins/com.st.stm32cube.ide.mcu.externaltools.gnu-tools-for-stm32.9-2020-q2-update.win32_2.0.0.202105311346/tools/bin/../lib/gcc/arm-none-eabi/9.3.1/../../../../arm-none-eabi/lib/thumb/v7e-m+fp/hard\libc_nano.a(lib_a-lock.o)
                0x000000000810f5da                __retarget_lock_release_recursive
 .text.memcpy   0x000000000810f5dc       0x1c c:/st/stm32cubeide_1.7.0/stm32cubeide/plugins/com.st.stm32cube.ide.mcu.externaltools.gnu-tools-for-stm32.9-2020-q2-update.win32_2.0.0.202105311346/tools/bin/../lib/gcc/arm-none-eabi/9.3.1/../../../../arm-none-eabi/lib/thumb/v7e-m+fp/hard\libc_nano.a(lib_a-memcpy-stub.o)
                0x000000000810f5dc                memcpy
 .text.memset   0x000000000810f5f8       0x10 c:/st/stm32cubeide_1.7.0/stm32cubeide/plugins/com.st.stm32cube.ide.mcu.externaltools.gnu-tools-for-stm32.9-2020-q2-update.win32_2.0.0.202105311346/tools/bin/../lib/gcc/arm-none-eabi/9.3.1/../../../../arm-none-eabi/lib/thumb/v7e-m+fp/hard\libc_nano.a(lib_a-memset.o)
                0x000000000810f5f8                memset
 .text._malloc_r
                0x000000000810f608       0xb4 c:/st/stm32cubeide_1.7.0/stm32cubeide/plugins/com.st.stm32cube.ide.mcu.externaltools.gnu-tools-for-stm32.9-2020-q2-update.win32_2.0.0.202105311346/tools/bin/../lib/gcc/arm-none-eabi/9.3.1/../../../../arm-none-eabi/lib/thumb/v7e-m+fp/hard\libc_nano.a(lib_a-nano-mallocr.o)
                0x000000000810f608                _malloc_r
 .text.cleanup_glue
                0x000000000810f6bc       0x1a c:/st/stm32cubeide_1.7.0/stm32cubeide/plugins/com.st.stm32cube.ide.mcu.externaltools.gnu-tools-for-stm32.9-2020-q2-update.win32_2.0.0.202105311346/tools/bin/../lib/gcc/arm-none-eabi/9.3.1/../../../../arm-none-eabi/lib/thumb/v7e-m+fp/hard\libc_nano.a(lib_a-reent.o)
                0x000000000810f6bc                cleanup_glue
 *fill*         0x000000000810f6d6        0x2 
 .text._reclaim_reent
                0x000000000810f6d8       0xb8 c:/st/stm32cubeide_1.7.0/stm32cubeide/plugins/com.st.stm32cube.ide.mcu.externaltools.gnu-tools-for-stm32.9-2020-q2-update.win32_2.0.0.202105311346/tools/bin/../lib/gcc/arm-none-eabi/9.3.1/../../../../arm-none-eabi/lib/thumb/v7e-m+fp/hard\libc_nano.a(lib_a-reent.o)
                0x000000000810f6d8                _reclaim_reent
 .text._sbrk_r  0x000000000810f790       0x20 c:/st/stm32cubeide_1.7.0/stm32cubeide/plugins/com.st.stm32cube.ide.mcu.externaltools.gnu-tools-for-stm32.9-2020-q2-update.win32_2.0.0.202105311346/tools/bin/../lib/gcc/arm-none-eabi/9.3.1/../../../../arm-none-eabi/lib/thumb/v7e-m+fp/hard\libc_nano.a(lib_a-sbrkr.o)
                0x000000000810f790                _sbrk_r
 .text._vsnprintf_r
                0x000000000810f7b0       0x58 c:/st/stm32cubeide_1.7.0/stm32cubeide/plugins/com.st.stm32cube.ide.mcu.externaltools.gnu-tools-for-stm32.9-2020-q2-update.win32_2.0.0.202105311346/tools/bin/../lib/gcc/arm-none-eabi/9.3.1/../../../../arm-none-eabi/lib/thumb/v7e-m+fp/hard\libc_nano.a(lib_a-vsnprintf.o)
                0x000000000810f7b0                _vsniprintf_r
                0x000000000810f7b0                _vsnprintf_r
 .text.vsnprintf
                0x000000000810f808       0x1c c:/st/stm32cubeide_1.7.0/stm32cubeide/plugins/com.st.stm32cube.ide.mcu.externaltools.gnu-tools-for-stm32.9-2020-q2-update.win32_2.0.0.202105311346/tools/bin/../lib/gcc/arm-none-eabi/9.3.1/../../../../arm-none-eabi/lib/thumb/v7e-m+fp/hard\libc_nano.a(lib_a-vsnprintf.o)
                0x000000000810f808                vsniprintf
                0x000000000810f808                vsnprintf
 .text.__malloc_lock
                0x000000000810f824        0xc c:/st/stm32cubeide_1.7.0/stm32cubeide/plugins/com.st.stm32cube.ide.mcu.externaltools.gnu-tools-for-stm32.9-2020-q2-update.win32_2.0.0.202105311346/tools/bin/../lib/gcc/arm-none-eabi/9.3.1/../../../../arm-none-eabi/lib/thumb/v7e-m+fp/hard\libc_nano.a(lib_a-mlock.o)
                0x000000000810f824                __malloc_lock
 .text.__malloc_unlock
                0x000000000810f830        0xc c:/st/stm32cubeide_1.7.0/stm32cubeide/plugins/com.st.stm32cube.ide.mcu.externaltools.gnu-tools-for-stm32.9-2020-q2-update.win32_2.0.0.202105311346/tools/bin/../lib/gcc/arm-none-eabi/9.3.1/../../../../arm-none-eabi/lib/thumb/v7e-m+fp/hard\libc_nano.a(lib_a-mlock.o)
                0x000000000810f830                __malloc_unlock
 .text._free_r  0x000000000810f83c       0xa0 c:/st/stm32cubeide_1.7.0/stm32cubeide/plugins/com.st.stm32cube.ide.mcu.externaltools.gnu-tools-for-stm32.9-2020-q2-update.win32_2.0.0.202105311346/tools/bin/../lib/gcc/arm-none-eabi/9.3.1/../../../../arm-none-eabi/lib/thumb/v7e-m+fp/hard\libc_nano.a(lib_a-nano-freer.o)
                0x000000000810f83c                _free_r
 .text.__ssputs_r
                0x000000000810f8dc       0xb6 c:/st/stm32cubeide_1.7.0/stm32cubeide/plugins/com.st.stm32cube.ide.mcu.externaltools.gnu-tools-for-stm32.9-2020-q2-update.win32_2.0.0.202105311346/tools/bin/../lib/gcc/arm-none-eabi/9.3.1/../../../../arm-none-eabi/lib/thumb/v7e-m+fp/hard\libc_nano.a(lib_a-nano-svfprintf.o)
                0x000000000810f8dc                __ssputs_r
 *fill*         0x000000000810f992        0x2 
 .text._svfprintf_r
                0x000000000810f994      0x200 c:/st/stm32cubeide_1.7.0/stm32cubeide/plugins/com.st.stm32cube.ide.mcu.externaltools.gnu-tools-for-stm32.9-2020-q2-update.win32_2.0.0.202105311346/tools/bin/../lib/gcc/arm-none-eabi/9.3.1/../../../../arm-none-eabi/lib/thumb/v7e-m+fp/hard\libc_nano.a(lib_a-nano-svfprintf.o)
                0x000000000810f994                _svfiprintf_r
                0x000000000810f994                _svfprintf_r
 .text._printf_common
                0x000000000810fb94       0xda c:/st/stm32cubeide_1.7.0/stm32cubeide/plugins/com.st.stm32cube.ide.mcu.externaltools.gnu-tools-for-stm32.9-2020-q2-update.win32_2.0.0.202105311346/tools/bin/../lib/gcc/arm-none-eabi/9.3.1/../../../../arm-none-eabi/lib/thumb/v7e-m+fp/hard\libc_nano.a(lib_a-nano-vfprintf_i.o)
                0x000000000810fb94                _printf_common
 *fill*         0x000000000810fc6e        0x2 
 .text._printf_i
                0x000000000810fc70      0x24c c:/st/stm32cubeide_1.7.0/stm32cubeide/plugins/com.st.stm32cube.ide.mcu.externaltools.gnu-tools-for-stm32.9-2020-q2-update.win32_2.0.0.202105311346/tools/bin/../lib/gcc/arm-none-eabi/9.3.1/../../../../arm-none-eabi/lib/thumb/v7e-m+fp/hard\libc_nano.a(lib_a-nano-vfprintf_i.o)
                0x000000000810fc70                _printf_i
 .text.memmove  0x000000000810febc       0x34 c:/st/stm32cubeide_1.7.0/stm32cubeide/plugins/com.st.stm32cube.ide.mcu.externaltools.gnu-tools-for-stm32.9-2020-q2-update.win32_2.0.0.202105311346/tools/bin/../lib/gcc/arm-none-eabi/9.3.1/../../../../arm-none-eabi/lib/thumb/v7e-m+fp/hard\libc_nano.a(lib_a-memmove.o)
                0x000000000810febc                memmove
 .text._realloc_r
                0x000000000810fef0       0x4c c:/st/stm32cubeide_1.7.0/stm32cubeide/plugins/com.st.stm32cube.ide.mcu.externaltools.gnu-tools-for-stm32.9-2020-q2-update.win32_2.0.0.202105311346/tools/bin/../lib/gcc/arm-none-eabi/9.3.1/../../../../arm-none-eabi/lib/thumb/v7e-m+fp/hard\libc_nano.a(lib_a-nano-reallocr.o)
                0x000000000810fef0                _realloc_r
 .text._malloc_usable_size_r
                0x000000000810ff3c       0x10 c:/st/stm32cubeide_1.7.0/stm32cubeide/plugins/com.st.stm32cube.ide.mcu.externaltools.gnu-tools-for-stm32.9-2020-q2-update.win32_2.0.0.202105311346/tools/bin/../lib/gcc/arm-none-eabi/9.3.1/../../../../arm-none-eabi/lib/thumb/v7e-m+fp/hard\libc_nano.a(lib_a-nano-msizer.o)
                0x000000000810ff3c                _malloc_usable_size_r
 *(.glue_7)
 .glue_7        0x000000000810ff4c        0x0 linker stubs
 *(.glue_7t)
 .glue_7t       0x000000000810ff4c        0x0 linker stubs
 *(.eh_frame)
 .eh_frame      0x000000000810ff4c        0x0 c:/st/stm32cubeide_1.7.0/stm32cubeide/plugins/com.st.stm32cube.ide.mcu.externaltools.gnu-tools-for-stm32.9-2020-q2-update.win32_2.0.0.202105311346/tools/bin/../lib/gcc/arm-none-eabi/9.3.1/thumb/v7e-m+fp/hard/crtbegin.o
 *(.init)
 .init          0x000000000810ff4c        0x4 c:/st/stm32cubeide_1.7.0/stm32cubeide/plugins/com.st.stm32cube.ide.mcu.externaltools.gnu-tools-for-stm32.9-2020-q2-update.win32_2.0.0.202105311346/tools/bin/../lib/gcc/arm-none-eabi/9.3.1/thumb/v7e-m+fp/hard/crti.o
                0x000000000810ff4c                _init
 .init          0x000000000810ff50        0x8 c:/st/stm32cubeide_1.7.0/stm32cubeide/plugins/com.st.stm32cube.ide.mcu.externaltools.gnu-tools-for-stm32.9-2020-q2-update.win32_2.0.0.202105311346/tools/bin/../lib/gcc/arm-none-eabi/9.3.1/thumb/v7e-m+fp/hard/crtn.o
 *(.fini)
 .fini          0x000000000810ff58        0x4 c:/st/stm32cubeide_1.7.0/stm32cubeide/plugins/com.st.stm32cube.ide.mcu.externaltools.gnu-tools-for-stm32.9-2020-q2-update.win32_2.0.0.202105311346/tools/bin/../lib/gcc/arm-none-eabi/9.3.1/thumb/v7e-m+fp/hard/crti.o
                0x000000000810ff58                _fini
 .fini          0x000000000810ff5c        0x8 c:/st/stm32cubeide_1.7.0/stm32cubeide/plugins/com.st.stm32cube.ide.mcu.externaltools.gnu-tools-for-stm32.9-2020-q2-update.win32_2.0.0.202105311346/tools/bin/../lib/gcc/arm-none-eabi/9.3.1/thumb/v7e-m+fp/hard/crtn.o
                0x000000000810ff64                . = ALIGN (0x4)
                0x000000000810ff64                _etext = .

.vfp11_veneer   0x000000000810ff64        0x0
 .vfp11_veneer  0x000000000810ff64        0x0 linker stubs

.v4_bx          0x000000000810ff64        0x0
 .v4_bx         0x000000000810ff64        0x0 linker stubs

.iplt           0x000000000810ff64        0x0
 .iplt          0x000000000810ff64        0x0 c:/st/stm32cubeide_1.7.0/stm32cubeide/plugins/com.st.stm32cube.ide.mcu.externaltools.gnu-tools-for-stm32.9-2020-q2-update.win32_2.0.0.202105311346/tools/bin/../lib/gcc/arm-none-eabi/9.3.1/thumb/v7e-m+fp/hard/crtbegin.o

.rodata         0x000000000810ff64      0x3d8
                0x000000000810ff64                . = ALIGN (0x4)
 *(.rodata)
 .rodata        0x000000000810ff64        0xc ./Core/Src/freertos.o
 .rodata        0x000000000810ff70      0x215 ./Core_App_CM4/ADC_app.o
 *fill*         0x0000000008110185        0x3 
 .rodata        0x0000000008110188       0x40 ./Core_App_CM4/App.o
 .rodata        0x00000000081101c8       0x61 ./Core_App_CM4/print_server.o
 *fill*         0x0000000008110229        0x3 
 .rodata        0x000000000811022c        0x5 ./Middlewares/Third_Party/FreeRTOS/tasks.o
 *fill*         0x0000000008110231        0x3 
 .rodata        0x0000000008110234        0xd ./Middlewares/Third_Party/FreeRTOS/timers.o
 *(.rodata*)
 *fill*         0x0000000008110241        0x3 
 .rodata.D1CorePrescTable
                0x0000000008110244       0x10 ./Common/Src/system_stm32h7xx_dualcore_boot_cm4_cm7.o
                0x0000000008110244                D1CorePrescTable
 .rodata.defaultTask_attributes
                0x0000000008110254       0x24 ./Core/Src/freertos.o
                0x0000000008110254                defaultTask_attributes
 .rodata.flagBitshiftOffset.11882
                0x0000000008110278        0x8 ./Drivers/STM32H7xx_HAL_Driver/stm32h7xx_hal_dma.o
 .rodata.UARTPrescTable
                0x0000000008110280       0x18 ./Drivers/STM32H7xx_HAL_Driver/stm32h7xx_hal_uart.o
                0x0000000008110280                UARTPrescTable
 .rodata.numerator.11837
                0x0000000008110298        0x8 ./Drivers/STM32H7xx_HAL_Driver/stm32h7xx_hal_uart_ex.o
 .rodata.denominator.11838
                0x00000000081102a0        0x8 ./Drivers/STM32H7xx_HAL_Driver/stm32h7xx_hal_uart_ex.o
 .rodata.__sf_fake_stderr
                0x00000000081102a8       0x20 c:/st/stm32cubeide_1.7.0/stm32cubeide/plugins/com.st.stm32cube.ide.mcu.externaltools.gnu-tools-for-stm32.9-2020-q2-update.win32_2.0.0.202105311346/tools/bin/../lib/gcc/arm-none-eabi/9.3.1/../../../../arm-none-eabi/lib/thumb/v7e-m+fp/hard\libc_nano.a(lib_a-findfp.o)
                0x00000000081102a8                __sf_fake_stderr
 .rodata.__sf_fake_stdin
                0x00000000081102c8       0x20 c:/st/stm32cubeide_1.7.0/stm32cubeide/plugins/com.st.stm32cube.ide.mcu.externaltools.gnu-tools-for-stm32.9-2020-q2-update.win32_2.0.0.202105311346/tools/bin/../lib/gcc/arm-none-eabi/9.3.1/../../../../arm-none-eabi/lib/thumb/v7e-m+fp/hard\libc_nano.a(lib_a-findfp.o)
                0x00000000081102c8                __sf_fake_stdin
 .rodata.__sf_fake_stdout
                0x00000000081102e8       0x20 c:/st/stm32cubeide_1.7.0/stm32cubeide/plugins/com.st.stm32cube.ide.mcu.externaltools.gnu-tools-for-stm32.9-2020-q2-update.win32_2.0.0.202105311346/tools/bin/../lib/gcc/arm-none-eabi/9.3.1/../../../../arm-none-eabi/lib/thumb/v7e-m+fp/hard\libc_nano.a(lib_a-findfp.o)
                0x00000000081102e8                __sf_fake_stdout
 .rodata._svfprintf_r.str1.1
                0x0000000008110308       0x11 c:/st/stm32cubeide_1.7.0/stm32cubeide/plugins/com.st.stm32cube.ide.mcu.externaltools.gnu-tools-for-stm32.9-2020-q2-update.win32_2.0.0.202105311346/tools/bin/../lib/gcc/arm-none-eabi/9.3.1/../../../../arm-none-eabi/lib/thumb/v7e-m+fp/hard\libc_nano.a(lib_a-nano-svfprintf.o)
 .rodata._printf_i.str1.1
                0x0000000008110319       0x22 c:/st/stm32cubeide_1.7.0/stm32cubeide/plugins/com.st.stm32cube.ide.mcu.externaltools.gnu-tools-for-stm32.9-2020-q2-update.win32_2.0.0.202105311346/tools/bin/../lib/gcc/arm-none-eabi/9.3.1/../../../../arm-none-eabi/lib/thumb/v7e-m+fp/hard\libc_nano.a(lib_a-nano-vfprintf_i.o)
                0x000000000811033c                . = ALIGN (0x4)
 *fill*         0x000000000811033b        0x1 

.ARM.extab
 *(.ARM.extab* .gnu.linkonce.armextab.*)

.ARM            0x000000000811033c        0x8
                0x000000000811033c                __exidx_start = .
 *(.ARM.exidx*)
 .ARM.exidx     0x000000000811033c        0x8 c:/st/stm32cubeide_1.7.0/stm32cubeide/plugins/com.st.stm32cube.ide.mcu.externaltools.gnu-tools-for-stm32.9-2020-q2-update.win32_2.0.0.202105311346/tools/bin/../lib/gcc/arm-none-eabi/9.3.1/thumb/v7e-m+fp/hard\libgcc.a(_udivmoddi4.o)
                0x0000000008110344                __exidx_end = .

.rel.dyn        0x0000000008110344        0x0
 .rel.iplt      0x0000000008110344        0x0 c:/st/stm32cubeide_1.7.0/stm32cubeide/plugins/com.st.stm32cube.ide.mcu.externaltools.gnu-tools-for-stm32.9-2020-q2-update.win32_2.0.0.202105311346/tools/bin/../lib/gcc/arm-none-eabi/9.3.1/thumb/v7e-m+fp/hard/crtbegin.o

.preinit_array  0x0000000008110344        0x0
                0x0000000008110344                PROVIDE (__preinit_array_start = .)
 *(.preinit_array*)
                0x0000000008110344                PROVIDE (__preinit_array_end = .)

.init_array     0x0000000008110344        0x4
                0x0000000008110344                PROVIDE (__init_array_start = .)
 *(SORT_BY_NAME(.init_array.*))
 *(.init_array*)
 .init_array    0x0000000008110344        0x4 c:/st/stm32cubeide_1.7.0/stm32cubeide/plugins/com.st.stm32cube.ide.mcu.externaltools.gnu-tools-for-stm32.9-2020-q2-update.win32_2.0.0.202105311346/tools/bin/../lib/gcc/arm-none-eabi/9.3.1/thumb/v7e-m+fp/hard/crtbegin.o
                0x0000000008110348                PROVIDE (__init_array_end = .)

.fini_array     0x0000000008110348        0x4
                [!provide]                        PROVIDE (__fini_array_start = .)
 *(SORT_BY_NAME(.fini_array.*))
 *(.fini_array*)
 .fini_array    0x0000000008110348        0x4 c:/st/stm32cubeide_1.7.0/stm32cubeide/plugins/com.st.stm32cube.ide.mcu.externaltools.gnu-tools-for-stm32.9-2020-q2-update.win32_2.0.0.202105311346/tools/bin/../lib/gcc/arm-none-eabi/9.3.1/thumb/v7e-m+fp/hard/crtbegin.o
                [!provide]                        PROVIDE (__fini_array_end = .)
                0x000000000811034c                _sidata = LOADADDR (.data)

.data           0x0000000010000000       0x80 load address 0x000000000811034c
                0x0000000010000000                . = ALIGN (0x4)
                0x0000000010000000                _sdata = .
 *(.data)
 *(.data*)
 .data.SystemCoreClock
                0x0000000010000000        0x4 ./Common/Src/system_stm32h7xx_dualcore_boot_cm4_cm7.o
                0x0000000010000000                SystemCoreClock
 .data.SystemD2Clock
                0x0000000010000004        0x4 ./Common/Src/system_stm32h7xx_dualcore_boot_cm4_cm7.o
                0x0000000010000004                SystemD2Clock
 .data.adcPointer
                0x0000000010000008        0x4 ./Core_App_CM4/ADC_app.o
                0x0000000010000008                adcPointer
 .data.timPointer
                0x000000001000000c        0x4 ./Core_App_CM4/ADC_app.o
                0x000000001000000c                timPointer
 .data.uwTickPrio
                0x0000000010000010        0x4 ./Drivers/STM32H7xx_HAL_Driver/stm32h7xx_hal.o
                0x0000000010000010                uwTickPrio
 .data.uwTickFreq
                0x0000000010000014        0x1 ./Drivers/STM32H7xx_HAL_Driver/stm32h7xx_hal.o
                0x0000000010000014                uwTickFreq
 *fill*         0x0000000010000015        0x3 
 .data.uxCriticalNesting
                0x0000000010000018        0x4 ./Middlewares/Third_Party/FreeRTOS/port.o
 .data._impure_ptr
                0x000000001000001c        0x4 c:/st/stm32cubeide_1.7.0/stm32cubeide/plugins/com.st.stm32cube.ide.mcu.externaltools.gnu-tools-for-stm32.9-2020-q2-update.win32_2.0.0.202105311346/tools/bin/../lib/gcc/arm-none-eabi/9.3.1/../../../../arm-none-eabi/lib/thumb/v7e-m+fp/hard\libc_nano.a(lib_a-impure.o)
                0x000000001000001c                _impure_ptr
 .data.impure_data
                0x0000000010000020       0x60 c:/st/stm32cubeide_1.7.0/stm32cubeide/plugins/com.st.stm32cube.ide.mcu.externaltools.gnu-tools-for-stm32.9-2020-q2-update.win32_2.0.0.202105311346/tools/bin/../lib/gcc/arm-none-eabi/9.3.1/../../../../arm-none-eabi/lib/thumb/v7e-m+fp/hard\libc_nano.a(lib_a-impure.o)
 *(.RamFunc)
 *(.RamFunc*)
                0x0000000010000080                . = ALIGN (0x4)
                0x0000000010000080                _edata = .

.igot.plt       0x0000000010000080        0x0 load address 0x00000000081103cc
 .igot.plt      0x0000000010000080        0x0 c:/st/stm32cubeide_1.7.0/stm32cubeide/plugins/com.st.stm32cube.ide.mcu.externaltools.gnu-tools-for-stm32.9-2020-q2-update.win32_2.0.0.202105311346/tools/bin/../lib/gcc/arm-none-eabi/9.3.1/thumb/v7e-m+fp/hard/crtbegin.o
                0x0000000010000080                . = ALIGN (0x4)

.bss            0x0000000010000080    0x22a44 load address 0x00000000081103cc
                0x0000000010000080                _sbss = .
                0x0000000010000080                __bss_start__ = _sbss
 *(.bss)
 .bss           0x0000000010000080       0x1c c:/st/stm32cubeide_1.7.0/stm32cubeide/plugins/com.st.stm32cube.ide.mcu.externaltools.gnu-tools-for-stm32.9-2020-q2-update.win32_2.0.0.202105311346/tools/bin/../lib/gcc/arm-none-eabi/9.3.1/thumb/v7e-m+fp/hard/crtbegin.o
 *(.bss*)
 .bss.__sbrk_heap_end
                0x000000001000009c        0x4 ./Core/Src/sysmem.o
 .bss.double_1ch_conversion_data
                0x00000000100000a0    0x186a0 ./Core_App_CM4/ADC_app.o
 .bss.print_server_uart_handle_p
                0x0000000010018740        0x4 ./Core_App_CM4/print_server.o
                0x0000000010018740                print_server_uart_handle_p
 .bss.print_server_pool_id
                0x0000000010018744        0x4 ./Core_App_CM4/print_server.o
                0x0000000010018744                print_server_pool_id
 .bss.print_server_msg_qid
                0x0000000010018748        0x4 ./Core_App_CM4/print_server.o
                0x0000000010018748                print_server_msg_qid
 .bss.print_server_thread_id
                0x000000001001874c        0x4 ./Core_App_CM4/print_server.o
                0x000000001001874c                print_server_thread_id
 .bss.KernelState
                0x0000000010018750        0x4 ./Middlewares/Third_Party/FreeRTOS/cmsis_os2.o
 .bss.Idle_TCB.13533
                0x0000000010018754       0xcc ./Middlewares/Third_Party/FreeRTOS/cmsis_os2.o
 .bss.Idle_Stack.13534
                0x0000000010018820      0x400 ./Middlewares/Third_Party/FreeRTOS/cmsis_os2.o
 .bss.Timer_TCB.13540
                0x0000000010018c20       0xcc ./Middlewares/Third_Party/FreeRTOS/cmsis_os2.o
 .bss.Timer_Stack.13541
                0x0000000010018cec      0x800 ./Middlewares/Third_Party/FreeRTOS/cmsis_os2.o
 .bss.ucHeap    0x00000000100194ec     0x8ca0 ./Middlewares/Third_Party/FreeRTOS/heap_4.o
 .bss.xStart    0x000000001002218c        0x8 ./Middlewares/Third_Party/FreeRTOS/heap_4.o
 .bss.pxEnd     0x0000000010022194        0x4 ./Middlewares/Third_Party/FreeRTOS/heap_4.o
 .bss.xFreeBytesRemaining
                0x0000000010022198        0x4 ./Middlewares/Third_Party/FreeRTOS/heap_4.o
 .bss.xMinimumEverFreeBytesRemaining
                0x000000001002219c        0x4 ./Middlewares/Third_Party/FreeRTOS/heap_4.o
 .bss.xNumberOfSuccessfulAllocations
                0x00000000100221a0        0x4 ./Middlewares/Third_Party/FreeRTOS/heap_4.o
 .bss.xNumberOfSuccessfulFrees
                0x00000000100221a4        0x4 ./Middlewares/Third_Party/FreeRTOS/heap_4.o
 .bss.xBlockAllocatedBit
                0x00000000100221a8        0x4 ./Middlewares/Third_Party/FreeRTOS/heap_4.o
 .bss.ucMaxSysCallPriority
                0x00000000100221ac        0x1 ./Middlewares/Third_Party/FreeRTOS/port.o
 *fill*         0x00000000100221ad        0x3 
 .bss.ulMaxPRIGROUPValue
                0x00000000100221b0        0x4 ./Middlewares/Third_Party/FreeRTOS/port.o
 .bss.pxCurrentTCB
                0x00000000100221b4        0x4 ./Middlewares/Third_Party/FreeRTOS/tasks.o
                0x00000000100221b4                pxCurrentTCB
 .bss.pxReadyTasksLists
                0x00000000100221b8      0x460 ./Middlewares/Third_Party/FreeRTOS/tasks.o
 .bss.xDelayedTaskList1
                0x0000000010022618       0x14 ./Middlewares/Third_Party/FreeRTOS/tasks.o
 .bss.xDelayedTaskList2
                0x000000001002262c       0x14 ./Middlewares/Third_Party/FreeRTOS/tasks.o
 .bss.pxDelayedTaskList
                0x0000000010022640        0x4 ./Middlewares/Third_Party/FreeRTOS/tasks.o
 .bss.pxOverflowDelayedTaskList
                0x0000000010022644        0x4 ./Middlewares/Third_Party/FreeRTOS/tasks.o
 .bss.xPendingReadyList
                0x0000000010022648       0x14 ./Middlewares/Third_Party/FreeRTOS/tasks.o
 .bss.xTasksWaitingTermination
                0x000000001002265c       0x14 ./Middlewares/Third_Party/FreeRTOS/tasks.o
 .bss.uxDeletedTasksWaitingCleanUp
                0x0000000010022670        0x4 ./Middlewares/Third_Party/FreeRTOS/tasks.o
 .bss.xSuspendedTaskList
                0x0000000010022674       0x14 ./Middlewares/Third_Party/FreeRTOS/tasks.o
 .bss.uxCurrentNumberOfTasks
                0x0000000010022688        0x4 ./Middlewares/Third_Party/FreeRTOS/tasks.o
 .bss.xTickCount
                0x000000001002268c        0x4 ./Middlewares/Third_Party/FreeRTOS/tasks.o
 .bss.uxTopReadyPriority
                0x0000000010022690        0x4 ./Middlewares/Third_Party/FreeRTOS/tasks.o
 .bss.xSchedulerRunning
                0x0000000010022694        0x4 ./Middlewares/Third_Party/FreeRTOS/tasks.o
 .bss.xPendedTicks
                0x0000000010022698        0x4 ./Middlewares/Third_Party/FreeRTOS/tasks.o
 .bss.xYieldPending
                0x000000001002269c        0x4 ./Middlewares/Third_Party/FreeRTOS/tasks.o
 .bss.xNumOfOverflows
                0x00000000100226a0        0x4 ./Middlewares/Third_Party/FreeRTOS/tasks.o
 .bss.uxTaskNumber
                0x00000000100226a4        0x4 ./Middlewares/Third_Party/FreeRTOS/tasks.o
 .bss.xNextTaskUnblockTime
                0x00000000100226a8        0x4 ./Middlewares/Third_Party/FreeRTOS/tasks.o
 .bss.xIdleTaskHandle
                0x00000000100226ac        0x4 ./Middlewares/Third_Party/FreeRTOS/tasks.o
 .bss.uxSchedulerSuspended
                0x00000000100226b0        0x4 ./Middlewares/Third_Party/FreeRTOS/tasks.o
 .bss.xActiveTimerList1
                0x00000000100226b4       0x14 ./Middlewares/Third_Party/FreeRTOS/timers.o
 .bss.xActiveTimerList2
                0x00000000100226c8       0x14 ./Middlewares/Third_Party/FreeRTOS/timers.o
 .bss.pxCurrentTimerList
                0x00000000100226dc        0x4 ./Middlewares/Third_Party/FreeRTOS/timers.o
 .bss.pxOverflowTimerList
                0x00000000100226e0        0x4 ./Middlewares/Third_Party/FreeRTOS/timers.o
 .bss.xTimerQueue
                0x00000000100226e4        0x4 ./Middlewares/Third_Party/FreeRTOS/timers.o
 .bss.xTimerTaskHandle
                0x00000000100226e8        0x4 ./Middlewares/Third_Party/FreeRTOS/timers.o
 .bss.xLastTime.7010
                0x00000000100226ec        0x4 ./Middlewares/Third_Party/FreeRTOS/timers.o
 .bss.ucStaticTimerQueueStorage.7061
                0x00000000100226f0       0xa0 ./Middlewares/Third_Party/FreeRTOS/timers.o
 .bss.xStaticTimerQueue.7060
                0x0000000010022790       0x50 ./Middlewares/Third_Party/FreeRTOS/timers.o
 .bss.__malloc_free_list
                0x00000000100227e0        0x4 c:/st/stm32cubeide_1.7.0/stm32cubeide/plugins/com.st.stm32cube.ide.mcu.externaltools.gnu-tools-for-stm32.9-2020-q2-update.win32_2.0.0.202105311346/tools/bin/../lib/gcc/arm-none-eabi/9.3.1/../../../../arm-none-eabi/lib/thumb/v7e-m+fp/hard\libc_nano.a(lib_a-nano-mallocr.o)
                0x00000000100227e0                __malloc_free_list
 .bss.__malloc_sbrk_start
                0x00000000100227e4        0x4 c:/st/stm32cubeide_1.7.0/stm32cubeide/plugins/com.st.stm32cube.ide.mcu.externaltools.gnu-tools-for-stm32.9-2020-q2-update.win32_2.0.0.202105311346/tools/bin/../lib/gcc/arm-none-eabi/9.3.1/../../../../arm-none-eabi/lib/thumb/v7e-m+fp/hard\libc_nano.a(lib_a-nano-mallocr.o)
                0x00000000100227e4                __malloc_sbrk_start
 *(COMMON)
 COMMON         0x00000000100227e8       0xdc ./Core/Src/adc.o
                0x00000000100227e8                hadc1
                0x000000001002284c                hdma_adc1
 COMMON         0x00000000100228c4        0x8 ./Core/Src/freertos.o
                0x00000000100228c4                defaultTaskHandle
                0x00000000100228c8                adcMessageQueueId
 COMMON         0x00000000100228cc       0x4c ./Core/Src/stm32h7xx_hal_timebase_tim.o
                0x00000000100228cc                htim6
 COMMON         0x0000000010022918       0x4c ./Core/Src/tim.o
                0x0000000010022918                htim3
 COMMON         0x0000000010022964      0x108 ./Core/Src/usart.o
                0x0000000010022964                huart3
                0x00000000100229f4                hdma_usart3_tx
 COMMON         0x0000000010022a6c        0x1 ./Core_App_CM4/ADC_app.o